CIFAR-10 loaded: train=(50000, 32, 32, 3), test=(10000, 32, 32, 3)
CIFAR-10 loaded: train=(50000, 32, 32, 3), test=(10000, 32, 32, 3)
CIFAR-10 loaded: train=(50000, 32, 32, 3), test=(10000, 32, 32, 3)
[select] seed0 reuse cached diag GGN
[select] seed0 S=2048 backbone: zero-curv frac=0.000 leaves touched=4 diag[min,med,max]=[7.77e-04,9.63e-03,2.64e-01]
E0727 12:10:44.404639   62863 cuda_timer.cc:87] Delay kernel timed out: measured time has sub-optimal accuracy. There may be a missing warmup execution, please investigate in Nsight Systems.
E0727 12:10:44.624539   62872 cuda_timer.cc:87] Delay kernel timed out: measured time has sub-optimal accuracy. There may be a missing warmup execution, please investigate in Nsight Systems.
E0727 12:10:44.834541   62863 cuda_timer.cc:87] Delay kernel timed out: measured time has sub-optimal accuracy. There may be a missing warmup execution, please investigate in Nsight Systems.
E0727 12:10:45.035514   62865 cuda_timer.cc:87] Delay kernel timed out: measured time has sub-optimal accuracy. There may be a missing warmup execution, please investigate in Nsight Systems.
  [dense-ggn] 0/1024 (5s)
  [dense-ggn] 256/1024 (9s)
  [dense-ggn] 512/1024 (14s)
  [dense-ggn] 768/1024 (20s)
E0727 12:11:53.325498   62868 cuda_timer.cc:87] Delay kernel timed out: measured time has sub-optimal accuracy. There may be a missing warmup execution, please investigate in Nsight Systems.
E0727 12:11:53.782326   62863 cuda_timer.cc:87] Delay kernel timed out: measured time has sub-optimal accuracy. There may be a missing warmup execution, please investigate in Nsight Systems.
E0727 12:11:53.852173   62863 cuda_timer.cc:87] Delay kernel timed out: measured time has sub-optimal accuracy. There may be a missing warmup execution, please investigate in Nsight Systems.
E0727 12:11:53.978141   62865 cuda_timer.cc:87] Delay kernel timed out: measured time has sub-optimal accuracy. There may be a missing warmup execution, please investigate in Nsight Systems.
[posterior] seed0 S=2048: lam*=0.000716 (=lam_full 3.91) T*=0.073 valNLL=0.1674 valAcc=95.66 eig[min,max]=[3.00e-07,4.31e+00] (86s)
[sll-eval] seed0 cifar10 (id) n=10000 (87s)
[sll-eval] seed0 cifar100 (near) n=10000 (88s)
[sll-eval] seed0 tiny_imagenet (near) n=10000 (85s)
[sll-eval] seed0 mnist (far) n=10000 (88s)
E0727 12:21:34.902596   62872 cuda_timer.cc:87] Delay kernel timed out: measured time has sub-optimal accuracy. There may be a missing warmup execution, please investigate in Nsight Systems.
[sll-eval] seed0 svhn (far) n=26032 (224s)
E0727 12:22:26.736087   62871 cuda_timer.cc:87] Delay kernel timed out: measured time has sub-optimal accuracy. There may be a missing warmup execution, please investigate in Nsight Systems.
E0727 12:22:26.854997   62867 cuda_timer.cc:87] Delay kernel timed out: measured time has sub-optimal accuracy. There may be a missing warmup execution, please investigate in Nsight Systems.
E0727 12:22:27.108917   62869 cuda_timer.cc:87] Delay kernel timed out: measured time has sub-optimal accuracy. There may be a missing warmup execution, please investigate in Nsight Systems.
[sll-eval] seed0 textures (far) n=5640 (52s)
[sll-eval] seed0 places365 (far) n=10000 (86s)
[sll-eval] seed0 DONE acc=95.43 | Near AUROC 81.98 FPR95 76.25 | Far AUROC 89.35 FPR95 47.45
CIFAR-10 loaded: train=(50000, 32, 32, 3), test=(10000, 32, 32, 3)
  [diag-ggn] 0/1024 (2s)
  [diag-ggn] 256/1024 (5s)
  [diag-ggn] 512/1024 (10s)
  [diag-ggn] 768/1024 (13s)
[select] seed1 S=2048 backbone: zero-curv frac=0.000 leaves touched=3 diag[min,med,max]=[5.19e-04,1.22e-02,2.20e-01]
  [dense-ggn] 0/1024 (2s)
  [dense-ggn] 256/1024 (5s)
  [dense-ggn] 512/1024 (9s)
  [dense-ggn] 768/1024 (12s)
[posterior] seed1 S=2048: lam*=0.000701 (=lam_full 3.82) T*=0.081 valNLL=0.1990 valAcc=95.28 eig[min,max]=[1.85e-07,6.17e+00] (89s)
[sll-eval] seed1 cifar10 (id) n=10000 (87s)
[sll-eval] seed1 cifar100 (near) n=10000 (87s)
[sll-eval] seed1 tiny_imagenet (near) n=10000 (89s)
[sll-eval] seed1 mnist (far) n=10000 (85s)
[sll-eval] seed1 svhn (far) n=26032 (230s)
[sll-eval] seed1 textures (far) n=5640 (49s)
[sll-eval] seed1 places365 (far) n=10000 (87s)
[sll-eval] seed1 DONE acc=95.57 | Near AUROC 76.40 FPR95 86.42 | Far AUROC 83.29 FPR95 65.01
CIFAR-10 loaded: train=(50000, 32, 32, 3), test=(10000, 32, 32, 3)
  [diag-ggn] 0/1024 (2s)
  [diag-ggn] 256/1024 (5s)
  [diag-ggn] 512/1024 (8s)
  [diag-ggn] 768/1024 (11s)
[select] seed2 S=2048 backbone: zero-curv frac=0.000 leaves touched=6 diag[min,med,max]=[6.86e-04,7.35e-03,3.05e-01]
  [dense-ggn] 0/1024 (2s)
  [dense-ggn] 256/1024 (5s)
  [dense-ggn] 512/1024 (11s)
  [dense-ggn] 768/1024 (14s)
[posterior] seed2 S=2048: lam*=0.000571 (=lam_full 3.12) T*=0.075 valNLL=0.1815 valAcc=95.46 eig[min,max]=[5.93e-07,1.69e+00] (87s)
[sll-eval] seed2 cifar10 (id) n=10000 (86s)
[sll-eval] seed2 cifar100 (near) n=10000 (87s)
[sll-eval] seed2 tiny_imagenet (near) n=10000 (87s)
[sll-eval] seed2 mnist (far) n=10000 (89s)
[sll-eval] seed2 svhn (far) n=26032 (226s)
[sll-eval] seed2 textures (far) n=5640 (51s)
[sll-eval] seed2 places365 (far) n=10000 (87s)
[sll-eval] seed2 DONE acc=95.39 | Near AUROC 78.77 FPR95 79.44 | Far AUROC 86.67 FPR95 55.79
[run] ALL SEEDS DONE
