CIFAR-10 loaded: train=(50000, 32, 32, 3), test=(10000, 32, 32, 3)
Solving ridge regression (iterative, delta-reg=0.001)...
Solving ridge regression (iterative, delta-reg=0.001)...
Solving ridge regression (iterative, delta-reg=0.001)...
Solving ridge regression (iterative, delta-reg=0.001)...
Solving ridge regression (iterative, delta-reg=0.001)...
Solving ridge regression (iterative, delta-reg=0.001)...
Solving ridge regression (iterative, delta-reg=0.001)...
Solving ridge regression (iterative, delta-reg=0.001)...
Solving ridge regression (iterative, delta-reg=0.001)...
Solving ridge regression (iterative, delta-reg=0.001)...
Solving ridge regression (iterative, delta-reg=0.001)...
Solving ridge regression (iterative, delta-reg=0.001)...
Solving ridge regression (iterative, delta-reg=0.001)...
Solving ridge regression (iterative, delta-reg=0.001)...
Solving ridge regression (iterative, delta-reg=0.001)...
Solving ridge regression (iterative, delta-reg=0.001)...
Solving ridge regression (iterative, delta-reg=0.001)...
Solving ridge regression (iterative, delta-reg=0.001)...
Solving ridge regression (iterative, delta-reg=0.001)...
Solving ridge regression (iterative, delta-reg=0.001)...
Solving ridge regression (iterative, delta-reg=0.001)...
Solving ridge regression (iterative, delta-reg=0.001)...
Solving ridge regression (iterative, delta-reg=0.001)...
Solving ridge regression (iterative, delta-reg=0.001)...
Solving ridge regression (iterative, delta-reg=0.001)...
Solving ridge regression (iterative, delta-reg=0.001)...
Solving ridge regression (iterative, delta-reg=0.001)...
Solving ridge regression (iterative, delta-reg=0.001)...
Solving ridge regression (iterative, delta-reg=0.001)...
Solving ridge regression (iterative, delta-reg=0.001)...
Solving ridge regression (iterative, delta-reg=0.001)...
Solving ridge regression (iterative, delta-reg=0.001)...
Solving ridge regression (iterative, delta-reg=0.001)...
Solving ridge regression (iterative, delta-reg=0.001)...
Solving ridge regression (iterative, delta-reg=0.001)...
Solving ridge regression (iterative, delta-reg=0.001)...
Solving ridge regression (iterative, delta-reg=0.001)...
Solving ridge regression (iterative, delta-reg=0.001)...
Solving ridge regression (iterative, delta-reg=0.001)...
Solving ridge regression (iterative, delta-reg=0.001)...
Solving ridge regression (iterative, delta-reg=0.001)...
Solving ridge regression (iterative, delta-reg=0.001)...
Solving ridge regression (iterative, delta-reg=0.001)...
Solving ridge regression (iterative, delta-reg=0.001)...
Solving ridge regression (iterative, delta-reg=0.001)...
Solving ridge regression (iterative, delta-reg=0.001)...
Solving ridge regression (iterative, delta-reg=0.001)...
Solving ridge regression (iterative, delta-reg=0.001)...
Solving ridge regression (iterative, delta-reg=0.001)...
Solving ridge regression (iterative, delta-reg=0.001)...
[PnC diagnostic | calib] perturbation_scale=25.0
  Uncorrected shift (mean±std, 50 members): 4.3822 ± 0.1020
  Corrected   shift (mean±std, 50 members): 0.0012 ± 0.0000
  Correction reduction: 100.0%
[cal] sz= 128 random          id_acc=95.12 id_nll=0.193 id_MI=0.0868 nearAUROC=91.99 farAUROC=94.90
Solving ridge regression (iterative, delta-reg=0.001)...
Solving ridge regression (iterative, delta-reg=0.001)...
Solving ridge regression (iterative, delta-reg=0.001)...
Solving ridge regression (iterative, delta-reg=0.001)...
Solving ridge regression (iterative, delta-reg=0.001)...
Solving ridge regression (iterative, delta-reg=0.001)...
Solving ridge regression (iterative, delta-reg=0.001)...
Solving ridge regression (iterative, delta-reg=0.001)...
Solving ridge regression (iterative, delta-reg=0.001)...
Solving ridge regression (iterative, delta-reg=0.001)...
Solving ridge regression (iterative, delta-reg=0.001)...
Solving ridge regression (iterative, delta-reg=0.001)...
Solving ridge regression (iterative, delta-reg=0.001)...
Solving ridge regression (iterative, delta-reg=0.001)...
Solving ridge regression (iterative, delta-reg=0.001)...
Solving ridge regression (iterative, delta-reg=0.001)...
Solving ridge regression (iterative, delta-reg=0.001)...
Solving ridge regression (iterative, delta-reg=0.001)...
Solving ridge regression (iterative, delta-reg=0.001)...
Solving ridge regression (iterative, delta-reg=0.001)...
Solving ridge regression (iterative, delta-reg=0.001)...
Solving ridge regression (iterative, delta-reg=0.001)...
Solving ridge regression (iterative, delta-reg=0.001)...
Solving ridge regression (iterative, delta-reg=0.001)...
Solving ridge regression (iterative, delta-reg=0.001)...
Solving ridge regression (iterative, delta-reg=0.001)...
Solving ridge regression (iterative, delta-reg=0.001)...
Solving ridge regression (iterative, delta-reg=0.001)...
Solving ridge regression (iterative, delta-reg=0.001)...
Solving ridge regression (iterative, delta-reg=0.001)...
Solving ridge regression (iterative, delta-reg=0.001)...
Solving ridge regression (iterative, delta-reg=0.001)...
Solving ridge regression (iterative, delta-reg=0.001)...
Solving ridge regression (iterative, delta-reg=0.001)...
Solving ridge regression (iterative, delta-reg=0.001)...
Solving ridge regression (iterative, delta-reg=0.001)...
Solving ridge regression (iterative, delta-reg=0.001)...
Solving ridge regression (iterative, delta-reg=0.001)...
Solving ridge regression (iterative, delta-reg=0.001)...
Solving ridge regression (iterative, delta-reg=0.001)...
Solving ridge regression (iterative, delta-reg=0.001)...
Solving ridge regression (iterative, delta-reg=0.001)...
Solving ridge regression (iterative, delta-reg=0.001)...
Solving ridge regression (iterative, delta-reg=0.001)...
Solving ridge regression (iterative, delta-reg=0.001)...
Solving ridge regression (iterative, delta-reg=0.001)...
Solving ridge regression (iterative, delta-reg=0.001)...
Solving ridge regression (iterative, delta-reg=0.001)...
Solving ridge regression (iterative, delta-reg=0.001)...
Solving ridge regression (iterative, delta-reg=0.001)...
[PnC diagnostic | calib] perturbation_scale=25.0
  Uncorrected shift (mean±std, 50 members): 4.2538 ± 0.1058
  Corrected   shift (mean±std, 50 members): 0.0012 ± 0.0000
  Correction reduction: 100.0%
[cal] sz= 128 class_balanced  id_acc=95.12 id_nll=0.196 id_MI=0.0893 nearAUROC=92.35 farAUROC=95.91
Solving ridge regression (iterative, delta-reg=0.001)...
Solving ridge regression (iterative, delta-reg=0.001)...
Solving ridge regression (iterative, delta-reg=0.001)...
Solving ridge regression (iterative, delta-reg=0.001)...
Solving ridge regression (iterative, delta-reg=0.001)...
Solving ridge regression (iterative, delta-reg=0.001)...
Solving ridge regression (iterative, delta-reg=0.001)...
Solving ridge regression (iterative, delta-reg=0.001)...
Solving ridge regression (iterative, delta-reg=0.001)...
Solving ridge regression (iterative, delta-reg=0.001)...
Solving ridge regression (iterative, delta-reg=0.001)...
Solving ridge regression (iterative, delta-reg=0.001)...
Solving ridge regression (iterative, delta-reg=0.001)...
Solving ridge regression (iterative, delta-reg=0.001)...
Solving ridge regression (iterative, delta-reg=0.001)...
Solving ridge regression (iterative, delta-reg=0.001)...
Solving ridge regression (iterative, delta-reg=0.001)...
Solving ridge regression (iterative, delta-reg=0.001)...
Solving ridge regression (iterative, delta-reg=0.001)...
Solving ridge regression (iterative, delta-reg=0.001)...
Solving ridge regression (iterative, delta-reg=0.001)...
Solving ridge regression (iterative, delta-reg=0.001)...
Solving ridge regression (iterative, delta-reg=0.001)...
Solving ridge regression (iterative, delta-reg=0.001)...
Solving ridge regression (iterative, delta-reg=0.001)...
Solving ridge regression (iterative, delta-reg=0.001)...
Solving ridge regression (iterative, delta-reg=0.001)...
Solving ridge regression (iterative, delta-reg=0.001)...
Solving ridge regression (iterative, delta-reg=0.001)...
Solving ridge regression (iterative, delta-reg=0.001)...
Solving ridge regression (iterative, delta-reg=0.001)...
Solving ridge regression (iterative, delta-reg=0.001)...
Solving ridge regression (iterative, delta-reg=0.001)...
Solving ridge regression (iterative, delta-reg=0.001)...
Solving ridge regression (iterative, delta-reg=0.001)...
Solving ridge regression (iterative, delta-reg=0.001)...
Solving ridge regression (iterative, delta-reg=0.001)...
Solving ridge regression (iterative, delta-reg=0.001)...
Solving ridge regression (iterative, delta-reg=0.001)...
Solving ridge regression (iterative, delta-reg=0.001)...
Solving ridge regression (iterative, delta-reg=0.001)...
Solving ridge regression (iterative, delta-reg=0.001)...
Solving ridge regression (iterative, delta-reg=0.001)...
Solving ridge regression (iterative, delta-reg=0.001)...
Solving ridge regression (iterative, delta-reg=0.001)...
Solving ridge regression (iterative, delta-reg=0.001)...
Solving ridge regression (iterative, delta-reg=0.001)...
Solving ridge regression (iterative, delta-reg=0.001)...
Solving ridge regression (iterative, delta-reg=0.001)...
Solving ridge regression (iterative, delta-reg=0.001)...
[PnC diagnostic | calib] perturbation_scale=25.0
  Uncorrected shift (mean±std, 50 members): 4.5805 ± 0.1068
  Corrected   shift (mean±std, 50 members): 0.0013 ± 0.0001
  Correction reduction: 100.0%
[cal] sz= 128 kcenter         id_acc=94.88 id_nll=0.218 id_MI=0.1091 nearAUROC=92.04 farAUROC=95.59
Solving ridge regression (iterative, delta-reg=0.001)...
Solving ridge regression (iterative, delta-reg=0.001)...
Solving ridge regression (iterative, delta-reg=0.001)...
Solving ridge regression (iterative, delta-reg=0.001)...
Solving ridge regression (iterative, delta-reg=0.001)...
Solving ridge regression (iterative, delta-reg=0.001)...
Solving ridge regression (iterative, delta-reg=0.001)...
Solving ridge regression (iterative, delta-reg=0.001)...
Solving ridge regression (iterative, delta-reg=0.001)...
Solving ridge regression (iterative, delta-reg=0.001)...
Solving ridge regression (iterative, delta-reg=0.001)...
Solving ridge regression (iterative, delta-reg=0.001)...
Solving ridge regression (iterative, delta-reg=0.001)...
Solving ridge regression (iterative, delta-reg=0.001)...
Solving ridge regression (iterative, delta-reg=0.001)...
Solving ridge regression (iterative, delta-reg=0.001)...
Solving ridge regression (iterative, delta-reg=0.001)...
Solving ridge regression (iterative, delta-reg=0.001)...
Solving ridge regression (iterative, delta-reg=0.001)...
Solving ridge regression (iterative, delta-reg=0.001)...
Solving ridge regression (iterative, delta-reg=0.001)...
Solving ridge regression (iterative, delta-reg=0.001)...
Solving ridge regression (iterative, delta-reg=0.001)...
Solving ridge regression (iterative, delta-reg=0.001)...
Solving ridge regression (iterative, delta-reg=0.001)...
Solving ridge regression (iterative, delta-reg=0.001)...
Solving ridge regression (iterative, delta-reg=0.001)...
Solving ridge regression (iterative, delta-reg=0.001)...
Solving ridge regression (iterative, delta-reg=0.001)...
Solving ridge regression (iterative, delta-reg=0.001)...
Solving ridge regression (iterative, delta-reg=0.001)...
Solving ridge regression (iterative, delta-reg=0.001)...
Solving ridge regression (iterative, delta-reg=0.001)...
Solving ridge regression (iterative, delta-reg=0.001)...
Solving ridge regression (iterative, delta-reg=0.001)...
Solving ridge regression (iterative, delta-reg=0.001)...
Solving ridge regression (iterative, delta-reg=0.001)...
Solving ridge regression (iterative, delta-reg=0.001)...
Solving ridge regression (iterative, delta-reg=0.001)...
Solving ridge regression (iterative, delta-reg=0.001)...
Solving ridge regression (iterative, delta-reg=0.001)...
Solving ridge regression (iterative, delta-reg=0.001)...
Solving ridge regression (iterative, delta-reg=0.001)...
Solving ridge regression (iterative, delta-reg=0.001)...
Solving ridge regression (iterative, delta-reg=0.001)...
Solving ridge regression (iterative, delta-reg=0.001)...
Solving ridge regression (iterative, delta-reg=0.001)...
Solving ridge regression (iterative, delta-reg=0.001)...
Solving ridge regression (iterative, delta-reg=0.001)...
Solving ridge regression (iterative, delta-reg=0.001)...
[PnC diagnostic | calib] perturbation_scale=25.0
  Uncorrected shift (mean±std, 50 members): 4.3462 ± 0.1016
  Corrected   shift (mean±std, 50 members): 0.0195 ± 0.0211
  Correction reduction: 99.6%
[cal] sz= 256 random          id_acc=9.50 id_nll=2.181 id_MI=0.3459 nearAUROC=44.38 farAUROC=62.78
Solving ridge regression (iterative, delta-reg=0.001)...
Solving ridge regression (iterative, delta-reg=0.001)...
Solving ridge regression (iterative, delta-reg=0.001)...
Solving ridge regression (iterative, delta-reg=0.001)...
Solving ridge regression (iterative, delta-reg=0.001)...
Solving ridge regression (iterative, delta-reg=0.001)...
Solving ridge regression (iterative, delta-reg=0.001)...
Solving ridge regression (iterative, delta-reg=0.001)...
Solving ridge regression (iterative, delta-reg=0.001)...
Solving ridge regression (iterative, delta-reg=0.001)...
Solving ridge regression (iterative, delta-reg=0.001)...
Solving ridge regression (iterative, delta-reg=0.001)...
Solving ridge regression (iterative, delta-reg=0.001)...
Solving ridge regression (iterative, delta-reg=0.001)...
Solving ridge regression (iterative, delta-reg=0.001)...
Solving ridge regression (iterative, delta-reg=0.001)...
Solving ridge regression (iterative, delta-reg=0.001)...
Solving ridge regression (iterative, delta-reg=0.001)...
Solving ridge regression (iterative, delta-reg=0.001)...
Solving ridge regression (iterative, delta-reg=0.001)...
Solving ridge regression (iterative, delta-reg=0.001)...
Solving ridge regression (iterative, delta-reg=0.001)...
Solving ridge regression (iterative, delta-reg=0.001)...
Solving ridge regression (iterative, delta-reg=0.001)...
Solving ridge regression (iterative, delta-reg=0.001)...
Solving ridge regression (iterative, delta-reg=0.001)...
Solving ridge regression (iterative, delta-reg=0.001)...
Solving ridge regression (iterative, delta-reg=0.001)...
Solving ridge regression (iterative, delta-reg=0.001)...
Solving ridge regression (iterative, delta-reg=0.001)...
Solving ridge regression (iterative, delta-reg=0.001)...
Solving ridge regression (iterative, delta-reg=0.001)...
Solving ridge regression (iterative, delta-reg=0.001)...
Solving ridge regression (iterative, delta-reg=0.001)...
Solving ridge regression (iterative, delta-reg=0.001)...
Solving ridge regression (iterative, delta-reg=0.001)...
Solving ridge regression (iterative, delta-reg=0.001)...
Solving ridge regression (iterative, delta-reg=0.001)...
Solving ridge regression (iterative, delta-reg=0.001)...
Solving ridge regression (iterative, delta-reg=0.001)...
Solving ridge regression (iterative, delta-reg=0.001)...
Solving ridge regression (iterative, delta-reg=0.001)...
Solving ridge regression (iterative, delta-reg=0.001)...
Solving ridge regression (iterative, delta-reg=0.001)...
Solving ridge regression (iterative, delta-reg=0.001)...
Solving ridge regression (iterative, delta-reg=0.001)...
Solving ridge regression (iterative, delta-reg=0.001)...
Solving ridge regression (iterative, delta-reg=0.001)...
Solving ridge regression (iterative, delta-reg=0.001)...
Solving ridge regression (iterative, delta-reg=0.001)...
[PnC diagnostic | calib] perturbation_scale=25.0
  Uncorrected shift (mean±std, 50 members): 4.2928 ± 0.1023
  Corrected   shift (mean±std, 50 members): 0.0185 ± 0.0261
  Correction reduction: 99.6%
[cal] sz= 256 class_balanced  id_acc=10.50 id_nll=1.897 id_MI=0.3901 nearAUROC=49.29 farAUROC=60.64
Solving ridge regression (iterative, delta-reg=0.001)...
Solving ridge regression (iterative, delta-reg=0.001)...
Solving ridge regression (iterative, delta-reg=0.001)...
Solving ridge regression (iterative, delta-reg=0.001)...
Solving ridge regression (iterative, delta-reg=0.001)...
Solving ridge regression (iterative, delta-reg=0.001)...
Solving ridge regression (iterative, delta-reg=0.001)...
Solving ridge regression (iterative, delta-reg=0.001)...
Solving ridge regression (iterative, delta-reg=0.001)...
Solving ridge regression (iterative, delta-reg=0.001)...
Solving ridge regression (iterative, delta-reg=0.001)...
Solving ridge regression (iterative, delta-reg=0.001)...
Solving ridge regression (iterative, delta-reg=0.001)...
Solving ridge regression (iterative, delta-reg=0.001)...
Solving ridge regression (iterative, delta-reg=0.001)...
Solving ridge regression (iterative, delta-reg=0.001)...
Solving ridge regression (iterative, delta-reg=0.001)...
Solving ridge regression (iterative, delta-reg=0.001)...
Solving ridge regression (iterative, delta-reg=0.001)...
Solving ridge regression (iterative, delta-reg=0.001)...
Solving ridge regression (iterative, delta-reg=0.001)...
Solving ridge regression (iterative, delta-reg=0.001)...
Solving ridge regression (iterative, delta-reg=0.001)...
Solving ridge regression (iterative, delta-reg=0.001)...
Solving ridge regression (iterative, delta-reg=0.001)...
Solving ridge regression (iterative, delta-reg=0.001)...
Solving ridge regression (iterative, delta-reg=0.001)...
Solving ridge regression (iterative, delta-reg=0.001)...
Solving ridge regression (iterative, delta-reg=0.001)...
Solving ridge regression (iterative, delta-reg=0.001)...
Solving ridge regression (iterative, delta-reg=0.001)...
Solving ridge regression (iterative, delta-reg=0.001)...
Solving ridge regression (iterative, delta-reg=0.001)...
Solving ridge regression (iterative, delta-reg=0.001)...
Solving ridge regression (iterative, delta-reg=0.001)...
Solving ridge regression (iterative, delta-reg=0.001)...
Solving ridge regression (iterative, delta-reg=0.001)...
Solving ridge regression (iterative, delta-reg=0.001)...
Solving ridge regression (iterative, delta-reg=0.001)...
Solving ridge regression (iterative, delta-reg=0.001)...
Solving ridge regression (iterative, delta-reg=0.001)...
Solving ridge regression (iterative, delta-reg=0.001)...
Solving ridge regression (iterative, delta-reg=0.001)...
Solving ridge regression (iterative, delta-reg=0.001)...
Solving ridge regression (iterative, delta-reg=0.001)...
Solving ridge regression (iterative, delta-reg=0.001)...
Solving ridge regression (iterative, delta-reg=0.001)...
Solving ridge regression (iterative, delta-reg=0.001)...
Solving ridge regression (iterative, delta-reg=0.001)...
Solving ridge regression (iterative, delta-reg=0.001)...
[PnC diagnostic | calib] perturbation_scale=25.0
  Uncorrected shift (mean±std, 50 members): 4.5547 ± 0.1067
  Corrected   shift (mean±std, 50 members): 0.0184 ± 0.0194
  Correction reduction: 99.6%
[cal] sz= 256 kcenter         id_acc=9.50 id_nll=2.094 id_MI=0.3698 nearAUROC=46.27 farAUROC=61.53
Solving ridge regression (iterative, delta-reg=0.001)...
Solving ridge regression (iterative, delta-reg=0.001)...
Solving ridge regression (iterative, delta-reg=0.001)...
Solving ridge regression (iterative, delta-reg=0.001)...
Solving ridge regression (iterative, delta-reg=0.001)...
Solving ridge regression (iterative, delta-reg=0.001)...
Solving ridge regression (iterative, delta-reg=0.001)...
Solving ridge regression (iterative, delta-reg=0.001)...
Solving ridge regression (iterative, delta-reg=0.001)...
Solving ridge regression (iterative, delta-reg=0.001)...
Solving ridge regression (iterative, delta-reg=0.001)...
Solving ridge regression (iterative, delta-reg=0.001)...
Solving ridge regression (iterative, delta-reg=0.001)...
Solving ridge regression (iterative, delta-reg=0.001)...
Solving ridge regression (iterative, delta-reg=0.001)...
Solving ridge regression (iterative, delta-reg=0.001)...
Solving ridge regression (iterative, delta-reg=0.001)...
Solving ridge regression (iterative, delta-reg=0.001)...
Solving ridge regression (iterative, delta-reg=0.001)...
Solving ridge regression (iterative, delta-reg=0.001)...
Solving ridge regression (iterative, delta-reg=0.001)...
Solving ridge regression (iterative, delta-reg=0.001)...
Solving ridge regression (iterative, delta-reg=0.001)...
Solving ridge regression (iterative, delta-reg=0.001)...
Solving ridge regression (iterative, delta-reg=0.001)...
Solving ridge regression (iterative, delta-reg=0.001)...
Solving ridge regression (iterative, delta-reg=0.001)...
Solving ridge regression (iterative, delta-reg=0.001)...
Solving ridge regression (iterative, delta-reg=0.001)...
Solving ridge regression (iterative, delta-reg=0.001)...
Solving ridge regression (iterative, delta-reg=0.001)...
Solving ridge regression (iterative, delta-reg=0.001)...
Solving ridge regression (iterative, delta-reg=0.001)...
Solving ridge regression (iterative, delta-reg=0.001)...
Solving ridge regression (iterative, delta-reg=0.001)...
Solving ridge regression (iterative, delta-reg=0.001)...
Solving ridge regression (iterative, delta-reg=0.001)...
Solving ridge regression (iterative, delta-reg=0.001)...
Solving ridge regression (iterative, delta-reg=0.001)...
Solving ridge regression (iterative, delta-reg=0.001)...
Solving ridge regression (iterative, delta-reg=0.001)...
Solving ridge regression (iterative, delta-reg=0.001)...
Solving ridge regression (iterative, delta-reg=0.001)...
Solving ridge regression (iterative, delta-reg=0.001)...
Solving ridge regression (iterative, delta-reg=0.001)...
Solving ridge regression (iterative, delta-reg=0.001)...
Solving ridge regression (iterative, delta-reg=0.001)...
Solving ridge regression (iterative, delta-reg=0.001)...
Solving ridge regression (iterative, delta-reg=0.001)...
Solving ridge regression (iterative, delta-reg=0.001)...
[PnC diagnostic | calib] perturbation_scale=25.0
  Uncorrected shift (mean±std, 50 members): 4.3563 ± 0.1004
  Corrected   shift (mean±std, 50 members): 0.3923 ± 0.0017
  Correction reduction: 91.0%
[cal] sz= 512 random          id_acc=95.50 id_nll=0.149 id_MI=0.0160 nearAUROC=91.92 farAUROC=95.24
Solving ridge regression (iterative, delta-reg=0.001)...
Solving ridge regression (iterative, delta-reg=0.001)...
Solving ridge regression (iterative, delta-reg=0.001)...
Solving ridge regression (iterative, delta-reg=0.001)...
Solving ridge regression (iterative, delta-reg=0.001)...
Solving ridge regression (iterative, delta-reg=0.001)...
Solving ridge regression (iterative, delta-reg=0.001)...
Solving ridge regression (iterative, delta-reg=0.001)...
Solving ridge regression (iterative, delta-reg=0.001)...
Solving ridge regression (iterative, delta-reg=0.001)...
Solving ridge regression (iterative, delta-reg=0.001)...
Solving ridge regression (iterative, delta-reg=0.001)...
Solving ridge regression (iterative, delta-reg=0.001)...
Solving ridge regression (iterative, delta-reg=0.001)...
Solving ridge regression (iterative, delta-reg=0.001)...
Solving ridge regression (iterative, delta-reg=0.001)...
Solving ridge regression (iterative, delta-reg=0.001)...
Solving ridge regression (iterative, delta-reg=0.001)...
Solving ridge regression (iterative, delta-reg=0.001)...
Solving ridge regression (iterative, delta-reg=0.001)...
Solving ridge regression (iterative, delta-reg=0.001)...
Solving ridge regression (iterative, delta-reg=0.001)...
Solving ridge regression (iterative, delta-reg=0.001)...
Solving ridge regression (iterative, delta-reg=0.001)...
Solving ridge regression (iterative, delta-reg=0.001)...
Solving ridge regression (iterative, delta-reg=0.001)...
Solving ridge regression (iterative, delta-reg=0.001)...
Solving ridge regression (iterative, delta-reg=0.001)...
Solving ridge regression (iterative, delta-reg=0.001)...
Solving ridge regression (iterative, delta-reg=0.001)...
Solving ridge regression (iterative, delta-reg=0.001)...
Solving ridge regression (iterative, delta-reg=0.001)...
Solving ridge regression (iterative, delta-reg=0.001)...
Solving ridge regression (iterative, delta-reg=0.001)...
Solving ridge regression (iterative, delta-reg=0.001)...
Solving ridge regression (iterative, delta-reg=0.001)...
Solving ridge regression (iterative, delta-reg=0.001)...
Solving ridge regression (iterative, delta-reg=0.001)...
Solving ridge regression (iterative, delta-reg=0.001)...
Solving ridge regression (iterative, delta-reg=0.001)...
Solving ridge regression (iterative, delta-reg=0.001)...
Solving ridge regression (iterative, delta-reg=0.001)...
Solving ridge regression (iterative, delta-reg=0.001)...
Solving ridge regression (iterative, delta-reg=0.001)...
Solving ridge regression (iterative, delta-reg=0.001)...
Solving ridge regression (iterative, delta-reg=0.001)...
Solving ridge regression (iterative, delta-reg=0.001)...
Solving ridge regression (iterative, delta-reg=0.001)...
Solving ridge regression (iterative, delta-reg=0.001)...
Solving ridge regression (iterative, delta-reg=0.001)...
[PnC diagnostic | calib] perturbation_scale=25.0
  Uncorrected shift (mean±std, 50 members): 4.3325 ± 0.0995
  Corrected   shift (mean±std, 50 members): 0.3899 ± 0.0019
  Correction reduction: 91.0%
[cal] sz= 512 class_balanced  id_acc=95.50 id_nll=0.146 id_MI=0.0164 nearAUROC=91.77 farAUROC=95.21
Solving ridge regression (iterative, delta-reg=0.001)...
Solving ridge regression (iterative, delta-reg=0.001)...
Solving ridge regression (iterative, delta-reg=0.001)...
Solving ridge regression (iterative, delta-reg=0.001)...
Solving ridge regression (iterative, delta-reg=0.001)...
Solving ridge regression (iterative, delta-reg=0.001)...
Solving ridge regression (iterative, delta-reg=0.001)...
Solving ridge regression (iterative, delta-reg=0.001)...
Solving ridge regression (iterative, delta-reg=0.001)...
Solving ridge regression (iterative, delta-reg=0.001)...
Solving ridge regression (iterative, delta-reg=0.001)...
Solving ridge regression (iterative, delta-reg=0.001)...
Solving ridge regression (iterative, delta-reg=0.001)...
Solving ridge regression (iterative, delta-reg=0.001)...
Solving ridge regression (iterative, delta-reg=0.001)...
Solving ridge regression (iterative, delta-reg=0.001)...
Solving ridge regression (iterative, delta-reg=0.001)...
Solving ridge regression (iterative, delta-reg=0.001)...
Solving ridge regression (iterative, delta-reg=0.001)...
Solving ridge regression (iterative, delta-reg=0.001)...
Solving ridge regression (iterative, delta-reg=0.001)...
Solving ridge regression (iterative, delta-reg=0.001)...
Solving ridge regression (iterative, delta-reg=0.001)...
Solving ridge regression (iterative, delta-reg=0.001)...
Solving ridge regression (iterative, delta-reg=0.001)...
Solving ridge regression (iterative, delta-reg=0.001)...
Solving ridge regression (iterative, delta-reg=0.001)...
Solving ridge regression (iterative, delta-reg=0.001)...
Solving ridge regression (iterative, delta-reg=0.001)...
Solving ridge regression (iterative, delta-reg=0.001)...
Solving ridge regression (iterative, delta-reg=0.001)...
Solving ridge regression (iterative, delta-reg=0.001)...
Solving ridge regression (iterative, delta-reg=0.001)...
Solving ridge regression (iterative, delta-reg=0.001)...
Solving ridge regression (iterative, delta-reg=0.001)...
Solving ridge regression (iterative, delta-reg=0.001)...
Solving ridge regression (iterative, delta-reg=0.001)...
Solving ridge regression (iterative, delta-reg=0.001)...
Solving ridge regression (iterative, delta-reg=0.001)...
Solving ridge regression (iterative, delta-reg=0.001)...
Solving ridge regression (iterative, delta-reg=0.001)...
Solving ridge regression (iterative, delta-reg=0.001)...
Solving ridge regression (iterative, delta-reg=0.001)...
Solving ridge regression (iterative, delta-reg=0.001)...
Solving ridge regression (iterative, delta-reg=0.001)...
Solving ridge regression (iterative, delta-reg=0.001)...
Solving ridge regression (iterative, delta-reg=0.001)...
Solving ridge regression (iterative, delta-reg=0.001)...
Solving ridge regression (iterative, delta-reg=0.001)...
Solving ridge regression (iterative, delta-reg=0.001)...
[PnC diagnostic | calib] perturbation_scale=25.0
  Uncorrected shift (mean±std, 50 members): 4.4964 ± 0.1038
  Corrected   shift (mean±std, 50 members): 0.4028 ± 0.0017
  Correction reduction: 91.0%
[cal] sz= 512 kcenter         id_acc=94.88 id_nll=0.146 id_MI=0.0160 nearAUROC=91.87 farAUROC=95.32
[cal] wrote calibration_study_raw.json in 432s
