[seed] Seeded everything with seed=0
CIFAR-10 loaded: train=(50000, 32, 32, 3), test=(10000, 32, 32, 3)
Solving ridge regression (iterative, delta-reg=0.001)...
Solving ridge regression (iterative, delta-reg=0.001)...
Solving ridge regression (iterative, delta-reg=0.001)...
Solving ridge regression (iterative, delta-reg=0.001)...
Solving ridge regression (iterative, delta-reg=0.001)...
Solving ridge regression (iterative, delta-reg=0.001)...
Solving ridge regression (iterative, delta-reg=0.001)...
Solving ridge regression (iterative, delta-reg=0.001)...
Solving ridge regression (iterative, delta-reg=0.001)...
Solving ridge regression (iterative, delta-reg=0.001)...
Solving ridge regression (iterative, delta-reg=0.001)...
Solving ridge regression (iterative, delta-reg=0.001)...
Solving ridge regression (iterative, delta-reg=0.001)...
Solving ridge regression (iterative, delta-reg=0.001)...
Solving ridge regression (iterative, delta-reg=0.001)...
Solving ridge regression (iterative, delta-reg=0.001)...
Solving ridge regression (iterative, delta-reg=0.001)...
Solving ridge regression (iterative, delta-reg=0.001)...
Solving ridge regression (iterative, delta-reg=0.001)...
Solving ridge regression (iterative, delta-reg=0.001)...
Solving ridge regression (iterative, delta-reg=0.001)...
Solving ridge regression (iterative, delta-reg=0.001)...
Solving ridge regression (iterative, delta-reg=0.001)...
Solving ridge regression (iterative, delta-reg=0.001)...
Solving ridge regression (iterative, delta-reg=0.001)...
Solving ridge regression (iterative, delta-reg=0.001)...
Solving ridge regression (iterative, delta-reg=0.001)...
Solving ridge regression (iterative, delta-reg=0.001)...
Solving ridge regression (iterative, delta-reg=0.001)...
Solving ridge regression (iterative, delta-reg=0.001)...
Solving ridge regression (iterative, delta-reg=0.001)...
Solving ridge regression (iterative, delta-reg=0.001)...
Solving ridge regression (iterative, delta-reg=0.001)...
Solving ridge regression (iterative, delta-reg=0.001)...
Solving ridge regression (iterative, delta-reg=0.001)...
Solving ridge regression (iterative, delta-reg=0.001)...
Solving ridge regression (iterative, delta-reg=0.001)...
Solving ridge regression (iterative, delta-reg=0.001)...
Solving ridge regression (iterative, delta-reg=0.001)...
Solving ridge regression (iterative, delta-reg=0.001)...
Solving ridge regression (iterative, delta-reg=0.001)...
Solving ridge regression (iterative, delta-reg=0.001)...
Solving ridge regression (iterative, delta-reg=0.001)...
Solving ridge regression (iterative, delta-reg=0.001)...
Solving ridge regression (iterative, delta-reg=0.001)...
Solving ridge regression (iterative, delta-reg=0.001)...
Solving ridge regression (iterative, delta-reg=0.001)...
Solving ridge regression (iterative, delta-reg=0.001)...
Solving ridge regression (iterative, delta-reg=0.001)...
Solving ridge regression (iterative, delta-reg=0.001)...
[PnC diagnostic | calib] perturbation_scale=5.0
  Uncorrected shift (mean±std, 50 members): 0.3208 ± 0.0093
  Corrected   shift (mean±std, 50 members): 0.2664 ± 0.0018
  Correction reduction: 17.0%
[PnC diagnostic | scale5.0] perturbation_scale=5.0
  Uncorrected shift (mean±std, 50 members): 0.3208 ± 0.0093
  Corrected   shift (mean±std, 50 members): 0.2664 ± 0.0018
  Correction reduction: 17.0%
[abl] scale=   5.0 corrected   hidden=0.32 idacc=95.55 idnll=0.154 idlogitchg=0.35 nearAUROC=88.8 farAUROC=93.6
[abl] scale=   5.0 uncorrected hidden=0.32 idacc=95.60 idnll=0.155 idlogitchg=0.44 nearAUROC=88.4 farAUROC=93.1
Solving ridge regression (iterative, delta-reg=0.001)...
Solving ridge regression (iterative, delta-reg=0.001)...
Solving ridge regression (iterative, delta-reg=0.001)...
Solving ridge regression (iterative, delta-reg=0.001)...
Solving ridge regression (iterative, delta-reg=0.001)...
Solving ridge regression (iterative, delta-reg=0.001)...
Solving ridge regression (iterative, delta-reg=0.001)...
Solving ridge regression (iterative, delta-reg=0.001)...
Solving ridge regression (iterative, delta-reg=0.001)...
Solving ridge regression (iterative, delta-reg=0.001)...
Solving ridge regression (iterative, delta-reg=0.001)...
Solving ridge regression (iterative, delta-reg=0.001)...
Solving ridge regression (iterative, delta-reg=0.001)...
Solving ridge regression (iterative, delta-reg=0.001)...
Solving ridge regression (iterative, delta-reg=0.001)...
Solving ridge regression (iterative, delta-reg=0.001)...
Solving ridge regression (iterative, delta-reg=0.001)...
Solving ridge regression (iterative, delta-reg=0.001)...
Solving ridge regression (iterative, delta-reg=0.001)...
Solving ridge regression (iterative, delta-reg=0.001)...
Solving ridge regression (iterative, delta-reg=0.001)...
Solving ridge regression (iterative, delta-reg=0.001)...
Solving ridge regression (iterative, delta-reg=0.001)...
Solving ridge regression (iterative, delta-reg=0.001)...
Solving ridge regression (iterative, delta-reg=0.001)...
Solving ridge regression (iterative, delta-reg=0.001)...
Solving ridge regression (iterative, delta-reg=0.001)...
Solving ridge regression (iterative, delta-reg=0.001)...
Solving ridge regression (iterative, delta-reg=0.001)...
Solving ridge regression (iterative, delta-reg=0.001)...
Solving ridge regression (iterative, delta-reg=0.001)...
Solving ridge regression (iterative, delta-reg=0.001)...
Solving ridge regression (iterative, delta-reg=0.001)...
Solving ridge regression (iterative, delta-reg=0.001)...
Solving ridge regression (iterative, delta-reg=0.001)...
Solving ridge regression (iterative, delta-reg=0.001)...
Solving ridge regression (iterative, delta-reg=0.001)...
Solving ridge regression (iterative, delta-reg=0.001)...
Solving ridge regression (iterative, delta-reg=0.001)...
Solving ridge regression (iterative, delta-reg=0.001)...
Solving ridge regression (iterative, delta-reg=0.001)...
Solving ridge regression (iterative, delta-reg=0.001)...
Solving ridge regression (iterative, delta-reg=0.001)...
Solving ridge regression (iterative, delta-reg=0.001)...
Solving ridge regression (iterative, delta-reg=0.001)...
Solving ridge regression (iterative, delta-reg=0.001)...
Solving ridge regression (iterative, delta-reg=0.001)...
Solving ridge regression (iterative, delta-reg=0.001)...
Solving ridge regression (iterative, delta-reg=0.001)...
Solving ridge regression (iterative, delta-reg=0.001)...
[PnC diagnostic | calib] perturbation_scale=12.5
  Uncorrected shift (mean±std, 50 members): 1.3549 ± 0.0390
  Corrected   shift (mean±std, 50 members): 0.6195 ± 0.0036
  Correction reduction: 54.3%
[PnC diagnostic | scale12.5] perturbation_scale=12.5
  Uncorrected shift (mean±std, 50 members): 1.3549 ± 0.0390
  Corrected   shift (mean±std, 50 members): 0.6195 ± 0.0036
  Correction reduction: 54.3%
[abl] scale=  12.5 corrected   hidden=1.35 idacc=95.65 idnll=0.140 idlogitchg=0.90 nearAUROC=90.2 farAUROC=94.5
[abl] scale=  12.5 uncorrected hidden=1.35 idacc=95.40 idnll=0.157 idlogitchg=2.21 nearAUROC=88.5 farAUROC=91.8
Solving ridge regression (iterative, delta-reg=0.001)...
Solving ridge regression (iterative, delta-reg=0.001)...
Solving ridge regression (iterative, delta-reg=0.001)...
Solving ridge regression (iterative, delta-reg=0.001)...
Solving ridge regression (iterative, delta-reg=0.001)...
Solving ridge regression (iterative, delta-reg=0.001)...
Solving ridge regression (iterative, delta-reg=0.001)...
Solving ridge regression (iterative, delta-reg=0.001)...
Solving ridge regression (iterative, delta-reg=0.001)...
Solving ridge regression (iterative, delta-reg=0.001)...
Solving ridge regression (iterative, delta-reg=0.001)...
Solving ridge regression (iterative, delta-reg=0.001)...
Solving ridge regression (iterative, delta-reg=0.001)...
Solving ridge regression (iterative, delta-reg=0.001)...
Solving ridge regression (iterative, delta-reg=0.001)...
Solving ridge regression (iterative, delta-reg=0.001)...
Solving ridge regression (iterative, delta-reg=0.001)...
Solving ridge regression (iterative, delta-reg=0.001)...
Solving ridge regression (iterative, delta-reg=0.001)...
Solving ridge regression (iterative, delta-reg=0.001)...
Solving ridge regression (iterative, delta-reg=0.001)...
Solving ridge regression (iterative, delta-reg=0.001)...
Solving ridge regression (iterative, delta-reg=0.001)...
Solving ridge regression (iterative, delta-reg=0.001)...
Solving ridge regression (iterative, delta-reg=0.001)...
Solving ridge regression (iterative, delta-reg=0.001)...
Solving ridge regression (iterative, delta-reg=0.001)...
Solving ridge regression (iterative, delta-reg=0.001)...
Solving ridge regression (iterative, delta-reg=0.001)...
Solving ridge regression (iterative, delta-reg=0.001)...
Solving ridge regression (iterative, delta-reg=0.001)...
Solving ridge regression (iterative, delta-reg=0.001)...
Solving ridge regression (iterative, delta-reg=0.001)...
Solving ridge regression (iterative, delta-reg=0.001)...
Solving ridge regression (iterative, delta-reg=0.001)...
Solving ridge regression (iterative, delta-reg=0.001)...
Solving ridge regression (iterative, delta-reg=0.001)...
Solving ridge regression (iterative, delta-reg=0.001)...
Solving ridge regression (iterative, delta-reg=0.001)...
Solving ridge regression (iterative, delta-reg=0.001)...
Solving ridge regression (iterative, delta-reg=0.001)...
Solving ridge regression (iterative, delta-reg=0.001)...
Solving ridge regression (iterative, delta-reg=0.001)...
Solving ridge regression (iterative, delta-reg=0.001)...
Solving ridge regression (iterative, delta-reg=0.001)...
Solving ridge regression (iterative, delta-reg=0.001)...
Solving ridge regression (iterative, delta-reg=0.001)...
Solving ridge regression (iterative, delta-reg=0.001)...
Solving ridge regression (iterative, delta-reg=0.001)...
Solving ridge regression (iterative, delta-reg=0.001)...
[PnC diagnostic | calib] perturbation_scale=25.0
  Uncorrected shift (mean±std, 50 members): 4.3515 ± 0.1009
  Corrected   shift (mean±std, 50 members): 1.2592 ± 0.0197
  Correction reduction: 71.1%
[PnC diagnostic | scale25.0] perturbation_scale=25.0
  Uncorrected shift (mean±std, 50 members): 4.3515 ± 0.1009
  Corrected   shift (mean±std, 50 members): 1.2592 ± 0.0197
  Correction reduction: 71.1%
[abl] scale=  25.0 corrected   hidden=4.35 idacc=95.70 idnll=0.135 idlogitchg=2.21 nearAUROC=91.9 farAUROC=96.0
[abl] scale=  25.0 uncorrected hidden=4.35 idacc=87.30 idnll=0.529 idlogitchg=6.02 nearAUROC=78.8 farAUROC=65.6
Solving ridge regression (iterative, delta-reg=0.001)...
Solving ridge regression (iterative, delta-reg=0.001)...
Solving ridge regression (iterative, delta-reg=0.001)...
Solving ridge regression (iterative, delta-reg=0.001)...
Solving ridge regression (iterative, delta-reg=0.001)...
Solving ridge regression (iterative, delta-reg=0.001)...
Solving ridge regression (iterative, delta-reg=0.001)...
Solving ridge regression (iterative, delta-reg=0.001)...
Solving ridge regression (iterative, delta-reg=0.001)...
Solving ridge regression (iterative, delta-reg=0.001)...
Solving ridge regression (iterative, delta-reg=0.001)...
Solving ridge regression (iterative, delta-reg=0.001)...
Solving ridge regression (iterative, delta-reg=0.001)...
Solving ridge regression (iterative, delta-reg=0.001)...
Solving ridge regression (iterative, delta-reg=0.001)...
Solving ridge regression (iterative, delta-reg=0.001)...
Solving ridge regression (iterative, delta-reg=0.001)...
Solving ridge regression (iterative, delta-reg=0.001)...
Solving ridge regression (iterative, delta-reg=0.001)...
Solving ridge regression (iterative, delta-reg=0.001)...
Solving ridge regression (iterative, delta-reg=0.001)...
Solving ridge regression (iterative, delta-reg=0.001)...
Solving ridge regression (iterative, delta-reg=0.001)...
Solving ridge regression (iterative, delta-reg=0.001)...
Solving ridge regression (iterative, delta-reg=0.001)...
Solving ridge regression (iterative, delta-reg=0.001)...
Solving ridge regression (iterative, delta-reg=0.001)...
Solving ridge regression (iterative, delta-reg=0.001)...
Solving ridge regression (iterative, delta-reg=0.001)...
Solving ridge regression (iterative, delta-reg=0.001)...
Solving ridge regression (iterative, delta-reg=0.001)...
Solving ridge regression (iterative, delta-reg=0.001)...
Solving ridge regression (iterative, delta-reg=0.001)...
Solving ridge regression (iterative, delta-reg=0.001)...
Solving ridge regression (iterative, delta-reg=0.001)...
Solving ridge regression (iterative, delta-reg=0.001)...
Solving ridge regression (iterative, delta-reg=0.001)...
Solving ridge regression (iterative, delta-reg=0.001)...
Solving ridge regression (iterative, delta-reg=0.001)...
Solving ridge regression (iterative, delta-reg=0.001)...
Solving ridge regression (iterative, delta-reg=0.001)...
Solving ridge regression (iterative, delta-reg=0.001)...
Solving ridge regression (iterative, delta-reg=0.001)...
Solving ridge regression (iterative, delta-reg=0.001)...
Solving ridge regression (iterative, delta-reg=0.001)...
Solving ridge regression (iterative, delta-reg=0.001)...
Solving ridge regression (iterative, delta-reg=0.001)...
Solving ridge regression (iterative, delta-reg=0.001)...
Solving ridge regression (iterative, delta-reg=0.001)...
Solving ridge regression (iterative, delta-reg=0.001)...
[PnC diagnostic | calib] perturbation_scale=50.0
  Uncorrected shift (mean±std, 50 members): 12.1476 ± 0.2359
  Corrected   shift (mean±std, 50 members): 5.0025 ± 0.3003
  Correction reduction: 58.8%
[PnC diagnostic | scale50.0] perturbation_scale=50.0
  Uncorrected shift (mean±std, 50 members): 12.1476 ± 0.2359
  Corrected   shift (mean±std, 50 members): 5.0025 ± 0.3003
  Correction reduction: 58.8%
[abl] scale=  50.0 corrected   hidden=12.15 idacc=50.00 idnll=1.279 idlogitchg=8.09 nearAUROC=66.3 farAUROC=79.4
[abl] scale=  50.0 uncorrected hidden=12.15 idacc=54.40 idnll=1.168 idlogitchg=8.62 nearAUROC=70.3 farAUROC=79.9
Solving ridge regression (iterative, delta-reg=0.001)...
Solving ridge regression (iterative, delta-reg=0.001)...
Solving ridge regression (iterative, delta-reg=0.001)...
Solving ridge regression (iterative, delta-reg=0.001)...
Solving ridge regression (iterative, delta-reg=0.001)...
Solving ridge regression (iterative, delta-reg=0.001)...
Solving ridge regression (iterative, delta-reg=0.001)...
Solving ridge regression (iterative, delta-reg=0.001)...
Solving ridge regression (iterative, delta-reg=0.001)...
Solving ridge regression (iterative, delta-reg=0.001)...
Solving ridge regression (iterative, delta-reg=0.001)...
Solving ridge regression (iterative, delta-reg=0.001)...
Solving ridge regression (iterative, delta-reg=0.001)...
Solving ridge regression (iterative, delta-reg=0.001)...
Solving ridge regression (iterative, delta-reg=0.001)...
Solving ridge regression (iterative, delta-reg=0.001)...
Solving ridge regression (iterative, delta-reg=0.001)...
Solving ridge regression (iterative, delta-reg=0.001)...
Solving ridge regression (iterative, delta-reg=0.001)...
Solving ridge regression (iterative, delta-reg=0.001)...
Solving ridge regression (iterative, delta-reg=0.001)...
Solving ridge regression (iterative, delta-reg=0.001)...
Solving ridge regression (iterative, delta-reg=0.001)...
Solving ridge regression (iterative, delta-reg=0.001)...
Solving ridge regression (iterative, delta-reg=0.001)...
Solving ridge regression (iterative, delta-reg=0.001)...
Solving ridge regression (iterative, delta-reg=0.001)...
Solving ridge regression (iterative, delta-reg=0.001)...
Solving ridge regression (iterative, delta-reg=0.001)...
Solving ridge regression (iterative, delta-reg=0.001)...
Solving ridge regression (iterative, delta-reg=0.001)...
Solving ridge regression (iterative, delta-reg=0.001)...
Solving ridge regression (iterative, delta-reg=0.001)...
Solving ridge regression (iterative, delta-reg=0.001)...
Solving ridge regression (iterative, delta-reg=0.001)...
Solving ridge regression (iterative, delta-reg=0.001)...
Solving ridge regression (iterative, delta-reg=0.001)...
Solving ridge regression (iterative, delta-reg=0.001)...
Solving ridge regression (iterative, delta-reg=0.001)...
Solving ridge regression (iterative, delta-reg=0.001)...
Solving ridge regression (iterative, delta-reg=0.001)...
Solving ridge regression (iterative, delta-reg=0.001)...
Solving ridge regression (iterative, delta-reg=0.001)...
Solving ridge regression (iterative, delta-reg=0.001)...
Solving ridge regression (iterative, delta-reg=0.001)...
Solving ridge regression (iterative, delta-reg=0.001)...
Solving ridge regression (iterative, delta-reg=0.001)...
Solving ridge regression (iterative, delta-reg=0.001)...
Solving ridge regression (iterative, delta-reg=0.001)...
Solving ridge regression (iterative, delta-reg=0.001)...
[PnC diagnostic | calib] perturbation_scale=100.0
  Uncorrected shift (mean±std, 50 members): 29.2769 ± 0.5101
  Corrected   shift (mean±std, 50 members): 4823.8785 ± 21605.0879
  Correction reduction: -16376.8%
[PnC diagnostic | scale100.0] perturbation_scale=100.0
  Uncorrected shift (mean±std, 50 members): 29.2769 ± 0.5101
  Corrected   shift (mean±std, 50 members): 4823.8785 ± 21605.0879
  Correction reduction: -16376.8%
[abl] scale= 100.0 corrected   hidden=29.28 idacc=9.45 idnll=13.645 idlogitchg=2754.29 nearAUROC=47.7 farAUROC=66.0
[abl] scale= 100.0 uncorrected hidden=29.28 idacc=20.65 idnll=2.653 idlogitchg=15.24 nearAUROC=57.9 farAUROC=75.4
[abl] wrote correction_ablation_cifar.csv (10 rows) in 1107s
