CIFAR-10 loaded: train=(50000, 32, 32, 3), test=(10000, 32, 32, 3)
Solving ridge regression (iterative, delta-reg=0.001)...
Solving ridge regression (iterative, delta-reg=0.001)...
Solving ridge regression (iterative, delta-reg=0.001)...
Solving ridge regression (iterative, delta-reg=0.001)...
Solving ridge regression (iterative, delta-reg=0.001)...
Solving ridge regression (iterative, delta-reg=0.001)...
Solving ridge regression (iterative, delta-reg=0.001)...
Solving ridge regression (iterative, delta-reg=0.001)...
Solving ridge regression (iterative, delta-reg=0.001)...
Solving ridge regression (iterative, delta-reg=0.001)...
Solving ridge regression (iterative, delta-reg=0.001)...
Solving ridge regression (iterative, delta-reg=0.001)...
Solving ridge regression (iterative, delta-reg=0.001)...
Solving ridge regression (iterative, delta-reg=0.001)...
Solving ridge regression (iterative, delta-reg=0.001)...
Solving ridge regression (iterative, delta-reg=0.001)...
Solving ridge regression (iterative, delta-reg=0.001)...
Solving ridge regression (iterative, delta-reg=0.001)...
Solving ridge regression (iterative, delta-reg=0.001)...
Solving ridge regression (iterative, delta-reg=0.001)...
Solving ridge regression (iterative, delta-reg=0.001)...
Solving ridge regression (iterative, delta-reg=0.001)...
Solving ridge regression (iterative, delta-reg=0.001)...
Solving ridge regression (iterative, delta-reg=0.001)...
Solving ridge regression (iterative, delta-reg=0.001)...
Solving ridge regression (iterative, delta-reg=0.001)...
Solving ridge regression (iterative, delta-reg=0.001)...
Solving ridge regression (iterative, delta-reg=0.001)...
Solving ridge regression (iterative, delta-reg=0.001)...
Solving ridge regression (iterative, delta-reg=0.001)...
Solving ridge regression (iterative, delta-reg=0.001)...
Solving ridge regression (iterative, delta-reg=0.001)...
Solving ridge regression (iterative, delta-reg=0.001)...
Solving ridge regression (iterative, delta-reg=0.001)...
Solving ridge regression (iterative, delta-reg=0.001)...
Solving ridge regression (iterative, delta-reg=0.001)...
Solving ridge regression (iterative, delta-reg=0.001)...
Solving ridge regression (iterative, delta-reg=0.001)...
Solving ridge regression (iterative, delta-reg=0.001)...
Solving ridge regression (iterative, delta-reg=0.001)...
Solving ridge regression (iterative, delta-reg=0.001)...
Solving ridge regression (iterative, delta-reg=0.001)...
Solving ridge regression (iterative, delta-reg=0.001)...
Solving ridge regression (iterative, delta-reg=0.001)...
Solving ridge regression (iterative, delta-reg=0.001)...
Solving ridge regression (iterative, delta-reg=0.001)...
Solving ridge regression (iterative, delta-reg=0.001)...
Solving ridge regression (iterative, delta-reg=0.001)...
Solving ridge regression (iterative, delta-reg=0.001)...
Solving ridge regression (iterative, delta-reg=0.001)...
[PnC diagnostic | calib] perturbation_scale=25.0
  Uncorrected shift (mean±std, 50 members): 4.3515 ± 0.1009
  Corrected   shift (mean±std, 50 members): 1.2592 ± 0.0199
  Correction reduction: 71.1%
[dir] built P&C + DE (23s)
[dir] id_test        (id) cov_tr P&C/DE=1.80 lead_cos=0.524 top3_cos=0.612 MI P&C/DE=0.0020/0.0001
[dir] cifar100       (near) cov_tr P&C/DE=0.65 lead_cos=0.496 top3_cos=0.628 MI P&C/DE=0.2221/0.2042
[dir] tiny_imagenet  (near) cov_tr P&C/DE=0.70 lead_cos=0.539 top3_cos=0.606 MI P&C/DE=0.2244/0.2386
[dir] mnist          (far) cov_tr P&C/DE=0.60 lead_cos=0.391 top3_cos=0.651 MI P&C/DE=0.2781/0.2468
[dir] svhn           (far) cov_tr P&C/DE=0.66 lead_cos=0.475 top3_cos=0.623 MI P&C/DE=0.2676/0.3100
[dir] textures       (far) cov_tr P&C/DE=0.71 lead_cos=0.412 top3_cos=0.589 MI P&C/DE=0.2618/0.2472
[dir] places365      (far) cov_tr P&C/DE=0.73 lead_cos=0.473 top3_cos=0.608 MI P&C/DE=0.2347/0.2075
[dir] wrote directional_uncertainty_raw.json in 49s
