CIFAR-10 loaded: train=(50000, 32, 32, 3), test=(10000, 32, 32, 3)
Solving ridge regression (iterative, delta-reg=0.001)...
Solving ridge regression (iterative, delta-reg=0.001)...
Solving ridge regression (iterative, delta-reg=0.001)...
Solving ridge regression (iterative, delta-reg=0.001)...
Solving ridge regression (iterative, delta-reg=0.001)...
Solving ridge regression (iterative, delta-reg=0.001)...
Solving ridge regression (iterative, delta-reg=0.001)...
Solving ridge regression (iterative, delta-reg=0.001)...
Solving ridge regression (iterative, delta-reg=0.001)...
Solving ridge regression (iterative, delta-reg=0.001)...
Solving ridge regression (iterative, delta-reg=0.001)...
Solving ridge regression (iterative, delta-reg=0.001)...
Solving ridge regression (iterative, delta-reg=0.001)...
Solving ridge regression (iterative, delta-reg=0.001)...
Solving ridge regression (iterative, delta-reg=0.001)...
Solving ridge regression (iterative, delta-reg=0.001)...
Solving ridge regression (iterative, delta-reg=0.001)...
Solving ridge regression (iterative, delta-reg=0.001)...
Solving ridge regression (iterative, delta-reg=0.001)...
Solving ridge regression (iterative, delta-reg=0.001)...
Solving ridge regression (iterative, delta-reg=0.001)...
Solving ridge regression (iterative, delta-reg=0.001)...
Solving ridge regression (iterative, delta-reg=0.001)...
Solving ridge regression (iterative, delta-reg=0.001)...
Solving ridge regression (iterative, delta-reg=0.001)...
Solving ridge regression (iterative, delta-reg=0.001)...
Solving ridge regression (iterative, delta-reg=0.001)...
Solving ridge regression (iterative, delta-reg=0.001)...
Solving ridge regression (iterative, delta-reg=0.001)...
Solving ridge regression (iterative, delta-reg=0.001)...
Solving ridge regression (iterative, delta-reg=0.001)...
Solving ridge regression (iterative, delta-reg=0.001)...
Solving ridge regression (iterative, delta-reg=0.001)...
Solving ridge regression (iterative, delta-reg=0.001)...
Solving ridge regression (iterative, delta-reg=0.001)...
Solving ridge regression (iterative, delta-reg=0.001)...
Solving ridge regression (iterative, delta-reg=0.001)...
Solving ridge regression (iterative, delta-reg=0.001)...
Solving ridge regression (iterative, delta-reg=0.001)...
Solving ridge regression (iterative, delta-reg=0.001)...
Solving ridge regression (iterative, delta-reg=0.001)...
Solving ridge regression (iterative, delta-reg=0.001)...
Solving ridge regression (iterative, delta-reg=0.001)...
Solving ridge regression (iterative, delta-reg=0.001)...
Solving ridge regression (iterative, delta-reg=0.001)...
Solving ridge regression (iterative, delta-reg=0.001)...
Solving ridge regression (iterative, delta-reg=0.001)...
Solving ridge regression (iterative, delta-reg=0.001)...
Solving ridge regression (iterative, delta-reg=0.001)...
Solving ridge regression (iterative, delta-reg=0.001)...
[PnC diagnostic | calib] perturbation_scale=25.0
  Uncorrected shift (mean±std, 50 members): 4.3515 ± 0.1009
  Corrected   shift (mean±std, 50 members): 0.5175 ± 0.0021
  Correction reduction: 88.1%
[dt] id_test        N=256 med maha=10.48 jproj=0.885 MI=0.000
[dt] cifar100       N=256 med maha=10.79 jproj=2.282 MI=0.116
[dt] tiny_imagenet  N=256 med maha=10.77 jproj=2.405 MI=0.105
[dt] svhn           N=256 med maha=16.15 jproj=2.620 MI=0.109
[dt] textures       N=256 med maha=15.61 jproj=2.695 MI=0.123
[dt] MI: R2 dist=0.116 transfer=0.493 both=0.494 | dR2(tr|dist,FE)=0.205 dR2(dist|tr,FE)=0.000 | within-ds R2 dist=0.078 tr=0.347
[dt] logit_cov_tr: R2 dist=0.199 transfer=0.714 both=0.724 | dR2(tr|dist,FE)=0.250 dR2(dist|tr,FE)=0.013 | within-ds R2 dist=0.210 tr=0.625
[dt] pred_ent: R2 dist=0.212 transfer=0.450 both=0.452 | dR2(tr|dist,FE)=0.111 dR2(dist|tr,FE)=0.002 | within-ds R2 dist=0.033 tr=0.265
[dt] wrote distance_transfer_raw.json in 393s
