[seed] Seeded everything with seed=0
CIFAR-10 loaded: train=(50000, 32, 32, 3), test=(10000, 32, 32, 3)
[mech] calibration subset: 1024 images (exact P&C set)
Solving ridge regression (iterative, delta-reg=0.001)...
Solving ridge regression (iterative, delta-reg=0.001)...
Solving ridge regression (iterative, delta-reg=0.001)...
Solving ridge regression (iterative, delta-reg=0.001)...
Solving ridge regression (iterative, delta-reg=0.001)...
Solving ridge regression (iterative, delta-reg=0.001)...
Solving ridge regression (iterative, delta-reg=0.001)...
Solving ridge regression (iterative, delta-reg=0.001)...
Solving ridge regression (iterative, delta-reg=0.001)...
Solving ridge regression (iterative, delta-reg=0.001)...
Solving ridge regression (iterative, delta-reg=0.001)...
Solving ridge regression (iterative, delta-reg=0.001)...
Solving ridge regression (iterative, delta-reg=0.001)...
Solving ridge regression (iterative, delta-reg=0.001)...
Solving ridge regression (iterative, delta-reg=0.001)...
Solving ridge regression (iterative, delta-reg=0.001)...
Solving ridge regression (iterative, delta-reg=0.001)...
Solving ridge regression (iterative, delta-reg=0.001)...
Solving ridge regression (iterative, delta-reg=0.001)...
Solving ridge regression (iterative, delta-reg=0.001)...
Solving ridge regression (iterative, delta-reg=0.001)...
Solving ridge regression (iterative, delta-reg=0.001)...
Solving ridge regression (iterative, delta-reg=0.001)...
Solving ridge regression (iterative, delta-reg=0.001)...
Solving ridge regression (iterative, delta-reg=0.001)...
Solving ridge regression (iterative, delta-reg=0.001)...
Solving ridge regression (iterative, delta-reg=0.001)...
Solving ridge regression (iterative, delta-reg=0.001)...
Solving ridge regression (iterative, delta-reg=0.001)...
Solving ridge regression (iterative, delta-reg=0.001)...
Solving ridge regression (iterative, delta-reg=0.001)...
Solving ridge regression (iterative, delta-reg=0.001)...
Solving ridge regression (iterative, delta-reg=0.001)...
Solving ridge regression (iterative, delta-reg=0.001)...
Solving ridge regression (iterative, delta-reg=0.001)...
Solving ridge regression (iterative, delta-reg=0.001)...
Solving ridge regression (iterative, delta-reg=0.001)...
Solving ridge regression (iterative, delta-reg=0.001)...
Solving ridge regression (iterative, delta-reg=0.001)...
Solving ridge regression (iterative, delta-reg=0.001)...
Solving ridge regression (iterative, delta-reg=0.001)...
Solving ridge regression (iterative, delta-reg=0.001)...
Solving ridge regression (iterative, delta-reg=0.001)...
Solving ridge regression (iterative, delta-reg=0.001)...
Solving ridge regression (iterative, delta-reg=0.001)...
Solving ridge regression (iterative, delta-reg=0.001)...
Solving ridge regression (iterative, delta-reg=0.001)...
Solving ridge regression (iterative, delta-reg=0.001)...
Solving ridge regression (iterative, delta-reg=0.001)...
Solving ridge regression (iterative, delta-reg=0.001)...
[PnC diagnostic | calib] perturbation_scale=25.0
  Uncorrected shift (mean±std, 50 members): 4.3515 ± 0.1009
  Corrected   shift (mean±std, 50 members): 1.2592 ± 0.0199
  Correction reduction: 71.1%
[mech] anchor ensemble built (35s)
[mech] Mahalanobis fit: block_input D=256, penult D=512
[mech] id_test        (id) n=2500  med_dist=10.539  med_predent=0.0438  med_MI=0.0022
[mech] cifar100       (near) n=2500  med_dist=10.885  med_predent=1.1155  med_MI=0.2181
[mech] tiny_imagenet  (near) n=2500  med_dist=10.813  med_predent=1.1229  med_MI=0.2162
[mech] mnist          (far) n=2500  med_dist=15.524  med_predent=1.4113  med_MI=0.2761
[mech] svhn           (far) n=2500  med_dist=15.905  med_predent=1.5199  med_MI=0.2588
[mech] textures       (far) n=2500  med_dist=15.756  med_predent=1.3805  med_MI=0.2567
[mech] places365      (far) n=2500  med_dist=10.896  med_predent=1.2005  med_MI=0.2400
[mech] wrote /home/elean/pnc/results/neurips_2026_rebuttal/cifar/mechanism_cifar_per_example.csv (17500 rows) in 182s
