[repro B] checkpoint = results/cifar10/preact_resnet18_train_e300_optsgd_lr1e-01_wd5e-04_bs128_wu5_mom0p9_n1_augfcco8_ls0_seed0.pkl
[repro B] params = {'dataset': 'cifar10', 'epochs': 300, 'n_directions': 20, 'n_perturbations': 50, 'perturbation_sizes': [50.0], 'subset_size': 1024, 'chunk_size': 1024, 'target_stage_idx': 3, 'target_block_idx': 1, 'random_directions': True, 'seed': 0, 'lambda_reg': 0.001, 'posthoc_calibrate': True, 'bootstrap_frac': 0.0}
[seed] Seeded everything with seed=0
CIFAR-10 loaded: train=(50000, 32, 32, 3), test=(10000, 32, 32, 3)
Solving ridge regression (iterative, delta-reg=0.001)...
Solving ridge regression (iterative, delta-reg=0.001)...
Solving ridge regression (iterative, delta-reg=0.001)...
Solving ridge regression (iterative, delta-reg=0.001)...
Solving ridge regression (iterative, delta-reg=0.001)...
Solving ridge regression (iterative, delta-reg=0.001)...
Solving ridge regression (iterative, delta-reg=0.001)...
Solving ridge regression (iterative, delta-reg=0.001)...
Solving ridge regression (iterative, delta-reg=0.001)...
Solving ridge regression (iterative, delta-reg=0.001)...
Solving ridge regression (iterative, delta-reg=0.001)...
Solving ridge regression (iterative, delta-reg=0.001)...
Solving ridge regression (iterative, delta-reg=0.001)...
Solving ridge regression (iterative, delta-reg=0.001)...
Solving ridge regression (iterative, delta-reg=0.001)...
Solving ridge regression (iterative, delta-reg=0.001)...
Solving ridge regression (iterative, delta-reg=0.001)...
Solving ridge regression (iterative, delta-reg=0.001)...
Solving ridge regression (iterative, delta-reg=0.001)...
Solving ridge regression (iterative, delta-reg=0.001)...
Solving ridge regression (iterative, delta-reg=0.001)...
Solving ridge regression (iterative, delta-reg=0.001)...
Solving ridge regression (iterative, delta-reg=0.001)...
Solving ridge regression (iterative, delta-reg=0.001)...
Solving ridge regression (iterative, delta-reg=0.001)...
Solving ridge regression (iterative, delta-reg=0.001)...
Solving ridge regression (iterative, delta-reg=0.001)...
Solving ridge regression (iterative, delta-reg=0.001)...
Solving ridge regression (iterative, delta-reg=0.001)...
Solving ridge regression (iterative, delta-reg=0.001)...
Solving ridge regression (iterative, delta-reg=0.001)...
Solving ridge regression (iterative, delta-reg=0.001)...
Solving ridge regression (iterative, delta-reg=0.001)...
Solving ridge regression (iterative, delta-reg=0.001)...
Solving ridge regression (iterative, delta-reg=0.001)...
Solving ridge regression (iterative, delta-reg=0.001)...
Solving ridge regression (iterative, delta-reg=0.001)...
Solving ridge regression (iterative, delta-reg=0.001)...
Solving ridge regression (iterative, delta-reg=0.001)...
Solving ridge regression (iterative, delta-reg=0.001)...
Solving ridge regression (iterative, delta-reg=0.001)...
Solving ridge regression (iterative, delta-reg=0.001)...
Solving ridge regression (iterative, delta-reg=0.001)...
Solving ridge regression (iterative, delta-reg=0.001)...
Solving ridge regression (iterative, delta-reg=0.001)...
Solving ridge regression (iterative, delta-reg=0.001)...
Solving ridge regression (iterative, delta-reg=0.001)...
Solving ridge regression (iterative, delta-reg=0.001)...
Solving ridge regression (iterative, delta-reg=0.001)...
Solving ridge regression (iterative, delta-reg=0.001)...
[PnC diagnostic | calib] perturbation_scale=50.0
  Uncorrected shift (mean±std, 50 members): 4.0317 ± 0.2107
  Corrected   shift (mean±std, 50 members): 0.3619 ± 0.0027
  Correction reduction: 91.0%

--- Results: PnC scale=50.0 ID Validation ---
Acc: 0.9556 | Brier: 0.0642 | Entropy: 0.1329 | NLL: 0.1344 | ECE: 0.0075

--- Results: PnC scale=50.0 ID Test ---
Acc: 0.9565 | Brier: 0.0650 | Entropy: 0.1324 | NLL: 0.1384 | ECE: 0.0079

===== REPRO B vs CACHED (B_s3b1_ps50_nobf) =====
metric             reproduced       cached     abs_diff
-------------------------------------------------------
acc                   95.6500      95.6500      +0.0000
nll                    0.1384       0.1384      +0.0000
ece                    0.0079       0.0078      +0.0001
posthoc_temperature       0.9971       0.9972      -0.0001
near_auroc            91.6950      91.6951      -0.0000
far_auroc             95.1915      95.1915      -0.0000
near_fpr95            30.7500      30.7500      +0.0000
far_fpr95             17.9700      17.9700      +0.0000

runtime: 892.0s -> wrote /home/elean/pnc/results/neurips_2026_rebuttal/cifar/reproduction_cifar_seed0_B.json
