[repro A] checkpoint = results/cifar10/preact_resnet18_train_e300_optsgd_lr1e-01_wd5e-04_bs128_wu5_mom0p9_n1_augfcco8_ls0_seed0.pkl
[repro A] params = {'dataset': 'cifar10', 'epochs': 300, 'n_directions': 20, 'n_perturbations': 50, 'perturbation_sizes': [25.0], 'subset_size': 1024, 'chunk_size': 1024, 'target_stage_idx': 3, 'target_block_idx': 0, 'random_directions': True, 'seed': 0, 'lambda_reg': 0.001, 'posthoc_calibrate': True, 'bootstrap_frac': 0.05}
[seed] Seeded everything with seed=0
Downloading CIFAR-10 from https://www.cs.toronto.edu/~kriz/cifar-10-binary.tar.gz ...
Extracting CIFAR-10 ...
CIFAR-10 loaded: train=(50000, 32, 32, 3), test=(10000, 32, 32, 3)
Solving ridge regression (iterative, delta-reg=0.001)...
Solving ridge regression (iterative, delta-reg=0.001)...
Solving ridge regression (iterative, delta-reg=0.001)...
Solving ridge regression (iterative, delta-reg=0.001)...
Solving ridge regression (iterative, delta-reg=0.001)...
Solving ridge regression (iterative, delta-reg=0.001)...
Solving ridge regression (iterative, delta-reg=0.001)...
Solving ridge regression (iterative, delta-reg=0.001)...
Solving ridge regression (iterative, delta-reg=0.001)...
Solving ridge regression (iterative, delta-reg=0.001)...
Solving ridge regression (iterative, delta-reg=0.001)...
Solving ridge regression (iterative, delta-reg=0.001)...
Solving ridge regression (iterative, delta-reg=0.001)...
Solving ridge regression (iterative, delta-reg=0.001)...
Solving ridge regression (iterative, delta-reg=0.001)...
Solving ridge regression (iterative, delta-reg=0.001)...
Solving ridge regression (iterative, delta-reg=0.001)...
Solving ridge regression (iterative, delta-reg=0.001)...
Solving ridge regression (iterative, delta-reg=0.001)...
Solving ridge regression (iterative, delta-reg=0.001)...
Solving ridge regression (iterative, delta-reg=0.001)...
Solving ridge regression (iterative, delta-reg=0.001)...
Solving ridge regression (iterative, delta-reg=0.001)...
Solving ridge regression (iterative, delta-reg=0.001)...
Solving ridge regression (iterative, delta-reg=0.001)...
Solving ridge regression (iterative, delta-reg=0.001)...
Solving ridge regression (iterative, delta-reg=0.001)...
Solving ridge regression (iterative, delta-reg=0.001)...
Solving ridge regression (iterative, delta-reg=0.001)...
Solving ridge regression (iterative, delta-reg=0.001)...
Solving ridge regression (iterative, delta-reg=0.001)...
Solving ridge regression (iterative, delta-reg=0.001)...
Solving ridge regression (iterative, delta-reg=0.001)...
Solving ridge regression (iterative, delta-reg=0.001)...
Solving ridge regression (iterative, delta-reg=0.001)...
Solving ridge regression (iterative, delta-reg=0.001)...
Solving ridge regression (iterative, delta-reg=0.001)...
Solving ridge regression (iterative, delta-reg=0.001)...
Solving ridge regression (iterative, delta-reg=0.001)...
Solving ridge regression (iterative, delta-reg=0.001)...
Solving ridge regression (iterative, delta-reg=0.001)...
Solving ridge regression (iterative, delta-reg=0.001)...
Solving ridge regression (iterative, delta-reg=0.001)...
Solving ridge regression (iterative, delta-reg=0.001)...
Solving ridge regression (iterative, delta-reg=0.001)...
Solving ridge regression (iterative, delta-reg=0.001)...
Solving ridge regression (iterative, delta-reg=0.001)...
Solving ridge regression (iterative, delta-reg=0.001)...
Solving ridge regression (iterative, delta-reg=0.001)...
Solving ridge regression (iterative, delta-reg=0.001)...
[PnC diagnostic | calib] perturbation_scale=25.0
  Uncorrected shift (mean±std, 50 members): 4.3515 ± 0.1009
  Corrected   shift (mean±std, 50 members): 1.2592 ± 0.0197
  Correction reduction: 71.1%

--- Results: PnC scale=25.0 ID Validation ---
Acc: 0.9572 | Brier: 0.0616 | Entropy: 0.1222 | NLL: 0.1250 | ECE: 0.0067

--- Results: PnC scale=25.0 ID Test ---
Acc: 0.9585 | Brier: 0.0626 | Entropy: 0.1208 | NLL: 0.1342 | ECE: 0.0049

===== REPRO A vs CACHED (A_s3b0_ps25_bf0.05) =====
metric             reproduced       cached     abs_diff
-------------------------------------------------------
acc                   95.8500      95.8500      +0.0000
nll                    0.1342       0.1342      -0.0000
ece                    0.0049       0.0049      -0.0000
posthoc_temperature       0.7608       0.7607      +0.0001
near_auroc            91.4134      91.4133      +0.0001
far_auroc             95.6913      95.6911      +0.0002
near_fpr95            33.9900      33.9750      +0.0150
far_fpr95             17.1625      17.1625      +0.0000

runtime: 4898.3s -> wrote /home/elean/pnc/results/neurips_2026_rebuttal/cifar/reproduction_cifar_seed0_A.json
