[sweep] seed=0 factors=['scale', 'rank', 'calib', 'ridge', 'block']; 15 cells already done
[seed] Seeded everything with seed=0
CIFAR-10 loaded: train=(50000, 32, 32, 3), test=(10000, 32, 32, 3)
Solving ridge regression (iterative, delta-reg=0.001)...
Solving ridge regression (iterative, delta-reg=0.001)...
Solving ridge regression (iterative, delta-reg=0.001)...
Solving ridge regression (iterative, delta-reg=0.001)...
Solving ridge regression (iterative, delta-reg=0.001)...
Solving ridge regression (iterative, delta-reg=0.001)...
Solving ridge regression (iterative, delta-reg=0.001)...
Solving ridge regression (iterative, delta-reg=0.001)...
Solving ridge regression (iterative, delta-reg=0.001)...
Solving ridge regression (iterative, delta-reg=0.001)...
Solving ridge regression (iterative, delta-reg=0.001)...
Solving ridge regression (iterative, delta-reg=0.001)...
Solving ridge regression (iterative, delta-reg=0.001)...
Solving ridge regression (iterative, delta-reg=0.001)...
Solving ridge regression (iterative, delta-reg=0.001)...
Solving ridge regression (iterative, delta-reg=0.001)...
Solving ridge regression (iterative, delta-reg=0.001)...
Solving ridge regression (iterative, delta-reg=0.001)...
Solving ridge regression (iterative, delta-reg=0.001)...
Solving ridge regression (iterative, delta-reg=0.001)...
Solving ridge regression (iterative, delta-reg=0.001)...
Solving ridge regression (iterative, delta-reg=0.001)...
Solving ridge regression (iterative, delta-reg=0.001)...
Solving ridge regression (iterative, delta-reg=0.001)...
Solving ridge regression (iterative, delta-reg=0.001)...
Solving ridge regression (iterative, delta-reg=0.001)...
Solving ridge regression (iterative, delta-reg=0.001)...
Solving ridge regression (iterative, delta-reg=0.001)...
Solving ridge regression (iterative, delta-reg=0.001)...
Solving ridge regression (iterative, delta-reg=0.001)...
Solving ridge regression (iterative, delta-reg=0.001)...
Solving ridge regression (iterative, delta-reg=0.001)...
Solving ridge regression (iterative, delta-reg=0.001)...
Solving ridge regression (iterative, delta-reg=0.001)...
Solving ridge regression (iterative, delta-reg=0.001)...
Solving ridge regression (iterative, delta-reg=0.001)...
Solving ridge regression (iterative, delta-reg=0.001)...
Solving ridge regression (iterative, delta-reg=0.001)...
Solving ridge regression (iterative, delta-reg=0.001)...
Solving ridge regression (iterative, delta-reg=0.001)...
Solving ridge regression (iterative, delta-reg=0.001)...
Solving ridge regression (iterative, delta-reg=0.001)...
Solving ridge regression (iterative, delta-reg=0.001)...
Solving ridge regression (iterative, delta-reg=0.001)...
Solving ridge regression (iterative, delta-reg=0.001)...
Solving ridge regression (iterative, delta-reg=0.001)...
Solving ridge regression (iterative, delta-reg=0.001)...
Solving ridge regression (iterative, delta-reg=0.001)...
Solving ridge regression (iterative, delta-reg=0.001)...
Solving ridge regression (iterative, delta-reg=0.001)...
[PnC diagnostic | calib] perturbation_scale=6.25
  Uncorrected shift (mean±std, 50 members): 0.4405 ± 0.0135
  Corrected   shift (mean±std, 50 members): 0.3281 ± 0.0022
  Correction reduction: 25.5%

--- Results: PnC scale=6.25 ID Validation ---
Acc: 0.9598 | Brier: 0.0607 | Entropy: 0.1294 | NLL: 0.1310 | ECE: 0.0075

--- Results: PnC scale=6.25 ID Test ---
Acc: 0.9587 | Brier: 0.0621 | Entropy: 0.1304 | NLL: 0.1365 | ECE: 0.0087
[sweep] scale_ps6.25 seed0 [ok] idacc=95.87 nearAUROC=88.61 nearFPR95=58.9 (840s)
[seed] Seeded everything with seed=0
CIFAR-10 loaded: train=(50000, 32, 32, 3), test=(10000, 32, 32, 3)
Solving ridge regression (iterative, delta-reg=0.001)...
Solving ridge regression (iterative, delta-reg=0.001)...
Solving ridge regression (iterative, delta-reg=0.001)...
Solving ridge regression (iterative, delta-reg=0.001)...
Solving ridge regression (iterative, delta-reg=0.001)...
Solving ridge regression (iterative, delta-reg=0.001)...
Solving ridge regression (iterative, delta-reg=0.001)...
Solving ridge regression (iterative, delta-reg=0.001)...
Solving ridge regression (iterative, delta-reg=0.001)...
Solving ridge regression (iterative, delta-reg=0.001)...
Solving ridge regression (iterative, delta-reg=0.001)...
Solving ridge regression (iterative, delta-reg=0.001)...
Solving ridge regression (iterative, delta-reg=0.001)...
Solving ridge regression (iterative, delta-reg=0.001)...
Solving ridge regression (iterative, delta-reg=0.001)...
Solving ridge regression (iterative, delta-reg=0.001)...
Solving ridge regression (iterative, delta-reg=0.001)...
Solving ridge regression (iterative, delta-reg=0.001)...
Solving ridge regression (iterative, delta-reg=0.001)...
Solving ridge regression (iterative, delta-reg=0.001)...
Solving ridge regression (iterative, delta-reg=0.001)...
Solving ridge regression (iterative, delta-reg=0.001)...
Solving ridge regression (iterative, delta-reg=0.001)...
Solving ridge regression (iterative, delta-reg=0.001)...
Solving ridge regression (iterative, delta-reg=0.001)...
Solving ridge regression (iterative, delta-reg=0.001)...
Solving ridge regression (iterative, delta-reg=0.001)...
Solving ridge regression (iterative, delta-reg=0.001)...
Solving ridge regression (iterative, delta-reg=0.001)...
Solving ridge regression (iterative, delta-reg=0.001)...
Solving ridge regression (iterative, delta-reg=0.001)...
Solving ridge regression (iterative, delta-reg=0.001)...
Solving ridge regression (iterative, delta-reg=0.001)...
Solving ridge regression (iterative, delta-reg=0.001)...
Solving ridge regression (iterative, delta-reg=0.001)...
Solving ridge regression (iterative, delta-reg=0.001)...
Solving ridge regression (iterative, delta-reg=0.001)...
Solving ridge regression (iterative, delta-reg=0.001)...
Solving ridge regression (iterative, delta-reg=0.001)...
Solving ridge regression (iterative, delta-reg=0.001)...
Solving ridge regression (iterative, delta-reg=0.001)...
Solving ridge regression (iterative, delta-reg=0.001)...
Solving ridge regression (iterative, delta-reg=0.001)...
Solving ridge regression (iterative, delta-reg=0.001)...
Solving ridge regression (iterative, delta-reg=0.001)...
Solving ridge regression (iterative, delta-reg=0.001)...
Solving ridge regression (iterative, delta-reg=0.001)...
Solving ridge regression (iterative, delta-reg=0.001)...
Solving ridge regression (iterative, delta-reg=0.001)...
Solving ridge regression (iterative, delta-reg=0.001)...
[PnC diagnostic | calib] perturbation_scale=12.5
  Uncorrected shift (mean±std, 50 members): 1.3549 ± 0.0390
  Corrected   shift (mean±std, 50 members): 0.6195 ± 0.0036
  Correction reduction: 54.3%

--- Results: PnC scale=12.5 ID Validation ---
Acc: 0.9584 | Brier: 0.0606 | Entropy: 0.1238 | NLL: 0.1280 | ECE: 0.0092

--- Results: PnC scale=12.5 ID Test ---
Acc: 0.9583 | Brier: 0.0617 | Entropy: 0.1242 | NLL: 0.1336 | ECE: 0.0086
[sweep] scale_ps12.5 seed0 [ok] idacc=95.83 nearAUROC=89.82 nearFPR95=46.1 (830s)
[seed] Seeded everything with seed=0
CIFAR-10 loaded: train=(50000, 32, 32, 3), test=(10000, 32, 32, 3)
Solving ridge regression (iterative, delta-reg=0.001)...
Solving ridge regression (iterative, delta-reg=0.001)...
Solving ridge regression (iterative, delta-reg=0.001)...
Solving ridge regression (iterative, delta-reg=0.001)...
Solving ridge regression (iterative, delta-reg=0.001)...
Solving ridge regression (iterative, delta-reg=0.001)...
Solving ridge regression (iterative, delta-reg=0.001)...
Solving ridge regression (iterative, delta-reg=0.001)...
Solving ridge regression (iterative, delta-reg=0.001)...
Solving ridge regression (iterative, delta-reg=0.001)...
Solving ridge regression (iterative, delta-reg=0.001)...
Solving ridge regression (iterative, delta-reg=0.001)...
Solving ridge regression (iterative, delta-reg=0.001)...
Solving ridge regression (iterative, delta-reg=0.001)...
Solving ridge regression (iterative, delta-reg=0.001)...
Solving ridge regression (iterative, delta-reg=0.001)...
Solving ridge regression (iterative, delta-reg=0.001)...
Solving ridge regression (iterative, delta-reg=0.001)...
Solving ridge regression (iterative, delta-reg=0.001)...
Solving ridge regression (iterative, delta-reg=0.001)...
Solving ridge regression (iterative, delta-reg=0.001)...
Solving ridge regression (iterative, delta-reg=0.001)...
Solving ridge regression (iterative, delta-reg=0.001)...
Solving ridge regression (iterative, delta-reg=0.001)...
Solving ridge regression (iterative, delta-reg=0.001)...
Solving ridge regression (iterative, delta-reg=0.001)...
Solving ridge regression (iterative, delta-reg=0.001)...
Solving ridge regression (iterative, delta-reg=0.001)...
Solving ridge regression (iterative, delta-reg=0.001)...
Solving ridge regression (iterative, delta-reg=0.001)...
Solving ridge regression (iterative, delta-reg=0.001)...
Solving ridge regression (iterative, delta-reg=0.001)...
Solving ridge regression (iterative, delta-reg=0.001)...
Solving ridge regression (iterative, delta-reg=0.001)...
Solving ridge regression (iterative, delta-reg=0.001)...
Solving ridge regression (iterative, delta-reg=0.001)...
Solving ridge regression (iterative, delta-reg=0.001)...
Solving ridge regression (iterative, delta-reg=0.001)...
Solving ridge regression (iterative, delta-reg=0.001)...
Solving ridge regression (iterative, delta-reg=0.001)...
Solving ridge regression (iterative, delta-reg=0.001)...
Solving ridge regression (iterative, delta-reg=0.001)...
Solving ridge regression (iterative, delta-reg=0.001)...
Solving ridge regression (iterative, delta-reg=0.001)...
Solving ridge regression (iterative, delta-reg=0.001)...
Solving ridge regression (iterative, delta-reg=0.001)...
Solving ridge regression (iterative, delta-reg=0.001)...
Solving ridge regression (iterative, delta-reg=0.001)...
Solving ridge regression (iterative, delta-reg=0.001)...
Solving ridge regression (iterative, delta-reg=0.001)...
[PnC diagnostic | calib] perturbation_scale=25.0
  Uncorrected shift (mean±std, 50 members): 4.3515 ± 0.1009
  Corrected   shift (mean±std, 50 members): 1.2592 ± 0.0197
  Correction reduction: 71.1%

--- Results: PnC scale=25.0 ID Validation ---
Acc: 0.9572 | Brier: 0.0616 | Entropy: 0.1222 | NLL: 0.1250 | ECE: 0.0068

--- Results: PnC scale=25.0 ID Test ---
Acc: 0.9585 | Brier: 0.0626 | Entropy: 0.1208 | NLL: 0.1342 | ECE: 0.0049
[sweep] scale_ps25.0 seed0 [ok] idacc=95.85 nearAUROC=91.41 nearFPR95=34.0 (824s)
[seed] Seeded everything with seed=0
CIFAR-10 loaded: train=(50000, 32, 32, 3), test=(10000, 32, 32, 3)
Solving ridge regression (iterative, delta-reg=0.001)...
Solving ridge regression (iterative, delta-reg=0.001)...
Solving ridge regression (iterative, delta-reg=0.001)...
Solving ridge regression (iterative, delta-reg=0.001)...
Solving ridge regression (iterative, delta-reg=0.001)...
Solving ridge regression (iterative, delta-reg=0.001)...
Solving ridge regression (iterative, delta-reg=0.001)...
Solving ridge regression (iterative, delta-reg=0.001)...
Solving ridge regression (iterative, delta-reg=0.001)...
Solving ridge regression (iterative, delta-reg=0.001)...
Solving ridge regression (iterative, delta-reg=0.001)...
Solving ridge regression (iterative, delta-reg=0.001)...
Solving ridge regression (iterative, delta-reg=0.001)...
Solving ridge regression (iterative, delta-reg=0.001)...
Solving ridge regression (iterative, delta-reg=0.001)...
Solving ridge regression (iterative, delta-reg=0.001)...
Solving ridge regression (iterative, delta-reg=0.001)...
Solving ridge regression (iterative, delta-reg=0.001)...
Solving ridge regression (iterative, delta-reg=0.001)...
Solving ridge regression (iterative, delta-reg=0.001)...
Solving ridge regression (iterative, delta-reg=0.001)...
Solving ridge regression (iterative, delta-reg=0.001)...
Solving ridge regression (iterative, delta-reg=0.001)...
Solving ridge regression (iterative, delta-reg=0.001)...
Solving ridge regression (iterative, delta-reg=0.001)...
Solving ridge regression (iterative, delta-reg=0.001)...
Solving ridge regression (iterative, delta-reg=0.001)...
Solving ridge regression (iterative, delta-reg=0.001)...
Solving ridge regression (iterative, delta-reg=0.001)...
Solving ridge regression (iterative, delta-reg=0.001)...
Solving ridge regression (iterative, delta-reg=0.001)...
Solving ridge regression (iterative, delta-reg=0.001)...
Solving ridge regression (iterative, delta-reg=0.001)...
Solving ridge regression (iterative, delta-reg=0.001)...
Solving ridge regression (iterative, delta-reg=0.001)...
Solving ridge regression (iterative, delta-reg=0.001)...
Solving ridge regression (iterative, delta-reg=0.001)...
Solving ridge regression (iterative, delta-reg=0.001)...
Solving ridge regression (iterative, delta-reg=0.001)...
Solving ridge regression (iterative, delta-reg=0.001)...
Solving ridge regression (iterative, delta-reg=0.001)...
Solving ridge regression (iterative, delta-reg=0.001)...
Solving ridge regression (iterative, delta-reg=0.001)...
Solving ridge regression (iterative, delta-reg=0.001)...
Solving ridge regression (iterative, delta-reg=0.001)...
Solving ridge regression (iterative, delta-reg=0.001)...
Solving ridge regression (iterative, delta-reg=0.001)...
Solving ridge regression (iterative, delta-reg=0.001)...
Solving ridge regression (iterative, delta-reg=0.001)...
Solving ridge regression (iterative, delta-reg=0.001)...
[PnC diagnostic | calib] perturbation_scale=50.0
  Uncorrected shift (mean±std, 50 members): 12.1476 ± 0.2359
  Corrected   shift (mean±std, 50 members): 5.0025 ± 0.3003
  Correction reduction: 58.8%

--- Results: PnC scale=50.0 ID Validation ---
Acc: 0.5178 | Brier: 0.6066 | Entropy: 1.0268 | NLL: 1.1687 | ECE: 0.1194

--- Results: PnC scale=50.0 ID Test ---
Acc: 0.5140 | Brier: 0.6076 | Entropy: 1.0401 | NLL: 1.1776 | ECE: 0.1159
[sweep] scale_ps50.0 seed0 [ok] idacc=51.40 nearAUROC=62.53 nearFPR95=87.3 (820s)
[seed] Seeded everything with seed=0
CIFAR-10 loaded: train=(50000, 32, 32, 3), test=(10000, 32, 32, 3)
Solving ridge regression (iterative, delta-reg=0.001)...
Solving ridge regression (iterative, delta-reg=0.001)...
Solving ridge regression (iterative, delta-reg=0.001)...
Solving ridge regression (iterative, delta-reg=0.001)...
Solving ridge regression (iterative, delta-reg=0.001)...
Solving ridge regression (iterative, delta-reg=0.001)...
Solving ridge regression (iterative, delta-reg=0.001)...
Solving ridge regression (iterative, delta-reg=0.001)...
Solving ridge regression (iterative, delta-reg=0.001)...
Solving ridge regression (iterative, delta-reg=0.001)...
Solving ridge regression (iterative, delta-reg=0.001)...
Solving ridge regression (iterative, delta-reg=0.001)...
Solving ridge regression (iterative, delta-reg=0.001)...
Solving ridge regression (iterative, delta-reg=0.001)...
Solving ridge regression (iterative, delta-reg=0.001)...
Solving ridge regression (iterative, delta-reg=0.001)...
Solving ridge regression (iterative, delta-reg=0.001)...
Solving ridge regression (iterative, delta-reg=0.001)...
Solving ridge regression (iterative, delta-reg=0.001)...
Solving ridge regression (iterative, delta-reg=0.001)...
Solving ridge regression (iterative, delta-reg=0.001)...
Solving ridge regression (iterative, delta-reg=0.001)...
Solving ridge regression (iterative, delta-reg=0.001)...
Solving ridge regression (iterative, delta-reg=0.001)...
Solving ridge regression (iterative, delta-reg=0.001)...
Solving ridge regression (iterative, delta-reg=0.001)...
Solving ridge regression (iterative, delta-reg=0.001)...
Solving ridge regression (iterative, delta-reg=0.001)...
Solving ridge regression (iterative, delta-reg=0.001)...
Solving ridge regression (iterative, delta-reg=0.001)...
Solving ridge regression (iterative, delta-reg=0.001)...
Solving ridge regression (iterative, delta-reg=0.001)...
Solving ridge regression (iterative, delta-reg=0.001)...
Solving ridge regression (iterative, delta-reg=0.001)...
Solving ridge regression (iterative, delta-reg=0.001)...
Solving ridge regression (iterative, delta-reg=0.001)...
Solving ridge regression (iterative, delta-reg=0.001)...
Solving ridge regression (iterative, delta-reg=0.001)...
Solving ridge regression (iterative, delta-reg=0.001)...
Solving ridge regression (iterative, delta-reg=0.001)...
Solving ridge regression (iterative, delta-reg=0.001)...
Solving ridge regression (iterative, delta-reg=0.001)...
Solving ridge regression (iterative, delta-reg=0.001)...
Solving ridge regression (iterative, delta-reg=0.001)...
Solving ridge regression (iterative, delta-reg=0.001)...
Solving ridge regression (iterative, delta-reg=0.001)...
Solving ridge regression (iterative, delta-reg=0.001)...
Solving ridge regression (iterative, delta-reg=0.001)...
Solving ridge regression (iterative, delta-reg=0.001)...
Solving ridge regression (iterative, delta-reg=0.001)...
[PnC diagnostic | calib] perturbation_scale=100.0
  Uncorrected shift (mean±std, 50 members): 29.2769 ± 0.5101
  Corrected   shift (mean±std, 50 members): 4823.8783 ± 21605.0870
  Correction reduction: -16376.8%

--- Results: PnC scale=100.0 ID Validation ---
Acc: 0.0992 | Brier: 1.1730 | Entropy: 1.5049 | NLL: 3.0090 | ECE: 0.4839

--- Results: PnC scale=100.0 ID Test ---
Acc: 0.1000 | Brier: 1.1709 | Entropy: 1.5041 | NLL: 2.9974 | ECE: 0.4835
[sweep] scale_ps100.0 seed0 [ok] idacc=10.00 nearAUROC=62.01 nearFPR95=87.2 (830s)
[seed] Seeded everything with seed=0
CIFAR-10 loaded: train=(50000, 32, 32, 3), test=(10000, 32, 32, 3)
Solving ridge regression (iterative, delta-reg=0.001)...
Solving ridge regression (iterative, delta-reg=0.001)...
Solving ridge regression (iterative, delta-reg=0.001)...
Solving ridge regression (iterative, delta-reg=0.001)...
Solving ridge regression (iterative, delta-reg=0.001)...
Solving ridge regression (iterative, delta-reg=0.001)...
Solving ridge regression (iterative, delta-reg=0.001)...
Solving ridge regression (iterative, delta-reg=0.001)...
Solving ridge regression (iterative, delta-reg=0.001)...
Solving ridge regression (iterative, delta-reg=0.001)...
Solving ridge regression (iterative, delta-reg=0.001)...
Solving ridge regression (iterative, delta-reg=0.001)...
Solving ridge regression (iterative, delta-reg=0.001)...
Solving ridge regression (iterative, delta-reg=0.001)...
Solving ridge regression (iterative, delta-reg=0.001)...
Solving ridge regression (iterative, delta-reg=0.001)...
Solving ridge regression (iterative, delta-reg=0.001)...
Solving ridge regression (iterative, delta-reg=0.001)...
Solving ridge regression (iterative, delta-reg=0.001)...
Solving ridge regression (iterative, delta-reg=0.001)...
Solving ridge regression (iterative, delta-reg=0.001)...
Solving ridge regression (iterative, delta-reg=0.001)...
Solving ridge regression (iterative, delta-reg=0.001)...
Solving ridge regression (iterative, delta-reg=0.001)...
Solving ridge regression (iterative, delta-reg=0.001)...
Solving ridge regression (iterative, delta-reg=0.001)...
Solving ridge regression (iterative, delta-reg=0.001)...
Solving ridge regression (iterative, delta-reg=0.001)...
Solving ridge regression (iterative, delta-reg=0.001)...
Solving ridge regression (iterative, delta-reg=0.001)...
Solving ridge regression (iterative, delta-reg=0.001)...
Solving ridge regression (iterative, delta-reg=0.001)...
Solving ridge regression (iterative, delta-reg=0.001)...
Solving ridge regression (iterative, delta-reg=0.001)...
Solving ridge regression (iterative, delta-reg=0.001)...
Solving ridge regression (iterative, delta-reg=0.001)...
Solving ridge regression (iterative, delta-reg=0.001)...
Solving ridge regression (iterative, delta-reg=0.001)...
Solving ridge regression (iterative, delta-reg=0.001)...
Solving ridge regression (iterative, delta-reg=0.001)...
Solving ridge regression (iterative, delta-reg=0.001)...
Solving ridge regression (iterative, delta-reg=0.001)...
Solving ridge regression (iterative, delta-reg=0.001)...
Solving ridge regression (iterative, delta-reg=0.001)...
Solving ridge regression (iterative, delta-reg=0.001)...
Solving ridge regression (iterative, delta-reg=0.001)...
Solving ridge regression (iterative, delta-reg=0.001)...
Solving ridge regression (iterative, delta-reg=0.001)...
Solving ridge regression (iterative, delta-reg=0.001)...
Solving ridge regression (iterative, delta-reg=0.001)...
[PnC diagnostic | calib] perturbation_scale=25.0
  Uncorrected shift (mean±std, 50 members): 4.3802 ± 0.0477
  Corrected   shift (mean±std, 50 members): 1.2607 ± 0.0183
  Correction reduction: 71.2%

--- Results: PnC scale=25.0 ID Validation ---
Acc: 0.9564 | Brier: 0.0653 | Entropy: 0.1339 | NLL: 0.1356 | ECE: 0.0071

--- Results: PnC scale=25.0 ID Test ---
Acc: 0.9554 | Brier: 0.0657 | Entropy: 0.1323 | NLL: 0.1427 | ECE: 0.0072
[sweep] rank_k1 seed0 [ok] idacc=95.54 nearAUROC=90.73 nearFPR95=37.6 (814s)
[seed] Seeded everything with seed=0
CIFAR-10 loaded: train=(50000, 32, 32, 3), test=(10000, 32, 32, 3)
Solving ridge regression (iterative, delta-reg=0.001)...
Solving ridge regression (iterative, delta-reg=0.001)...
Solving ridge regression (iterative, delta-reg=0.001)...
Solving ridge regression (iterative, delta-reg=0.001)...
Solving ridge regression (iterative, delta-reg=0.001)...
Solving ridge regression (iterative, delta-reg=0.001)...
Solving ridge regression (iterative, delta-reg=0.001)...
Solving ridge regression (iterative, delta-reg=0.001)...
Solving ridge regression (iterative, delta-reg=0.001)...
Solving ridge regression (iterative, delta-reg=0.001)...
Solving ridge regression (iterative, delta-reg=0.001)...
Solving ridge regression (iterative, delta-reg=0.001)...
Solving ridge regression (iterative, delta-reg=0.001)...
Solving ridge regression (iterative, delta-reg=0.001)...
Solving ridge regression (iterative, delta-reg=0.001)...
Solving ridge regression (iterative, delta-reg=0.001)...
Solving ridge regression (iterative, delta-reg=0.001)...
Solving ridge regression (iterative, delta-reg=0.001)...
Solving ridge regression (iterative, delta-reg=0.001)...
Solving ridge regression (iterative, delta-reg=0.001)...
Solving ridge regression (iterative, delta-reg=0.001)...
Solving ridge regression (iterative, delta-reg=0.001)...
Solving ridge regression (iterative, delta-reg=0.001)...
Solving ridge regression (iterative, delta-reg=0.001)...
Solving ridge regression (iterative, delta-reg=0.001)...
Solving ridge regression (iterative, delta-reg=0.001)...
Solving ridge regression (iterative, delta-reg=0.001)...
Solving ridge regression (iterative, delta-reg=0.001)...
Solving ridge regression (iterative, delta-reg=0.001)...
Solving ridge regression (iterative, delta-reg=0.001)...
Solving ridge regression (iterative, delta-reg=0.001)...
Solving ridge regression (iterative, delta-reg=0.001)...
Solving ridge regression (iterative, delta-reg=0.001)...
Solving ridge regression (iterative, delta-reg=0.001)...
Solving ridge regression (iterative, delta-reg=0.001)...
Solving ridge regression (iterative, delta-reg=0.001)...
Solving ridge regression (iterative, delta-reg=0.001)...
Solving ridge regression (iterative, delta-reg=0.001)...
Solving ridge regression (iterative, delta-reg=0.001)...
Solving ridge regression (iterative, delta-reg=0.001)...
Solving ridge regression (iterative, delta-reg=0.001)...
Solving ridge regression (iterative, delta-reg=0.001)...
Solving ridge regression (iterative, delta-reg=0.001)...
Solving ridge regression (iterative, delta-reg=0.001)...
Solving ridge regression (iterative, delta-reg=0.001)...
Solving ridge regression (iterative, delta-reg=0.001)...
Solving ridge regression (iterative, delta-reg=0.001)...
Solving ridge regression (iterative, delta-reg=0.001)...
Solving ridge regression (iterative, delta-reg=0.001)...
Solving ridge regression (iterative, delta-reg=0.001)...
[PnC diagnostic | calib] perturbation_scale=25.0
  Uncorrected shift (mean±std, 50 members): 4.3804 ± 0.0336
  Corrected   shift (mean±std, 50 members): 1.2600 ± 0.0141
  Correction reduction: 71.2%

--- Results: PnC scale=25.0 ID Validation ---
Acc: 0.9564 | Brier: 0.0627 | Entropy: 0.1276 | NLL: 0.1286 | ECE: 0.0056

--- Results: PnC scale=25.0 ID Test ---
Acc: 0.9566 | Brier: 0.0646 | Entropy: 0.1249 | NLL: 0.1394 | ECE: 0.0060
[sweep] rank_k2 seed0 [ok] idacc=95.66 nearAUROC=91.11 nearFPR95=35.3 (825s)
[seed] Seeded everything with seed=0
CIFAR-10 loaded: train=(50000, 32, 32, 3), test=(10000, 32, 32, 3)
Solving ridge regression (iterative, delta-reg=0.001)...
Solving ridge regression (iterative, delta-reg=0.001)...
Solving ridge regression (iterative, delta-reg=0.001)...
Solving ridge regression (iterative, delta-reg=0.001)...
Solving ridge regression (iterative, delta-reg=0.001)...
Solving ridge regression (iterative, delta-reg=0.001)...
Solving ridge regression (iterative, delta-reg=0.001)...
Solving ridge regression (iterative, delta-reg=0.001)...
Solving ridge regression (iterative, delta-reg=0.001)...
Solving ridge regression (iterative, delta-reg=0.001)...
Solving ridge regression (iterative, delta-reg=0.001)...
Solving ridge regression (iterative, delta-reg=0.001)...
Solving ridge regression (iterative, delta-reg=0.001)...
Solving ridge regression (iterative, delta-reg=0.001)...
Solving ridge regression (iterative, delta-reg=0.001)...
Solving ridge regression (iterative, delta-reg=0.001)...
Solving ridge regression (iterative, delta-reg=0.001)...
Solving ridge regression (iterative, delta-reg=0.001)...
Solving ridge regression (iterative, delta-reg=0.001)...
Solving ridge regression (iterative, delta-reg=0.001)...
Solving ridge regression (iterative, delta-reg=0.001)...
Solving ridge regression (iterative, delta-reg=0.001)...
Solving ridge regression (iterative, delta-reg=0.001)...
Solving ridge regression (iterative, delta-reg=0.001)...
Solving ridge regression (iterative, delta-reg=0.001)...
Solving ridge regression (iterative, delta-reg=0.001)...
Solving ridge regression (iterative, delta-reg=0.001)...
Solving ridge regression (iterative, delta-reg=0.001)...
Solving ridge regression (iterative, delta-reg=0.001)...
Solving ridge regression (iterative, delta-reg=0.001)...
Solving ridge regression (iterative, delta-reg=0.001)...
Solving ridge regression (iterative, delta-reg=0.001)...
Solving ridge regression (iterative, delta-reg=0.001)...
Solving ridge regression (iterative, delta-reg=0.001)...
Solving ridge regression (iterative, delta-reg=0.001)...
Solving ridge regression (iterative, delta-reg=0.001)...
Solving ridge regression (iterative, delta-reg=0.001)...
Solving ridge regression (iterative, delta-reg=0.001)...
Solving ridge regression (iterative, delta-reg=0.001)...
Solving ridge regression (iterative, delta-reg=0.001)...
Solving ridge regression (iterative, delta-reg=0.001)...
Solving ridge regression (iterative, delta-reg=0.001)...
Solving ridge regression (iterative, delta-reg=0.001)...
Solving ridge regression (iterative, delta-reg=0.001)...
Solving ridge regression (iterative, delta-reg=0.001)...
Solving ridge regression (iterative, delta-reg=0.001)...
Solving ridge regression (iterative, delta-reg=0.001)...
Solving ridge regression (iterative, delta-reg=0.001)...
Solving ridge regression (iterative, delta-reg=0.001)...
Solving ridge regression (iterative, delta-reg=0.001)...
[PnC diagnostic | calib] perturbation_scale=25.0
  Uncorrected shift (mean±std, 50 members): 4.3679 ± 0.0934
  Corrected   shift (mean±std, 50 members): 1.2584 ± 0.0227
  Correction reduction: 71.2%

--- Results: PnC scale=25.0 ID Validation ---
Acc: 0.9564 | Brier: 0.0626 | Entropy: 0.1259 | NLL: 0.1274 | ECE: 0.0063

--- Results: PnC scale=25.0 ID Test ---
Acc: 0.9576 | Brier: 0.0626 | Entropy: 0.1241 | NLL: 0.1353 | ECE: 0.0053
[sweep] rank_k5 seed0 [ok] idacc=95.76 nearAUROC=91.22 nearFPR95=34.8 (822s)
[sweep] skip rank_k20 seed0 (cached)
[seed] Seeded everything with seed=0
CIFAR-10 loaded: train=(50000, 32, 32, 3), test=(10000, 32, 32, 3)
Solving ridge regression (iterative, delta-reg=0.001)...
Solving ridge regression (iterative, delta-reg=0.001)...
Solving ridge regression (iterative, delta-reg=0.001)...
Solving ridge regression (iterative, delta-reg=0.001)...
Solving ridge regression (iterative, delta-reg=0.001)...
Solving ridge regression (iterative, delta-reg=0.001)...
Solving ridge regression (iterative, delta-reg=0.001)...
Solving ridge regression (iterative, delta-reg=0.001)...
Solving ridge regression (iterative, delta-reg=0.001)...
Solving ridge regression (iterative, delta-reg=0.001)...
Solving ridge regression (iterative, delta-reg=0.001)...
Solving ridge regression (iterative, delta-reg=0.001)...
Solving ridge regression (iterative, delta-reg=0.001)...
Solving ridge regression (iterative, delta-reg=0.001)...
Solving ridge regression (iterative, delta-reg=0.001)...
Solving ridge regression (iterative, delta-reg=0.001)...
Solving ridge regression (iterative, delta-reg=0.001)...
Solving ridge regression (iterative, delta-reg=0.001)...
Solving ridge regression (iterative, delta-reg=0.001)...
Solving ridge regression (iterative, delta-reg=0.001)...
Solving ridge regression (iterative, delta-reg=0.001)...
Solving ridge regression (iterative, delta-reg=0.001)...
Solving ridge regression (iterative, delta-reg=0.001)...
Solving ridge regression (iterative, delta-reg=0.001)...
Solving ridge regression (iterative, delta-reg=0.001)...
Solving ridge regression (iterative, delta-reg=0.001)...
Solving ridge regression (iterative, delta-reg=0.001)...
Solving ridge regression (iterative, delta-reg=0.001)...
Solving ridge regression (iterative, delta-reg=0.001)...
Solving ridge regression (iterative, delta-reg=0.001)...
Solving ridge regression (iterative, delta-reg=0.001)...
Solving ridge regression (iterative, delta-reg=0.001)...
Solving ridge regression (iterative, delta-reg=0.001)...
Solving ridge regression (iterative, delta-reg=0.001)...
Solving ridge regression (iterative, delta-reg=0.001)...
Solving ridge regression (iterative, delta-reg=0.001)...
Solving ridge regression (iterative, delta-reg=0.001)...
Solving ridge regression (iterative, delta-reg=0.001)...
Solving ridge regression (iterative, delta-reg=0.001)...
Solving ridge regression (iterative, delta-reg=0.001)...
Solving ridge regression (iterative, delta-reg=0.001)...
Solving ridge regression (iterative, delta-reg=0.001)...
Solving ridge regression (iterative, delta-reg=0.001)...
Solving ridge regression (iterative, delta-reg=0.001)...
Solving ridge regression (iterative, delta-reg=0.001)...
Solving ridge regression (iterative, delta-reg=0.001)...
Solving ridge regression (iterative, delta-reg=0.001)...
Solving ridge regression (iterative, delta-reg=0.001)...
Solving ridge regression (iterative, delta-reg=0.001)...
Solving ridge regression (iterative, delta-reg=0.001)...
[PnC diagnostic | calib] perturbation_scale=25.0
  Uncorrected shift (mean±std, 50 members): 4.3659 ± 0.1159
  Corrected   shift (mean±std, 50 members): 1.2606 ± 0.0257
  Correction reduction: 71.1%

--- Results: PnC scale=25.0 ID Validation ---
Acc: 0.9588 | Brier: 0.0614 | Entropy: 0.1223 | NLL: 0.1243 | ECE: 0.0064

--- Results: PnC scale=25.0 ID Test ---
Acc: 0.9576 | Brier: 0.0625 | Entropy: 0.1211 | NLL: 0.1337 | ECE: 0.0061
[sweep] rank_k40 seed0 [ok] idacc=95.76 nearAUROC=91.35 nearFPR95=33.8 (825s)
[seed] Seeded everything with seed=0
CIFAR-10 loaded: train=(50000, 32, 32, 3), test=(10000, 32, 32, 3)
Solving ridge regression (iterative, delta-reg=0.001)...
Solving ridge regression (iterative, delta-reg=0.001)...
Solving ridge regression (iterative, delta-reg=0.001)...
Solving ridge regression (iterative, delta-reg=0.001)...
Solving ridge regression (iterative, delta-reg=0.001)...
Solving ridge regression (iterative, delta-reg=0.001)...
Solving ridge regression (iterative, delta-reg=0.001)...
Solving ridge regression (iterative, delta-reg=0.001)...
Solving ridge regression (iterative, delta-reg=0.001)...
Solving ridge regression (iterative, delta-reg=0.001)...
Solving ridge regression (iterative, delta-reg=0.001)...
Solving ridge regression (iterative, delta-reg=0.001)...
Solving ridge regression (iterative, delta-reg=0.001)...
Solving ridge regression (iterative, delta-reg=0.001)...
Solving ridge regression (iterative, delta-reg=0.001)...
Solving ridge regression (iterative, delta-reg=0.001)...
Solving ridge regression (iterative, delta-reg=0.001)...
Solving ridge regression (iterative, delta-reg=0.001)...
Solving ridge regression (iterative, delta-reg=0.001)...
Solving ridge regression (iterative, delta-reg=0.001)...
Solving ridge regression (iterative, delta-reg=0.001)...
Solving ridge regression (iterative, delta-reg=0.001)...
Solving ridge regression (iterative, delta-reg=0.001)...
Solving ridge regression (iterative, delta-reg=0.001)...
Solving ridge regression (iterative, delta-reg=0.001)...
Solving ridge regression (iterative, delta-reg=0.001)...
Solving ridge regression (iterative, delta-reg=0.001)...
Solving ridge regression (iterative, delta-reg=0.001)...
Solving ridge regression (iterative, delta-reg=0.001)...
Solving ridge regression (iterative, delta-reg=0.001)...
Solving ridge regression (iterative, delta-reg=0.001)...
Solving ridge regression (iterative, delta-reg=0.001)...
Solving ridge regression (iterative, delta-reg=0.001)...
Solving ridge regression (iterative, delta-reg=0.001)...
Solving ridge regression (iterative, delta-reg=0.001)...
Solving ridge regression (iterative, delta-reg=0.001)...
Solving ridge regression (iterative, delta-reg=0.001)...
Solving ridge regression (iterative, delta-reg=0.001)...
Solving ridge regression (iterative, delta-reg=0.001)...
Solving ridge regression (iterative, delta-reg=0.001)...
Solving ridge regression (iterative, delta-reg=0.001)...
Solving ridge regression (iterative, delta-reg=0.001)...
Solving ridge regression (iterative, delta-reg=0.001)...
Solving ridge regression (iterative, delta-reg=0.001)...
Solving ridge regression (iterative, delta-reg=0.001)...
Solving ridge regression (iterative, delta-reg=0.001)...
Solving ridge regression (iterative, delta-reg=0.001)...
Solving ridge regression (iterative, delta-reg=0.001)...
Solving ridge regression (iterative, delta-reg=0.001)...
Solving ridge regression (iterative, delta-reg=0.001)...
[PnC diagnostic | calib] perturbation_scale=25.0
  Uncorrected shift (mean±std, 50 members): 4.3230 ± 0.1004
  Corrected   shift (mean±std, 50 members): 1.3226 ± 0.0153
  Correction reduction: 69.4%

--- Results: PnC scale=25.0 ID Validation ---
Acc: 0.9580 | Brier: 0.0619 | Entropy: 0.1232 | NLL: 0.1255 | ECE: 0.0057

--- Results: PnC scale=25.0 ID Test ---
Acc: 0.9585 | Brier: 0.0628 | Entropy: 0.1219 | NLL: 0.1365 | ECE: 0.0065
[sweep] calib_ss256 seed0 [ok] idacc=95.85 nearAUROC=91.45 nearFPR95=33.3 (837s)
[seed] Seeded everything with seed=0
CIFAR-10 loaded: train=(50000, 32, 32, 3), test=(10000, 32, 32, 3)
Solving ridge regression (iterative, delta-reg=0.001)...
Solving ridge regression (iterative, delta-reg=0.001)...
Solving ridge regression (iterative, delta-reg=0.001)...
Solving ridge regression (iterative, delta-reg=0.001)...
Solving ridge regression (iterative, delta-reg=0.001)...
Solving ridge regression (iterative, delta-reg=0.001)...
Solving ridge regression (iterative, delta-reg=0.001)...
Solving ridge regression (iterative, delta-reg=0.001)...
Solving ridge regression (iterative, delta-reg=0.001)...
Solving ridge regression (iterative, delta-reg=0.001)...
Solving ridge regression (iterative, delta-reg=0.001)...
Solving ridge regression (iterative, delta-reg=0.001)...
Solving ridge regression (iterative, delta-reg=0.001)...
Solving ridge regression (iterative, delta-reg=0.001)...
Solving ridge regression (iterative, delta-reg=0.001)...
Solving ridge regression (iterative, delta-reg=0.001)...
Solving ridge regression (iterative, delta-reg=0.001)...
Solving ridge regression (iterative, delta-reg=0.001)...
Solving ridge regression (iterative, delta-reg=0.001)...
Solving ridge regression (iterative, delta-reg=0.001)...
Solving ridge regression (iterative, delta-reg=0.001)...
Solving ridge regression (iterative, delta-reg=0.001)...
Solving ridge regression (iterative, delta-reg=0.001)...
Solving ridge regression (iterative, delta-reg=0.001)...
Solving ridge regression (iterative, delta-reg=0.001)...
Solving ridge regression (iterative, delta-reg=0.001)...
Solving ridge regression (iterative, delta-reg=0.001)...
Solving ridge regression (iterative, delta-reg=0.001)...
Solving ridge regression (iterative, delta-reg=0.001)...
Solving ridge regression (iterative, delta-reg=0.001)...
Solving ridge regression (iterative, delta-reg=0.001)...
Solving ridge regression (iterative, delta-reg=0.001)...
Solving ridge regression (iterative, delta-reg=0.001)...
Solving ridge regression (iterative, delta-reg=0.001)...
Solving ridge regression (iterative, delta-reg=0.001)...
Solving ridge regression (iterative, delta-reg=0.001)...
Solving ridge regression (iterative, delta-reg=0.001)...
Solving ridge regression (iterative, delta-reg=0.001)...
Solving ridge regression (iterative, delta-reg=0.001)...
Solving ridge regression (iterative, delta-reg=0.001)...
Solving ridge regression (iterative, delta-reg=0.001)...
Solving ridge regression (iterative, delta-reg=0.001)...
Solving ridge regression (iterative, delta-reg=0.001)...
Solving ridge regression (iterative, delta-reg=0.001)...
Solving ridge regression (iterative, delta-reg=0.001)...
Solving ridge regression (iterative, delta-reg=0.001)...
Solving ridge regression (iterative, delta-reg=0.001)...
Solving ridge regression (iterative, delta-reg=0.001)...
Solving ridge regression (iterative, delta-reg=0.001)...
Solving ridge regression (iterative, delta-reg=0.001)...
[PnC diagnostic | calib] perturbation_scale=25.0
  Uncorrected shift (mean±std, 50 members): 4.3339 ± 0.1013
  Corrected   shift (mean±std, 50 members): 1.2522 ± 0.0104
  Correction reduction: 71.1%

--- Results: PnC scale=25.0 ID Validation ---
Acc: 0.9570 | Brier: 0.0615 | Entropy: 0.1221 | NLL: 0.1247 | ECE: 0.0065

--- Results: PnC scale=25.0 ID Test ---
Acc: 0.9582 | Brier: 0.0624 | Entropy: 0.1212 | NLL: 0.1351 | ECE: 0.0056
[sweep] calib_ss512 seed0 [ok] idacc=95.82 nearAUROC=91.40 nearFPR95=33.4 (824s)
[sweep] skip calib_ss1024 seed0 (cached)
[seed] Seeded everything with seed=0
CIFAR-10 loaded: train=(50000, 32, 32, 3), test=(10000, 32, 32, 3)
Solving ridge regression (iterative, delta-reg=0.001)...
Solving ridge regression (iterative, delta-reg=0.001)...
Solving ridge regression (iterative, delta-reg=0.001)...
Solving ridge regression (iterative, delta-reg=0.001)...
Solving ridge regression (iterative, delta-reg=0.001)...
Solving ridge regression (iterative, delta-reg=0.001)...
Solving ridge regression (iterative, delta-reg=0.001)...
Solving ridge regression (iterative, delta-reg=0.001)...
Solving ridge regression (iterative, delta-reg=0.001)...
Solving ridge regression (iterative, delta-reg=0.001)...
Solving ridge regression (iterative, delta-reg=0.001)...
Solving ridge regression (iterative, delta-reg=0.001)...
Solving ridge regression (iterative, delta-reg=0.001)...
Solving ridge regression (iterative, delta-reg=0.001)...
Solving ridge regression (iterative, delta-reg=0.001)...
Solving ridge regression (iterative, delta-reg=0.001)...
Solving ridge regression (iterative, delta-reg=0.001)...
Solving ridge regression (iterative, delta-reg=0.001)...
Solving ridge regression (iterative, delta-reg=0.001)...
Solving ridge regression (iterative, delta-reg=0.001)...
Solving ridge regression (iterative, delta-reg=0.001)...
Solving ridge regression (iterative, delta-reg=0.001)...
Solving ridge regression (iterative, delta-reg=0.001)...
Solving ridge regression (iterative, delta-reg=0.001)...
Solving ridge regression (iterative, delta-reg=0.001)...
Solving ridge regression (iterative, delta-reg=0.001)...
Solving ridge regression (iterative, delta-reg=0.001)...
Solving ridge regression (iterative, delta-reg=0.001)...
Solving ridge regression (iterative, delta-reg=0.001)...
Solving ridge regression (iterative, delta-reg=0.001)...
Solving ridge regression (iterative, delta-reg=0.001)...
Solving ridge regression (iterative, delta-reg=0.001)...
Solving ridge regression (iterative, delta-reg=0.001)...
Solving ridge regression (iterative, delta-reg=0.001)...
Solving ridge regression (iterative, delta-reg=0.001)...
Solving ridge regression (iterative, delta-reg=0.001)...
Solving ridge regression (iterative, delta-reg=0.001)...
Solving ridge regression (iterative, delta-reg=0.001)...
Solving ridge regression (iterative, delta-reg=0.001)...
Solving ridge regression (iterative, delta-reg=0.001)...
Solving ridge regression (iterative, delta-reg=0.001)...
Solving ridge regression (iterative, delta-reg=0.001)...
Solving ridge regression (iterative, delta-reg=0.001)...
Solving ridge regression (iterative, delta-reg=0.001)...
Solving ridge regression (iterative, delta-reg=0.001)...
Solving ridge regression (iterative, delta-reg=0.001)...
Solving ridge regression (iterative, delta-reg=0.001)...
Solving ridge regression (iterative, delta-reg=0.001)...
Solving ridge regression (iterative, delta-reg=0.001)...
Solving ridge regression (iterative, delta-reg=0.001)...
[PnC diagnostic | calib] perturbation_scale=25.0
  Uncorrected shift (mean±std, 50 members): 4.3457 ± 0.0991
  Corrected   shift (mean±std, 50 members): 3.4834 ± 1.6457
  Correction reduction: 19.8%

--- Results: PnC scale=25.0 ID Validation ---
Acc: 0.8846 | Brier: 0.1977 | Entropy: 0.6001 | NLL: 0.4182 | ECE: 0.1095

--- Results: PnC scale=25.0 ID Test ---
Acc: 0.8911 | Brier: 0.1960 | Entropy: 0.6072 | NLL: 0.4170 | ECE: 0.1160
[sweep] calib_ss2048 seed0 [ok] idacc=89.11 nearAUROC=79.50 nearFPR95=73.1 (829s)
[seed] Seeded everything with seed=0
CIFAR-10 loaded: train=(50000, 32, 32, 3), test=(10000, 32, 32, 3)
Solving ridge regression (iterative, delta-reg=0.001)...
Solving ridge regression (iterative, delta-reg=0.001)...
Solving ridge regression (iterative, delta-reg=0.001)...
Solving ridge regression (iterative, delta-reg=0.001)...
Solving ridge regression (iterative, delta-reg=0.001)...
Solving ridge regression (iterative, delta-reg=0.001)...
Solving ridge regression (iterative, delta-reg=0.001)...
Solving ridge regression (iterative, delta-reg=0.001)...
Solving ridge regression (iterative, delta-reg=0.001)...
Solving ridge regression (iterative, delta-reg=0.001)...
Solving ridge regression (iterative, delta-reg=0.001)...
Solving ridge regression (iterative, delta-reg=0.001)...
Solving ridge regression (iterative, delta-reg=0.001)...
Solving ridge regression (iterative, delta-reg=0.001)...
Solving ridge regression (iterative, delta-reg=0.001)...
Solving ridge regression (iterative, delta-reg=0.001)...
Solving ridge regression (iterative, delta-reg=0.001)...
Solving ridge regression (iterative, delta-reg=0.001)...
Solving ridge regression (iterative, delta-reg=0.001)...
Solving ridge regression (iterative, delta-reg=0.001)...
Solving ridge regression (iterative, delta-reg=0.001)...
Solving ridge regression (iterative, delta-reg=0.001)...
Solving ridge regression (iterative, delta-reg=0.001)...
Solving ridge regression (iterative, delta-reg=0.001)...
Solving ridge regression (iterative, delta-reg=0.001)...
Solving ridge regression (iterative, delta-reg=0.001)...
Solving ridge regression (iterative, delta-reg=0.001)...
Solving ridge regression (iterative, delta-reg=0.001)...
Solving ridge regression (iterative, delta-reg=0.001)...
Solving ridge regression (iterative, delta-reg=0.001)...
Solving ridge regression (iterative, delta-reg=0.001)...
Solving ridge regression (iterative, delta-reg=0.001)...
Solving ridge regression (iterative, delta-reg=0.001)...
Solving ridge regression (iterative, delta-reg=0.001)...
Solving ridge regression (iterative, delta-reg=0.001)...
Solving ridge regression (iterative, delta-reg=0.001)...
Solving ridge regression (iterative, delta-reg=0.001)...
Solving ridge regression (iterative, delta-reg=0.001)...
Solving ridge regression (iterative, delta-reg=0.001)...
Solving ridge regression (iterative, delta-reg=0.001)...
Solving ridge regression (iterative, delta-reg=0.001)...
Solving ridge regression (iterative, delta-reg=0.001)...
Solving ridge regression (iterative, delta-reg=0.001)...
Solving ridge regression (iterative, delta-reg=0.001)...
Solving ridge regression (iterative, delta-reg=0.001)...
Solving ridge regression (iterative, delta-reg=0.001)...
Solving ridge regression (iterative, delta-reg=0.001)...
Solving ridge regression (iterative, delta-reg=0.001)...
Solving ridge regression (iterative, delta-reg=0.001)...
Solving ridge regression (iterative, delta-reg=0.001)...
[PnC diagnostic | calib] perturbation_scale=25.0
  Uncorrected shift (mean±std, 50 members): 4.3382 ± 0.0977
  Corrected   shift (mean±std, 50 members): 2.1139 ± 0.1918
  Correction reduction: 51.3%

--- Results: PnC scale=25.0 ID Validation ---
Acc: 0.9512 | Brier: 0.0758 | Entropy: 0.2365 | NLL: 0.1738 | ECE: 0.0257

--- Results: PnC scale=25.0 ID Test ---
Acc: 0.9503 | Brier: 0.0769 | Entropy: 0.2312 | NLL: 0.1793 | ECE: 0.0225
[sweep] calib_ss4096 seed0 [ok] idacc=95.03 nearAUROC=90.82 nearFPR95=37.5 (835s)
[seed] Seeded everything with seed=0
CIFAR-10 loaded: train=(50000, 32, 32, 3), test=(10000, 32, 32, 3)
Solving ridge regression (iterative, delta-reg=0.0)...
Solving ridge regression (iterative, delta-reg=0.0)...
Solving ridge regression (iterative, delta-reg=0.0)...
Solving ridge regression (iterative, delta-reg=0.0)...
Solving ridge regression (iterative, delta-reg=0.0)...
Solving ridge regression (iterative, delta-reg=0.0)...
Solving ridge regression (iterative, delta-reg=0.0)...
Solving ridge regression (iterative, delta-reg=0.0)...
Solving ridge regression (iterative, delta-reg=0.0)...
Solving ridge regression (iterative, delta-reg=0.0)...
Solving ridge regression (iterative, delta-reg=0.0)...
Solving ridge regression (iterative, delta-reg=0.0)...
Solving ridge regression (iterative, delta-reg=0.0)...
Solving ridge regression (iterative, delta-reg=0.0)...
Solving ridge regression (iterative, delta-reg=0.0)...
Solving ridge regression (iterative, delta-reg=0.0)...
Solving ridge regression (iterative, delta-reg=0.0)...
Solving ridge regression (iterative, delta-reg=0.0)...
Solving ridge regression (iterative, delta-reg=0.0)...
Solving ridge regression (iterative, delta-reg=0.0)...
Solving ridge regression (iterative, delta-reg=0.0)...
Solving ridge regression (iterative, delta-reg=0.0)...
Solving ridge regression (iterative, delta-reg=0.0)...
Solving ridge regression (iterative, delta-reg=0.0)...
Solving ridge regression (iterative, delta-reg=0.0)...
Solving ridge regression (iterative, delta-reg=0.0)...
Solving ridge regression (iterative, delta-reg=0.0)...
Solving ridge regression (iterative, delta-reg=0.0)...
Solving ridge regression (iterative, delta-reg=0.0)...
Solving ridge regression (iterative, delta-reg=0.0)...
Solving ridge regression (iterative, delta-reg=0.0)...
Solving ridge regression (iterative, delta-reg=0.0)...
Solving ridge regression (iterative, delta-reg=0.0)...
Solving ridge regression (iterative, delta-reg=0.0)...
Solving ridge regression (iterative, delta-reg=0.0)...
Solving ridge regression (iterative, delta-reg=0.0)...
Solving ridge regression (iterative, delta-reg=0.0)...
Solving ridge regression (iterative, delta-reg=0.0)...
Solving ridge regression (iterative, delta-reg=0.0)...
Solving ridge regression (iterative, delta-reg=0.0)...
Solving ridge regression (iterative, delta-reg=0.0)...
Solving ridge regression (iterative, delta-reg=0.0)...
Solving ridge regression (iterative, delta-reg=0.0)...
Solving ridge regression (iterative, delta-reg=0.0)...
Solving ridge regression (iterative, delta-reg=0.0)...
Solving ridge regression (iterative, delta-reg=0.0)...
Solving ridge regression (iterative, delta-reg=0.0)...
Solving ridge regression (iterative, delta-reg=0.0)...
Solving ridge regression (iterative, delta-reg=0.0)...
Solving ridge regression (iterative, delta-reg=0.0)...
[PnC diagnostic | calib] perturbation_scale=25.0
  Uncorrected shift (mean±std, 50 members): 4.3515 ± 0.1009
  Corrected   shift (mean±std, 50 members): 2081.9340 ± 3900.4843
  Correction reduction: -47744.1%

--- Results: PnC scale=25.0 ID Validation ---
Acc: 0.0992 | Brier: 1.2486 | Entropy: 1.3173 | NLL: 3.2200 | ECE: 0.5517

--- Results: PnC scale=25.0 ID Test ---
Acc: 0.1000 | Brier: 1.2444 | Entropy: 1.3192 | NLL: 3.1900 | ECE: 0.5502
[sweep] ridge_lam0 seed0 [ok] idacc=10.00 nearAUROC=67.14 nearFPR95=82.1 (829s)
[seed] Seeded everything with seed=0
CIFAR-10 loaded: train=(50000, 32, 32, 3), test=(10000, 32, 32, 3)
Solving ridge regression (iterative, delta-reg=0.0001)...
Solving ridge regression (iterative, delta-reg=0.0001)...
Solving ridge regression (iterative, delta-reg=0.0001)...
Solving ridge regression (iterative, delta-reg=0.0001)...
Solving ridge regression (iterative, delta-reg=0.0001)...
Solving ridge regression (iterative, delta-reg=0.0001)...
Solving ridge regression (iterative, delta-reg=0.0001)...
Solving ridge regression (iterative, delta-reg=0.0001)...
Solving ridge regression (iterative, delta-reg=0.0001)...
Solving ridge regression (iterative, delta-reg=0.0001)...
Solving ridge regression (iterative, delta-reg=0.0001)...
Solving ridge regression (iterative, delta-reg=0.0001)...
Solving ridge regression (iterative, delta-reg=0.0001)...
Solving ridge regression (iterative, delta-reg=0.0001)...
Solving ridge regression (iterative, delta-reg=0.0001)...
Solving ridge regression (iterative, delta-reg=0.0001)...
Solving ridge regression (iterative, delta-reg=0.0001)...
Solving ridge regression (iterative, delta-reg=0.0001)...
Solving ridge regression (iterative, delta-reg=0.0001)...
Solving ridge regression (iterative, delta-reg=0.0001)...
Solving ridge regression (iterative, delta-reg=0.0001)...
Solving ridge regression (iterative, delta-reg=0.0001)...
Solving ridge regression (iterative, delta-reg=0.0001)...
Solving ridge regression (iterative, delta-reg=0.0001)...
Solving ridge regression (iterative, delta-reg=0.0001)...
Solving ridge regression (iterative, delta-reg=0.0001)...
Solving ridge regression (iterative, delta-reg=0.0001)...
Solving ridge regression (iterative, delta-reg=0.0001)...
Solving ridge regression (iterative, delta-reg=0.0001)...
Solving ridge regression (iterative, delta-reg=0.0001)...
Solving ridge regression (iterative, delta-reg=0.0001)...
Solving ridge regression (iterative, delta-reg=0.0001)...
Solving ridge regression (iterative, delta-reg=0.0001)...
Solving ridge regression (iterative, delta-reg=0.0001)...
Solving ridge regression (iterative, delta-reg=0.0001)...
Solving ridge regression (iterative, delta-reg=0.0001)...
Solving ridge regression (iterative, delta-reg=0.0001)...
Solving ridge regression (iterative, delta-reg=0.0001)...
Solving ridge regression (iterative, delta-reg=0.0001)...
Solving ridge regression (iterative, delta-reg=0.0001)...
Solving ridge regression (iterative, delta-reg=0.0001)...
Solving ridge regression (iterative, delta-reg=0.0001)...
Solving ridge regression (iterative, delta-reg=0.0001)...
Solving ridge regression (iterative, delta-reg=0.0001)...
Solving ridge regression (iterative, delta-reg=0.0001)...
Solving ridge regression (iterative, delta-reg=0.0001)...
Solving ridge regression (iterative, delta-reg=0.0001)...
Solving ridge regression (iterative, delta-reg=0.0001)...
Solving ridge regression (iterative, delta-reg=0.0001)...
Solving ridge regression (iterative, delta-reg=0.0001)...
[PnC diagnostic | calib] perturbation_scale=25.0
  Uncorrected shift (mean±std, 50 members): 4.3515 ± 0.1009
  Corrected   shift (mean±std, 50 members): 2.5962 ± 0.1512
  Correction reduction: 40.3%

--- Results: PnC scale=25.0 ID Validation ---
Acc: 0.9368 | Brier: 0.0964 | Entropy: 0.2918 | NLL: 0.2210 | ECE: 0.0328

--- Results: PnC scale=25.0 ID Test ---
Acc: 0.9384 | Brier: 0.0956 | Entropy: 0.2860 | NLL: 0.2217 | ECE: 0.0317
[sweep] ridge_lam0.0001 seed0 [ok] idacc=93.84 nearAUROC=90.39 nearFPR95=37.6 (827s)
[sweep] skip ridge_lam0.001 seed0 (cached)
[seed] Seeded everything with seed=0
CIFAR-10 loaded: train=(50000, 32, 32, 3), test=(10000, 32, 32, 3)
Solving ridge regression (iterative, delta-reg=0.01)...
Solving ridge regression (iterative, delta-reg=0.01)...
Solving ridge regression (iterative, delta-reg=0.01)...
Solving ridge regression (iterative, delta-reg=0.01)...
Solving ridge regression (iterative, delta-reg=0.01)...
Solving ridge regression (iterative, delta-reg=0.01)...
Solving ridge regression (iterative, delta-reg=0.01)...
Solving ridge regression (iterative, delta-reg=0.01)...
Solving ridge regression (iterative, delta-reg=0.01)...
Solving ridge regression (iterative, delta-reg=0.01)...
Solving ridge regression (iterative, delta-reg=0.01)...
Solving ridge regression (iterative, delta-reg=0.01)...
Solving ridge regression (iterative, delta-reg=0.01)...
Solving ridge regression (iterative, delta-reg=0.01)...
Solving ridge regression (iterative, delta-reg=0.01)...
Solving ridge regression (iterative, delta-reg=0.01)...
Solving ridge regression (iterative, delta-reg=0.01)...
Solving ridge regression (iterative, delta-reg=0.01)...
Solving ridge regression (iterative, delta-reg=0.01)...
Solving ridge regression (iterative, delta-reg=0.01)...
Solving ridge regression (iterative, delta-reg=0.01)...
Solving ridge regression (iterative, delta-reg=0.01)...
Solving ridge regression (iterative, delta-reg=0.01)...
Solving ridge regression (iterative, delta-reg=0.01)...
Solving ridge regression (iterative, delta-reg=0.01)...
Solving ridge regression (iterative, delta-reg=0.01)...
Solving ridge regression (iterative, delta-reg=0.01)...
Solving ridge regression (iterative, delta-reg=0.01)...
Solving ridge regression (iterative, delta-reg=0.01)...
Solving ridge regression (iterative, delta-reg=0.01)...
Solving ridge regression (iterative, delta-reg=0.01)...
Solving ridge regression (iterative, delta-reg=0.01)...
Solving ridge regression (iterative, delta-reg=0.01)...
Solving ridge regression (iterative, delta-reg=0.01)...
Solving ridge regression (iterative, delta-reg=0.01)...
Solving ridge regression (iterative, delta-reg=0.01)...
Solving ridge regression (iterative, delta-reg=0.01)...
Solving ridge regression (iterative, delta-reg=0.01)...
Solving ridge regression (iterative, delta-reg=0.01)...
Solving ridge regression (iterative, delta-reg=0.01)...
Solving ridge regression (iterative, delta-reg=0.01)...
Solving ridge regression (iterative, delta-reg=0.01)...
Solving ridge regression (iterative, delta-reg=0.01)...
Solving ridge regression (iterative, delta-reg=0.01)...
Solving ridge regression (iterative, delta-reg=0.01)...
Solving ridge regression (iterative, delta-reg=0.01)...
Solving ridge regression (iterative, delta-reg=0.01)...
Solving ridge regression (iterative, delta-reg=0.01)...
Solving ridge regression (iterative, delta-reg=0.01)...
Solving ridge regression (iterative, delta-reg=0.01)...
[PnC diagnostic | calib] perturbation_scale=25.0
  Uncorrected shift (mean±std, 50 members): 4.3515 ± 0.1009
  Corrected   shift (mean±std, 50 members): 1.1709 ± 0.0071
  Correction reduction: 73.1%

--- Results: PnC scale=25.0 ID Validation ---
Acc: 0.9580 | Brier: 0.0613 | Entropy: 0.1209 | NLL: 0.1245 | ECE: 0.0075

--- Results: PnC scale=25.0 ID Test ---
Acc: 0.9591 | Brier: 0.0625 | Entropy: 0.1200 | NLL: 0.1339 | ECE: 0.0052
[sweep] ridge_lam0.01 seed0 [ok] idacc=95.91 nearAUROC=91.37 nearFPR95=33.9 (818s)
[seed] Seeded everything with seed=0
CIFAR-10 loaded: train=(50000, 32, 32, 3), test=(10000, 32, 32, 3)
Solving ridge regression (iterative, delta-reg=0.1)...
Solving ridge regression (iterative, delta-reg=0.1)...
Solving ridge regression (iterative, delta-reg=0.1)...
Solving ridge regression (iterative, delta-reg=0.1)...
Solving ridge regression (iterative, delta-reg=0.1)...
Solving ridge regression (iterative, delta-reg=0.1)...
Solving ridge regression (iterative, delta-reg=0.1)...
Solving ridge regression (iterative, delta-reg=0.1)...
Solving ridge regression (iterative, delta-reg=0.1)...
Solving ridge regression (iterative, delta-reg=0.1)...
Solving ridge regression (iterative, delta-reg=0.1)...
Solving ridge regression (iterative, delta-reg=0.1)...
Solving ridge regression (iterative, delta-reg=0.1)...
Solving ridge regression (iterative, delta-reg=0.1)...
Solving ridge regression (iterative, delta-reg=0.1)...
Solving ridge regression (iterative, delta-reg=0.1)...
Solving ridge regression (iterative, delta-reg=0.1)...
Solving ridge regression (iterative, delta-reg=0.1)...
Solving ridge regression (iterative, delta-reg=0.1)...
Solving ridge regression (iterative, delta-reg=0.1)...
Solving ridge regression (iterative, delta-reg=0.1)...
Solving ridge regression (iterative, delta-reg=0.1)...
Solving ridge regression (iterative, delta-reg=0.1)...
Solving ridge regression (iterative, delta-reg=0.1)...
Solving ridge regression (iterative, delta-reg=0.1)...
Solving ridge regression (iterative, delta-reg=0.1)...
Solving ridge regression (iterative, delta-reg=0.1)...
Solving ridge regression (iterative, delta-reg=0.1)...
Solving ridge regression (iterative, delta-reg=0.1)...
Solving ridge regression (iterative, delta-reg=0.1)...
Solving ridge regression (iterative, delta-reg=0.1)...
Solving ridge regression (iterative, delta-reg=0.1)...
Solving ridge regression (iterative, delta-reg=0.1)...
Solving ridge regression (iterative, delta-reg=0.1)...
Solving ridge regression (iterative, delta-reg=0.1)...
Solving ridge regression (iterative, delta-reg=0.1)...
Solving ridge regression (iterative, delta-reg=0.1)...
Solving ridge regression (iterative, delta-reg=0.1)...
Solving ridge regression (iterative, delta-reg=0.1)...
Solving ridge regression (iterative, delta-reg=0.1)...
Solving ridge regression (iterative, delta-reg=0.1)...
Solving ridge regression (iterative, delta-reg=0.1)...
Solving ridge regression (iterative, delta-reg=0.1)...
Solving ridge regression (iterative, delta-reg=0.1)...
Solving ridge regression (iterative, delta-reg=0.1)...
Solving ridge regression (iterative, delta-reg=0.1)...
Solving ridge regression (iterative, delta-reg=0.1)...
Solving ridge regression (iterative, delta-reg=0.1)...
Solving ridge regression (iterative, delta-reg=0.1)...
Solving ridge regression (iterative, delta-reg=0.1)...
[PnC diagnostic | calib] perturbation_scale=25.0
  Uncorrected shift (mean±std, 50 members): 4.3515 ± 0.1009
  Corrected   shift (mean±std, 50 members): 1.1690 ± 0.0071
  Correction reduction: 73.1%

--- Results: PnC scale=25.0 ID Validation ---
Acc: 0.9580 | Brier: 0.0613 | Entropy: 0.1208 | NLL: 0.1245 | ECE: 0.0077

--- Results: PnC scale=25.0 ID Test ---
Acc: 0.9591 | Brier: 0.0625 | Entropy: 0.1200 | NLL: 0.1339 | ECE: 0.0050
[sweep] ridge_lam0.1 seed0 [ok] idacc=95.91 nearAUROC=91.38 nearFPR95=33.9 (837s)
[seed] Seeded everything with seed=0
CIFAR-10 loaded: train=(50000, 32, 32, 3), test=(10000, 32, 32, 3)
Solving ridge regression (iterative, delta-reg=1.0)...
Solving ridge regression (iterative, delta-reg=1.0)...
Solving ridge regression (iterative, delta-reg=1.0)...
Solving ridge regression (iterative, delta-reg=1.0)...
Solving ridge regression (iterative, delta-reg=1.0)...
Solving ridge regression (iterative, delta-reg=1.0)...
Solving ridge regression (iterative, delta-reg=1.0)...
Solving ridge regression (iterative, delta-reg=1.0)...
Solving ridge regression (iterative, delta-reg=1.0)...
Solving ridge regression (iterative, delta-reg=1.0)...
Solving ridge regression (iterative, delta-reg=1.0)...
Solving ridge regression (iterative, delta-reg=1.0)...
Solving ridge regression (iterative, delta-reg=1.0)...
Solving ridge regression (iterative, delta-reg=1.0)...
Solving ridge regression (iterative, delta-reg=1.0)...
Solving ridge regression (iterative, delta-reg=1.0)...
Solving ridge regression (iterative, delta-reg=1.0)...
Solving ridge regression (iterative, delta-reg=1.0)...
Solving ridge regression (iterative, delta-reg=1.0)...
Solving ridge regression (iterative, delta-reg=1.0)...
Solving ridge regression (iterative, delta-reg=1.0)...
Solving ridge regression (iterative, delta-reg=1.0)...
Solving ridge regression (iterative, delta-reg=1.0)...
Solving ridge regression (iterative, delta-reg=1.0)...
Solving ridge regression (iterative, delta-reg=1.0)...
Solving ridge regression (iterative, delta-reg=1.0)...
Solving ridge regression (iterative, delta-reg=1.0)...
Solving ridge regression (iterative, delta-reg=1.0)...
Solving ridge regression (iterative, delta-reg=1.0)...
Solving ridge regression (iterative, delta-reg=1.0)...
Solving ridge regression (iterative, delta-reg=1.0)...
Solving ridge regression (iterative, delta-reg=1.0)...
Solving ridge regression (iterative, delta-reg=1.0)...
Solving ridge regression (iterative, delta-reg=1.0)...
Solving ridge regression (iterative, delta-reg=1.0)...
Solving ridge regression (iterative, delta-reg=1.0)...
Solving ridge regression (iterative, delta-reg=1.0)...
Solving ridge regression (iterative, delta-reg=1.0)...
Solving ridge regression (iterative, delta-reg=1.0)...
Solving ridge regression (iterative, delta-reg=1.0)...
Solving ridge regression (iterative, delta-reg=1.0)...
Solving ridge regression (iterative, delta-reg=1.0)...
Solving ridge regression (iterative, delta-reg=1.0)...
Solving ridge regression (iterative, delta-reg=1.0)...
Solving ridge regression (iterative, delta-reg=1.0)...
Solving ridge regression (iterative, delta-reg=1.0)...
Solving ridge regression (iterative, delta-reg=1.0)...
Solving ridge regression (iterative, delta-reg=1.0)...
Solving ridge regression (iterative, delta-reg=1.0)...
Solving ridge regression (iterative, delta-reg=1.0)...
[PnC diagnostic | calib] perturbation_scale=25.0
  Uncorrected shift (mean±std, 50 members): 4.3515 ± 0.1009
  Corrected   shift (mean±std, 50 members): 1.1605 ± 0.0073
  Correction reduction: 73.3%

--- Results: PnC scale=25.0 ID Validation ---
Acc: 0.9578 | Brier: 0.0612 | Entropy: 0.1206 | NLL: 0.1244 | ECE: 0.0076

--- Results: PnC scale=25.0 ID Test ---
Acc: 0.9589 | Brier: 0.0624 | Entropy: 0.1197 | NLL: 0.1339 | ECE: 0.0048
[sweep] ridge_lam1 seed0 [ok] idacc=95.89 nearAUROC=91.38 nearFPR95=33.9 (823s)
[seed] Seeded everything with seed=0
CIFAR-10 loaded: train=(50000, 32, 32, 3), test=(10000, 32, 32, 3)
Solving ridge regression (iterative, delta-reg=0.001)...
Solving ridge regression (iterative, delta-reg=0.001)...
Solving ridge regression (iterative, delta-reg=0.001)...
Solving ridge regression (iterative, delta-reg=0.001)...
Solving ridge regression (iterative, delta-reg=0.001)...
Solving ridge regression (iterative, delta-reg=0.001)...
Solving ridge regression (iterative, delta-reg=0.001)...
Solving ridge regression (iterative, delta-reg=0.001)...
Solving ridge regression (iterative, delta-reg=0.001)...
Solving ridge regression (iterative, delta-reg=0.001)...
Solving ridge regression (iterative, delta-reg=0.001)...
Solving ridge regression (iterative, delta-reg=0.001)...
Solving ridge regression (iterative, delta-reg=0.001)...
Solving ridge regression (iterative, delta-reg=0.001)...
Solving ridge regression (iterative, delta-reg=0.001)...
Solving ridge regression (iterative, delta-reg=0.001)...
Solving ridge regression (iterative, delta-reg=0.001)...
Solving ridge regression (iterative, delta-reg=0.001)...
Solving ridge regression (iterative, delta-reg=0.001)...
Solving ridge regression (iterative, delta-reg=0.001)...
Solving ridge regression (iterative, delta-reg=0.001)...
Solving ridge regression (iterative, delta-reg=0.001)...
Solving ridge regression (iterative, delta-reg=0.001)...
Solving ridge regression (iterative, delta-reg=0.001)...
Solving ridge regression (iterative, delta-reg=0.001)...
Solving ridge regression (iterative, delta-reg=0.001)...
Solving ridge regression (iterative, delta-reg=0.001)...
Solving ridge regression (iterative, delta-reg=0.001)...
Solving ridge regression (iterative, delta-reg=0.001)...
Solving ridge regression (iterative, delta-reg=0.001)...
Solving ridge regression (iterative, delta-reg=0.001)...
Solving ridge regression (iterative, delta-reg=0.001)...
Solving ridge regression (iterative, delta-reg=0.001)...
Solving ridge regression (iterative, delta-reg=0.001)...
Solving ridge regression (iterative, delta-reg=0.001)...
Solving ridge regression (iterative, delta-reg=0.001)...
Solving ridge regression (iterative, delta-reg=0.001)...
Solving ridge regression (iterative, delta-reg=0.001)...
Solving ridge regression (iterative, delta-reg=0.001)...
Solving ridge regression (iterative, delta-reg=0.001)...
Solving ridge regression (iterative, delta-reg=0.001)...
Solving ridge regression (iterative, delta-reg=0.001)...
Solving ridge regression (iterative, delta-reg=0.001)...
Solving ridge regression (iterative, delta-reg=0.001)...
Solving ridge regression (iterative, delta-reg=0.001)...
Solving ridge regression (iterative, delta-reg=0.001)...
Solving ridge regression (iterative, delta-reg=0.001)...
Solving ridge regression (iterative, delta-reg=0.001)...
Solving ridge regression (iterative, delta-reg=0.001)...
Solving ridge regression (iterative, delta-reg=0.001)...
[PnC diagnostic | calib] perturbation_scale=25.0
  Uncorrected shift (mean±std, 50 members): 38.2197 ± 2.4402
  Corrected   shift (mean±std, 50 members): 5.8203 ± 0.0716
  Correction reduction: 84.8%

--- Results: PnC scale=25.0 ID Validation ---
Acc: 0.9578 | Brier: 0.0673 | Entropy: 0.1363 | NLL: 0.1409 | ECE: 0.0103

--- Results: PnC scale=25.0 ID Test ---
Acc: 0.9546 | Brier: 0.0686 | Entropy: 0.1375 | NLL: 0.1464 | ECE: 0.0053
[sweep] block_s1b0 seed0 [ok] idacc=95.46 nearAUROC=89.56 nearFPR95=43.8 (857s)
[seed] Seeded everything with seed=0
CIFAR-10 loaded: train=(50000, 32, 32, 3), test=(10000, 32, 32, 3)
Solving ridge regression (iterative, delta-reg=0.001)...
Solving ridge regression (iterative, delta-reg=0.001)...
Solving ridge regression (iterative, delta-reg=0.001)...
Solving ridge regression (iterative, delta-reg=0.001)...
Solving ridge regression (iterative, delta-reg=0.001)...
Solving ridge regression (iterative, delta-reg=0.001)...
Solving ridge regression (iterative, delta-reg=0.001)...
Solving ridge regression (iterative, delta-reg=0.001)...
Solving ridge regression (iterative, delta-reg=0.001)...
Solving ridge regression (iterative, delta-reg=0.001)...
Solving ridge regression (iterative, delta-reg=0.001)...
Solving ridge regression (iterative, delta-reg=0.001)...
Solving ridge regression (iterative, delta-reg=0.001)...
Solving ridge regression (iterative, delta-reg=0.001)...
Solving ridge regression (iterative, delta-reg=0.001)...
Solving ridge regression (iterative, delta-reg=0.001)...
Solving ridge regression (iterative, delta-reg=0.001)...
Solving ridge regression (iterative, delta-reg=0.001)...
Solving ridge regression (iterative, delta-reg=0.001)...
Solving ridge regression (iterative, delta-reg=0.001)...
Solving ridge regression (iterative, delta-reg=0.001)...
Solving ridge regression (iterative, delta-reg=0.001)...
Solving ridge regression (iterative, delta-reg=0.001)...
Solving ridge regression (iterative, delta-reg=0.001)...
Solving ridge regression (iterative, delta-reg=0.001)...
Solving ridge regression (iterative, delta-reg=0.001)...
Solving ridge regression (iterative, delta-reg=0.001)...
Solving ridge regression (iterative, delta-reg=0.001)...
Solving ridge regression (iterative, delta-reg=0.001)...
Solving ridge regression (iterative, delta-reg=0.001)...
Solving ridge regression (iterative, delta-reg=0.001)...
Solving ridge regression (iterative, delta-reg=0.001)...
Solving ridge regression (iterative, delta-reg=0.001)...
Solving ridge regression (iterative, delta-reg=0.001)...
Solving ridge regression (iterative, delta-reg=0.001)...
Solving ridge regression (iterative, delta-reg=0.001)...
Solving ridge regression (iterative, delta-reg=0.001)...
Solving ridge regression (iterative, delta-reg=0.001)...
Solving ridge regression (iterative, delta-reg=0.001)...
Solving ridge regression (iterative, delta-reg=0.001)...
Solving ridge regression (iterative, delta-reg=0.001)...
Solving ridge regression (iterative, delta-reg=0.001)...
Solving ridge regression (iterative, delta-reg=0.001)...
Solving ridge regression (iterative, delta-reg=0.001)...
Solving ridge regression (iterative, delta-reg=0.001)...
Solving ridge regression (iterative, delta-reg=0.001)...
Solving ridge regression (iterative, delta-reg=0.001)...
Solving ridge regression (iterative, delta-reg=0.001)...
Solving ridge regression (iterative, delta-reg=0.001)...
Solving ridge regression (iterative, delta-reg=0.001)...
[PnC diagnostic | calib] perturbation_scale=25.0
  Uncorrected shift (mean±std, 50 members): 20.9104 ± 0.8240
  Corrected   shift (mean±std, 50 members): 4.5861 ± 0.1324
  Correction reduction: 78.1%

--- Results: PnC scale=25.0 ID Validation ---
Acc: 0.9528 | Brier: 0.0694 | Entropy: 0.1448 | NLL: 0.1439 | ECE: 0.0092

--- Results: PnC scale=25.0 ID Test ---
Acc: 0.9497 | Brier: 0.0753 | Entropy: 0.1469 | NLL: 0.1565 | ECE: 0.0039
[sweep] block_s2b1 seed0 [ok] idacc=94.97 nearAUROC=89.44 nearFPR95=38.9 (853s)
[sweep] skip block_s3b0 seed0 (cached)
