[sweep] seed=2 factors=['scale', 'rank', 'calib', 'ridge', 'block']; 55 cells already done
[seed] Seeded everything with seed=2
CIFAR-10 loaded: train=(50000, 32, 32, 3), test=(10000, 32, 32, 3)
Solving ridge regression (iterative, delta-reg=0.001)...
Solving ridge regression (iterative, delta-reg=0.001)...
Solving ridge regression (iterative, delta-reg=0.001)...
Solving ridge regression (iterative, delta-reg=0.001)...
Solving ridge regression (iterative, delta-reg=0.001)...
Solving ridge regression (iterative, delta-reg=0.001)...
Solving ridge regression (iterative, delta-reg=0.001)...
Solving ridge regression (iterative, delta-reg=0.001)...
Solving ridge regression (iterative, delta-reg=0.001)...
Solving ridge regression (iterative, delta-reg=0.001)...
Solving ridge regression (iterative, delta-reg=0.001)...
Solving ridge regression (iterative, delta-reg=0.001)...
Solving ridge regression (iterative, delta-reg=0.001)...
Solving ridge regression (iterative, delta-reg=0.001)...
Solving ridge regression (iterative, delta-reg=0.001)...
Solving ridge regression (iterative, delta-reg=0.001)...
Solving ridge regression (iterative, delta-reg=0.001)...
Solving ridge regression (iterative, delta-reg=0.001)...
Solving ridge regression (iterative, delta-reg=0.001)...
Solving ridge regression (iterative, delta-reg=0.001)...
Solving ridge regression (iterative, delta-reg=0.001)...
Solving ridge regression (iterative, delta-reg=0.001)...
Solving ridge regression (iterative, delta-reg=0.001)...
Solving ridge regression (iterative, delta-reg=0.001)...
Solving ridge regression (iterative, delta-reg=0.001)...
Solving ridge regression (iterative, delta-reg=0.001)...
Solving ridge regression (iterative, delta-reg=0.001)...
Solving ridge regression (iterative, delta-reg=0.001)...
Solving ridge regression (iterative, delta-reg=0.001)...
Solving ridge regression (iterative, delta-reg=0.001)...
Solving ridge regression (iterative, delta-reg=0.001)...
Solving ridge regression (iterative, delta-reg=0.001)...
Solving ridge regression (iterative, delta-reg=0.001)...
Solving ridge regression (iterative, delta-reg=0.001)...
Solving ridge regression (iterative, delta-reg=0.001)...
Solving ridge regression (iterative, delta-reg=0.001)...
Solving ridge regression (iterative, delta-reg=0.001)...
Solving ridge regression (iterative, delta-reg=0.001)...
Solving ridge regression (iterative, delta-reg=0.001)...
Solving ridge regression (iterative, delta-reg=0.001)...
Solving ridge regression (iterative, delta-reg=0.001)...
Solving ridge regression (iterative, delta-reg=0.001)...
Solving ridge regression (iterative, delta-reg=0.001)...
Solving ridge regression (iterative, delta-reg=0.001)...
Solving ridge regression (iterative, delta-reg=0.001)...
Solving ridge regression (iterative, delta-reg=0.001)...
Solving ridge regression (iterative, delta-reg=0.001)...
Solving ridge regression (iterative, delta-reg=0.001)...
Solving ridge regression (iterative, delta-reg=0.001)...
Solving ridge regression (iterative, delta-reg=0.001)...
[PnC diagnostic | calib] perturbation_scale=6.25
  Uncorrected shift (mean±std, 50 members): 0.4512 ± 0.0171
  Corrected   shift (mean±std, 50 members): 0.3384 ± 0.0023
  Correction reduction: 25.0%

--- Results: PnC scale=6.25 ID Validation ---
Acc: 0.9572 | Brier: 0.0636 | Entropy: 0.1368 | NLL: 0.1386 | ECE: 0.0082

--- Results: PnC scale=6.25 ID Test ---
Acc: 0.9548 | Brier: 0.0672 | Entropy: 0.1342 | NLL: 0.1463 | ECE: 0.0115
[sweep] scale_ps6.25 seed2 [ok] idacc=95.48 nearAUROC=88.54 nearFPR95=60.1 (875s)
[seed] Seeded everything with seed=2
CIFAR-10 loaded: train=(50000, 32, 32, 3), test=(10000, 32, 32, 3)
Solving ridge regression (iterative, delta-reg=0.001)...
Solving ridge regression (iterative, delta-reg=0.001)...
Solving ridge regression (iterative, delta-reg=0.001)...
Solving ridge regression (iterative, delta-reg=0.001)...
Solving ridge regression (iterative, delta-reg=0.001)...
Solving ridge regression (iterative, delta-reg=0.001)...
Solving ridge regression (iterative, delta-reg=0.001)...
Solving ridge regression (iterative, delta-reg=0.001)...
Solving ridge regression (iterative, delta-reg=0.001)...
Solving ridge regression (iterative, delta-reg=0.001)...
Solving ridge regression (iterative, delta-reg=0.001)...
Solving ridge regression (iterative, delta-reg=0.001)...
Solving ridge regression (iterative, delta-reg=0.001)...
Solving ridge regression (iterative, delta-reg=0.001)...
Solving ridge regression (iterative, delta-reg=0.001)...
Solving ridge regression (iterative, delta-reg=0.001)...
Solving ridge regression (iterative, delta-reg=0.001)...
Solving ridge regression (iterative, delta-reg=0.001)...
Solving ridge regression (iterative, delta-reg=0.001)...
Solving ridge regression (iterative, delta-reg=0.001)...
Solving ridge regression (iterative, delta-reg=0.001)...
Solving ridge regression (iterative, delta-reg=0.001)...
Solving ridge regression (iterative, delta-reg=0.001)...
Solving ridge regression (iterative, delta-reg=0.001)...
Solving ridge regression (iterative, delta-reg=0.001)...
Solving ridge regression (iterative, delta-reg=0.001)...
Solving ridge regression (iterative, delta-reg=0.001)...
Solving ridge regression (iterative, delta-reg=0.001)...
Solving ridge regression (iterative, delta-reg=0.001)...
Solving ridge regression (iterative, delta-reg=0.001)...
Solving ridge regression (iterative, delta-reg=0.001)...
Solving ridge regression (iterative, delta-reg=0.001)...
Solving ridge regression (iterative, delta-reg=0.001)...
Solving ridge regression (iterative, delta-reg=0.001)...
Solving ridge regression (iterative, delta-reg=0.001)...
Solving ridge regression (iterative, delta-reg=0.001)...
Solving ridge regression (iterative, delta-reg=0.001)...
Solving ridge regression (iterative, delta-reg=0.001)...
Solving ridge regression (iterative, delta-reg=0.001)...
Solving ridge regression (iterative, delta-reg=0.001)...
Solving ridge regression (iterative, delta-reg=0.001)...
Solving ridge regression (iterative, delta-reg=0.001)...
Solving ridge regression (iterative, delta-reg=0.001)...
Solving ridge regression (iterative, delta-reg=0.001)...
Solving ridge regression (iterative, delta-reg=0.001)...
Solving ridge regression (iterative, delta-reg=0.001)...
Solving ridge regression (iterative, delta-reg=0.001)...
Solving ridge regression (iterative, delta-reg=0.001)...
Solving ridge regression (iterative, delta-reg=0.001)...
Solving ridge regression (iterative, delta-reg=0.001)...
[PnC diagnostic | calib] perturbation_scale=12.5
  Uncorrected shift (mean±std, 50 members): 1.3858 ± 0.0485
  Corrected   shift (mean±std, 50 members): 0.6385 ± 0.0043
  Correction reduction: 53.9%

--- Results: PnC scale=12.5 ID Validation ---
Acc: 0.9574 | Brier: 0.0636 | Entropy: 0.1301 | NLL: 0.1347 | ECE: 0.0089

--- Results: PnC scale=12.5 ID Test ---
Acc: 0.9550 | Brier: 0.0667 | Entropy: 0.1279 | NLL: 0.1423 | ECE: 0.0103
[sweep] scale_ps12.5 seed2 [ok] idacc=95.50 nearAUROC=89.78 nearFPR95=46.2 (833s)
[seed] Seeded everything with seed=2
CIFAR-10 loaded: train=(50000, 32, 32, 3), test=(10000, 32, 32, 3)
Solving ridge regression (iterative, delta-reg=0.001)...
Solving ridge regression (iterative, delta-reg=0.001)...
Solving ridge regression (iterative, delta-reg=0.001)...
Solving ridge regression (iterative, delta-reg=0.001)...
Solving ridge regression (iterative, delta-reg=0.001)...
Solving ridge regression (iterative, delta-reg=0.001)...
Solving ridge regression (iterative, delta-reg=0.001)...
Solving ridge regression (iterative, delta-reg=0.001)...
Solving ridge regression (iterative, delta-reg=0.001)...
Solving ridge regression (iterative, delta-reg=0.001)...
Solving ridge regression (iterative, delta-reg=0.001)...
Solving ridge regression (iterative, delta-reg=0.001)...
Solving ridge regression (iterative, delta-reg=0.001)...
Solving ridge regression (iterative, delta-reg=0.001)...
Solving ridge regression (iterative, delta-reg=0.001)...
Solving ridge regression (iterative, delta-reg=0.001)...
Solving ridge regression (iterative, delta-reg=0.001)...
Solving ridge regression (iterative, delta-reg=0.001)...
Solving ridge regression (iterative, delta-reg=0.001)...
Solving ridge regression (iterative, delta-reg=0.001)...
Solving ridge regression (iterative, delta-reg=0.001)...
Solving ridge regression (iterative, delta-reg=0.001)...
Solving ridge regression (iterative, delta-reg=0.001)...
Solving ridge regression (iterative, delta-reg=0.001)...
Solving ridge regression (iterative, delta-reg=0.001)...
Solving ridge regression (iterative, delta-reg=0.001)...
Solving ridge regression (iterative, delta-reg=0.001)...
Solving ridge regression (iterative, delta-reg=0.001)...
Solving ridge regression (iterative, delta-reg=0.001)...
Solving ridge regression (iterative, delta-reg=0.001)...
Solving ridge regression (iterative, delta-reg=0.001)...
Solving ridge regression (iterative, delta-reg=0.001)...
Solving ridge regression (iterative, delta-reg=0.001)...
Solving ridge regression (iterative, delta-reg=0.001)...
Solving ridge regression (iterative, delta-reg=0.001)...
Solving ridge regression (iterative, delta-reg=0.001)...
Solving ridge regression (iterative, delta-reg=0.001)...
Solving ridge regression (iterative, delta-reg=0.001)...
Solving ridge regression (iterative, delta-reg=0.001)...
Solving ridge regression (iterative, delta-reg=0.001)...
Solving ridge regression (iterative, delta-reg=0.001)...
Solving ridge regression (iterative, delta-reg=0.001)...
Solving ridge regression (iterative, delta-reg=0.001)...
Solving ridge regression (iterative, delta-reg=0.001)...
Solving ridge regression (iterative, delta-reg=0.001)...
Solving ridge regression (iterative, delta-reg=0.001)...
Solving ridge regression (iterative, delta-reg=0.001)...
Solving ridge regression (iterative, delta-reg=0.001)...
Solving ridge regression (iterative, delta-reg=0.001)...
Solving ridge regression (iterative, delta-reg=0.001)...
[PnC diagnostic | calib] perturbation_scale=25.0
  Uncorrected shift (mean±std, 50 members): 4.4771 ± 0.1238
  Corrected   shift (mean±std, 50 members): 1.2882 ± 0.0246
  Correction reduction: 71.2%

--- Results: PnC scale=25.0 ID Validation ---
Acc: 0.9548 | Brier: 0.0648 | Entropy: 0.1321 | NLL: 0.1323 | ECE: 0.0060

--- Results: PnC scale=25.0 ID Test ---
Acc: 0.9536 | Brier: 0.0675 | Entropy: 0.1297 | NLL: 0.1417 | ECE: 0.0058
[sweep] scale_ps25.0 seed2 [ok] idacc=95.36 nearAUROC=91.52 nearFPR95=32.5 (833s)
[seed] Seeded everything with seed=2
CIFAR-10 loaded: train=(50000, 32, 32, 3), test=(10000, 32, 32, 3)
Solving ridge regression (iterative, delta-reg=0.001)...
Solving ridge regression (iterative, delta-reg=0.001)...
Solving ridge regression (iterative, delta-reg=0.001)...
Solving ridge regression (iterative, delta-reg=0.001)...
Solving ridge regression (iterative, delta-reg=0.001)...
Solving ridge regression (iterative, delta-reg=0.001)...
Solving ridge regression (iterative, delta-reg=0.001)...
Solving ridge regression (iterative, delta-reg=0.001)...
Solving ridge regression (iterative, delta-reg=0.001)...
Solving ridge regression (iterative, delta-reg=0.001)...
Solving ridge regression (iterative, delta-reg=0.001)...
Solving ridge regression (iterative, delta-reg=0.001)...
Solving ridge regression (iterative, delta-reg=0.001)...
Solving ridge regression (iterative, delta-reg=0.001)...
Solving ridge regression (iterative, delta-reg=0.001)...
Solving ridge regression (iterative, delta-reg=0.001)...
Solving ridge regression (iterative, delta-reg=0.001)...
Solving ridge regression (iterative, delta-reg=0.001)...
Solving ridge regression (iterative, delta-reg=0.001)...
Solving ridge regression (iterative, delta-reg=0.001)...
Solving ridge regression (iterative, delta-reg=0.001)...
Solving ridge regression (iterative, delta-reg=0.001)...
Solving ridge regression (iterative, delta-reg=0.001)...
Solving ridge regression (iterative, delta-reg=0.001)...
Solving ridge regression (iterative, delta-reg=0.001)...
Solving ridge regression (iterative, delta-reg=0.001)...
Solving ridge regression (iterative, delta-reg=0.001)...
Solving ridge regression (iterative, delta-reg=0.001)...
Solving ridge regression (iterative, delta-reg=0.001)...
Solving ridge regression (iterative, delta-reg=0.001)...
Solving ridge regression (iterative, delta-reg=0.001)...
Solving ridge regression (iterative, delta-reg=0.001)...
Solving ridge regression (iterative, delta-reg=0.001)...
Solving ridge regression (iterative, delta-reg=0.001)...
Solving ridge regression (iterative, delta-reg=0.001)...
Solving ridge regression (iterative, delta-reg=0.001)...
Solving ridge regression (iterative, delta-reg=0.001)...
Solving ridge regression (iterative, delta-reg=0.001)...
Solving ridge regression (iterative, delta-reg=0.001)...
Solving ridge regression (iterative, delta-reg=0.001)...
Solving ridge regression (iterative, delta-reg=0.001)...
Solving ridge regression (iterative, delta-reg=0.001)...
Solving ridge regression (iterative, delta-reg=0.001)...
Solving ridge regression (iterative, delta-reg=0.001)...
Solving ridge regression (iterative, delta-reg=0.001)...
Solving ridge regression (iterative, delta-reg=0.001)...
Solving ridge regression (iterative, delta-reg=0.001)...
Solving ridge regression (iterative, delta-reg=0.001)...
Solving ridge regression (iterative, delta-reg=0.001)...
Solving ridge regression (iterative, delta-reg=0.001)...
[PnC diagnostic | calib] perturbation_scale=50.0
  Uncorrected shift (mean±std, 50 members): 12.5777 ± 0.2896
  Corrected   shift (mean±std, 50 members): 5.3551 ± 0.4165
  Correction reduction: 57.4%

--- Results: PnC scale=50.0 ID Validation ---
Acc: 0.2688 | Brier: 0.8741 | Entropy: 1.3097 | NLL: 1.7151 | ECE: 0.2951

--- Results: PnC scale=50.0 ID Test ---
Acc: 0.2683 | Brier: 0.8710 | Entropy: 1.3128 | NLL: 1.7144 | ECE: 0.2951
[sweep] scale_ps50.0 seed2 [ok] idacc=26.83 nearAUROC=57.25 nearFPR95=93.2 (849s)
[seed] Seeded everything with seed=2
CIFAR-10 loaded: train=(50000, 32, 32, 3), test=(10000, 32, 32, 3)
Solving ridge regression (iterative, delta-reg=0.001)...
Solving ridge regression (iterative, delta-reg=0.001)...
Solving ridge regression (iterative, delta-reg=0.001)...
Solving ridge regression (iterative, delta-reg=0.001)...
Solving ridge regression (iterative, delta-reg=0.001)...
Solving ridge regression (iterative, delta-reg=0.001)...
Solving ridge regression (iterative, delta-reg=0.001)...
Solving ridge regression (iterative, delta-reg=0.001)...
Solving ridge regression (iterative, delta-reg=0.001)...
Solving ridge regression (iterative, delta-reg=0.001)...
Solving ridge regression (iterative, delta-reg=0.001)...
Solving ridge regression (iterative, delta-reg=0.001)...
Solving ridge regression (iterative, delta-reg=0.001)...
Solving ridge regression (iterative, delta-reg=0.001)...
Solving ridge regression (iterative, delta-reg=0.001)...
Solving ridge regression (iterative, delta-reg=0.001)...
Solving ridge regression (iterative, delta-reg=0.001)...
Solving ridge regression (iterative, delta-reg=0.001)...
Solving ridge regression (iterative, delta-reg=0.001)...
Solving ridge regression (iterative, delta-reg=0.001)...
Solving ridge regression (iterative, delta-reg=0.001)...
Solving ridge regression (iterative, delta-reg=0.001)...
Solving ridge regression (iterative, delta-reg=0.001)...
Solving ridge regression (iterative, delta-reg=0.001)...
Solving ridge regression (iterative, delta-reg=0.001)...
Solving ridge regression (iterative, delta-reg=0.001)...
Solving ridge regression (iterative, delta-reg=0.001)...
Solving ridge regression (iterative, delta-reg=0.001)...
Solving ridge regression (iterative, delta-reg=0.001)...
Solving ridge regression (iterative, delta-reg=0.001)...
Solving ridge regression (iterative, delta-reg=0.001)...
Solving ridge regression (iterative, delta-reg=0.001)...
Solving ridge regression (iterative, delta-reg=0.001)...
Solving ridge regression (iterative, delta-reg=0.001)...
Solving ridge regression (iterative, delta-reg=0.001)...
Solving ridge regression (iterative, delta-reg=0.001)...
Solving ridge regression (iterative, delta-reg=0.001)...
Solving ridge regression (iterative, delta-reg=0.001)...
Solving ridge regression (iterative, delta-reg=0.001)...
Solving ridge regression (iterative, delta-reg=0.001)...
Solving ridge regression (iterative, delta-reg=0.001)...
Solving ridge regression (iterative, delta-reg=0.001)...
Solving ridge regression (iterative, delta-reg=0.001)...
Solving ridge regression (iterative, delta-reg=0.001)...
Solving ridge regression (iterative, delta-reg=0.001)...
Solving ridge regression (iterative, delta-reg=0.001)...
Solving ridge regression (iterative, delta-reg=0.001)...
Solving ridge regression (iterative, delta-reg=0.001)...
Solving ridge regression (iterative, delta-reg=0.001)...
Solving ridge regression (iterative, delta-reg=0.001)...
[PnC diagnostic | calib] perturbation_scale=100.0
  Uncorrected shift (mean±std, 50 members): 30.4244 ± 0.6303
  Corrected   shift (mean±std, 50 members): 1870.5786 ± 3270.1175
  Correction reduction: -6048.3%

--- Results: PnC scale=100.0 ID Validation ---
Acc: 0.0992 | Brier: 1.4209 | Entropy: 0.9248 | NLL: 3.8187 | ECE: 0.6800

--- Results: PnC scale=100.0 ID Test ---
Acc: 0.1000 | Brier: 1.4185 | Entropy: 0.9244 | NLL: 3.7908 | ECE: 0.6795
[sweep] scale_ps100.0 seed2 [ok] idacc=10.00 nearAUROC=62.92 nearFPR95=87.8 (845s)
[seed] Seeded everything with seed=2
CIFAR-10 loaded: train=(50000, 32, 32, 3), test=(10000, 32, 32, 3)
Solving ridge regression (iterative, delta-reg=0.001)...
Solving ridge regression (iterative, delta-reg=0.001)...
Solving ridge regression (iterative, delta-reg=0.001)...
Solving ridge regression (iterative, delta-reg=0.001)...
Solving ridge regression (iterative, delta-reg=0.001)...
Solving ridge regression (iterative, delta-reg=0.001)...
Solving ridge regression (iterative, delta-reg=0.001)...
Solving ridge regression (iterative, delta-reg=0.001)...
Solving ridge regression (iterative, delta-reg=0.001)...
Solving ridge regression (iterative, delta-reg=0.001)...
Solving ridge regression (iterative, delta-reg=0.001)...
Solving ridge regression (iterative, delta-reg=0.001)...
Solving ridge regression (iterative, delta-reg=0.001)...
Solving ridge regression (iterative, delta-reg=0.001)...
Solving ridge regression (iterative, delta-reg=0.001)...
Solving ridge regression (iterative, delta-reg=0.001)...
Solving ridge regression (iterative, delta-reg=0.001)...
Solving ridge regression (iterative, delta-reg=0.001)...
Solving ridge regression (iterative, delta-reg=0.001)...
Solving ridge regression (iterative, delta-reg=0.001)...
Solving ridge regression (iterative, delta-reg=0.001)...
Solving ridge regression (iterative, delta-reg=0.001)...
Solving ridge regression (iterative, delta-reg=0.001)...
Solving ridge regression (iterative, delta-reg=0.001)...
Solving ridge regression (iterative, delta-reg=0.001)...
Solving ridge regression (iterative, delta-reg=0.001)...
Solving ridge regression (iterative, delta-reg=0.001)...
Solving ridge regression (iterative, delta-reg=0.001)...
Solving ridge regression (iterative, delta-reg=0.001)...
Solving ridge regression (iterative, delta-reg=0.001)...
Solving ridge regression (iterative, delta-reg=0.001)...
Solving ridge regression (iterative, delta-reg=0.001)...
Solving ridge regression (iterative, delta-reg=0.001)...
Solving ridge regression (iterative, delta-reg=0.001)...
Solving ridge regression (iterative, delta-reg=0.001)...
Solving ridge regression (iterative, delta-reg=0.001)...
Solving ridge regression (iterative, delta-reg=0.001)...
Solving ridge regression (iterative, delta-reg=0.001)...
Solving ridge regression (iterative, delta-reg=0.001)...
Solving ridge regression (iterative, delta-reg=0.001)...
Solving ridge regression (iterative, delta-reg=0.001)...
Solving ridge regression (iterative, delta-reg=0.001)...
Solving ridge regression (iterative, delta-reg=0.001)...
Solving ridge regression (iterative, delta-reg=0.001)...
Solving ridge regression (iterative, delta-reg=0.001)...
Solving ridge regression (iterative, delta-reg=0.001)...
Solving ridge regression (iterative, delta-reg=0.001)...
Solving ridge regression (iterative, delta-reg=0.001)...
Solving ridge regression (iterative, delta-reg=0.001)...
Solving ridge regression (iterative, delta-reg=0.001)...
[PnC diagnostic | calib] perturbation_scale=25.0
  Uncorrected shift (mean±std, 50 members): 4.4965 ± 0.0082
  Corrected   shift (mean±std, 50 members): 1.2866 ± 0.0150
  Correction reduction: 71.4%

--- Results: PnC scale=25.0 ID Validation ---
Acc: 0.9542 | Brier: 0.0690 | Entropy: 0.1462 | NLL: 0.1436 | ECE: 0.0070

--- Results: PnC scale=25.0 ID Test ---
Acc: 0.9532 | Brier: 0.0721 | Entropy: 0.1432 | NLL: 0.1546 | ECE: 0.0070
[sweep] rank_k1 seed2 [ok] idacc=95.32 nearAUROC=90.84 nearFPR95=35.1 (832s)
[seed] Seeded everything with seed=2
CIFAR-10 loaded: train=(50000, 32, 32, 3), test=(10000, 32, 32, 3)
Solving ridge regression (iterative, delta-reg=0.001)...
Solving ridge regression (iterative, delta-reg=0.001)...
Solving ridge regression (iterative, delta-reg=0.001)...
Solving ridge regression (iterative, delta-reg=0.001)...
Solving ridge regression (iterative, delta-reg=0.001)...
Solving ridge regression (iterative, delta-reg=0.001)...
Solving ridge regression (iterative, delta-reg=0.001)...
Solving ridge regression (iterative, delta-reg=0.001)...
Solving ridge regression (iterative, delta-reg=0.001)...
Solving ridge regression (iterative, delta-reg=0.001)...
Solving ridge regression (iterative, delta-reg=0.001)...
Solving ridge regression (iterative, delta-reg=0.001)...
Solving ridge regression (iterative, delta-reg=0.001)...
Solving ridge regression (iterative, delta-reg=0.001)...
Solving ridge regression (iterative, delta-reg=0.001)...
Solving ridge regression (iterative, delta-reg=0.001)...
Solving ridge regression (iterative, delta-reg=0.001)...
Solving ridge regression (iterative, delta-reg=0.001)...
Solving ridge regression (iterative, delta-reg=0.001)...
Solving ridge regression (iterative, delta-reg=0.001)...
Solving ridge regression (iterative, delta-reg=0.001)...
Solving ridge regression (iterative, delta-reg=0.001)...
Solving ridge regression (iterative, delta-reg=0.001)...
Solving ridge regression (iterative, delta-reg=0.001)...
Solving ridge regression (iterative, delta-reg=0.001)...
Solving ridge regression (iterative, delta-reg=0.001)...
Solving ridge regression (iterative, delta-reg=0.001)...
Solving ridge regression (iterative, delta-reg=0.001)...
Solving ridge regression (iterative, delta-reg=0.001)...
Solving ridge regression (iterative, delta-reg=0.001)...
Solving ridge regression (iterative, delta-reg=0.001)...
Solving ridge regression (iterative, delta-reg=0.001)...
Solving ridge regression (iterative, delta-reg=0.001)...
Solving ridge regression (iterative, delta-reg=0.001)...
Solving ridge regression (iterative, delta-reg=0.001)...
Solving ridge regression (iterative, delta-reg=0.001)...
Solving ridge regression (iterative, delta-reg=0.001)...
Solving ridge regression (iterative, delta-reg=0.001)...
Solving ridge regression (iterative, delta-reg=0.001)...
Solving ridge regression (iterative, delta-reg=0.001)...
Solving ridge regression (iterative, delta-reg=0.001)...
Solving ridge regression (iterative, delta-reg=0.001)...
Solving ridge regression (iterative, delta-reg=0.001)...
Solving ridge regression (iterative, delta-reg=0.001)...
Solving ridge regression (iterative, delta-reg=0.001)...
Solving ridge regression (iterative, delta-reg=0.001)...
Solving ridge regression (iterative, delta-reg=0.001)...
Solving ridge regression (iterative, delta-reg=0.001)...
Solving ridge regression (iterative, delta-reg=0.001)...
Solving ridge regression (iterative, delta-reg=0.001)...
[PnC diagnostic | calib] perturbation_scale=25.0
  Uncorrected shift (mean±std, 50 members): 4.4949 ± 0.0746
  Corrected   shift (mean±std, 50 members): 1.2862 ± 0.0155
  Correction reduction: 71.4%

--- Results: PnC scale=25.0 ID Validation ---
Acc: 0.9540 | Brier: 0.0663 | Entropy: 0.1358 | NLL: 0.1349 | ECE: 0.0065

--- Results: PnC scale=25.0 ID Test ---
Acc: 0.9525 | Brier: 0.0699 | Entropy: 0.1340 | NLL: 0.1471 | ECE: 0.0072
[sweep] rank_k2 seed2 [ok] idacc=95.25 nearAUROC=91.14 nearFPR95=33.2 (822s)
[seed] Seeded everything with seed=2
CIFAR-10 loaded: train=(50000, 32, 32, 3), test=(10000, 32, 32, 3)
Solving ridge regression (iterative, delta-reg=0.001)...
Solving ridge regression (iterative, delta-reg=0.001)...
Solving ridge regression (iterative, delta-reg=0.001)...
Solving ridge regression (iterative, delta-reg=0.001)...
Solving ridge regression (iterative, delta-reg=0.001)...
Solving ridge regression (iterative, delta-reg=0.001)...
Solving ridge regression (iterative, delta-reg=0.001)...
Solving ridge regression (iterative, delta-reg=0.001)...
Solving ridge regression (iterative, delta-reg=0.001)...
Solving ridge regression (iterative, delta-reg=0.001)...
Solving ridge regression (iterative, delta-reg=0.001)...
Solving ridge regression (iterative, delta-reg=0.001)...
Solving ridge regression (iterative, delta-reg=0.001)...
Solving ridge regression (iterative, delta-reg=0.001)...
Solving ridge regression (iterative, delta-reg=0.001)...
Solving ridge regression (iterative, delta-reg=0.001)...
Solving ridge regression (iterative, delta-reg=0.001)...
Solving ridge regression (iterative, delta-reg=0.001)...
Solving ridge regression (iterative, delta-reg=0.001)...
Solving ridge regression (iterative, delta-reg=0.001)...
Solving ridge regression (iterative, delta-reg=0.001)...
Solving ridge regression (iterative, delta-reg=0.001)...
Solving ridge regression (iterative, delta-reg=0.001)...
Solving ridge regression (iterative, delta-reg=0.001)...
Solving ridge regression (iterative, delta-reg=0.001)...
Solving ridge regression (iterative, delta-reg=0.001)...
Solving ridge regression (iterative, delta-reg=0.001)...
Solving ridge regression (iterative, delta-reg=0.001)...
Solving ridge regression (iterative, delta-reg=0.001)...
Solving ridge regression (iterative, delta-reg=0.001)...
Solving ridge regression (iterative, delta-reg=0.001)...
Solving ridge regression (iterative, delta-reg=0.001)...
Solving ridge regression (iterative, delta-reg=0.001)...
Solving ridge regression (iterative, delta-reg=0.001)...
Solving ridge regression (iterative, delta-reg=0.001)...
Solving ridge regression (iterative, delta-reg=0.001)...
Solving ridge regression (iterative, delta-reg=0.001)...
Solving ridge regression (iterative, delta-reg=0.001)...
Solving ridge regression (iterative, delta-reg=0.001)...
Solving ridge regression (iterative, delta-reg=0.001)...
Solving ridge regression (iterative, delta-reg=0.001)...
Solving ridge regression (iterative, delta-reg=0.001)...
Solving ridge regression (iterative, delta-reg=0.001)...
Solving ridge regression (iterative, delta-reg=0.001)...
Solving ridge regression (iterative, delta-reg=0.001)...
Solving ridge regression (iterative, delta-reg=0.001)...
Solving ridge regression (iterative, delta-reg=0.001)...
Solving ridge regression (iterative, delta-reg=0.001)...
Solving ridge regression (iterative, delta-reg=0.001)...
Solving ridge regression (iterative, delta-reg=0.001)...
[PnC diagnostic | calib] perturbation_scale=25.0
  Uncorrected shift (mean±std, 50 members): 4.4855 ± 0.1140
  Corrected   shift (mean±std, 50 members): 1.2878 ± 0.0206
  Correction reduction: 71.3%

--- Results: PnC scale=25.0 ID Validation ---
Acc: 0.9554 | Brier: 0.0658 | Entropy: 0.1337 | NLL: 0.1341 | ECE: 0.0083

--- Results: PnC scale=25.0 ID Test ---
Acc: 0.9540 | Brier: 0.0679 | Entropy: 0.1318 | NLL: 0.1427 | ECE: 0.0050
[sweep] rank_k5 seed2 [ok] idacc=95.40 nearAUROC=91.36 nearFPR95=32.6 (842s)
[sweep] skip rank_k20 seed2 (cached)
[seed] Seeded everything with seed=2
CIFAR-10 loaded: train=(50000, 32, 32, 3), test=(10000, 32, 32, 3)
Solving ridge regression (iterative, delta-reg=0.001)...
Solving ridge regression (iterative, delta-reg=0.001)...
Solving ridge regression (iterative, delta-reg=0.001)...
Solving ridge regression (iterative, delta-reg=0.001)...
Solving ridge regression (iterative, delta-reg=0.001)...
Solving ridge regression (iterative, delta-reg=0.001)...
Solving ridge regression (iterative, delta-reg=0.001)...
Solving ridge regression (iterative, delta-reg=0.001)...
Solving ridge regression (iterative, delta-reg=0.001)...
Solving ridge regression (iterative, delta-reg=0.001)...
Solving ridge regression (iterative, delta-reg=0.001)...
Solving ridge regression (iterative, delta-reg=0.001)...
Solving ridge regression (iterative, delta-reg=0.001)...
Solving ridge regression (iterative, delta-reg=0.001)...
Solving ridge regression (iterative, delta-reg=0.001)...
Solving ridge regression (iterative, delta-reg=0.001)...
Solving ridge regression (iterative, delta-reg=0.001)...
Solving ridge regression (iterative, delta-reg=0.001)...
Solving ridge regression (iterative, delta-reg=0.001)...
Solving ridge regression (iterative, delta-reg=0.001)...
Solving ridge regression (iterative, delta-reg=0.001)...
Solving ridge regression (iterative, delta-reg=0.001)...
Solving ridge regression (iterative, delta-reg=0.001)...
Solving ridge regression (iterative, delta-reg=0.001)...
Solving ridge regression (iterative, delta-reg=0.001)...
Solving ridge regression (iterative, delta-reg=0.001)...
Solving ridge regression (iterative, delta-reg=0.001)...
Solving ridge regression (iterative, delta-reg=0.001)...
Solving ridge regression (iterative, delta-reg=0.001)...
Solving ridge regression (iterative, delta-reg=0.001)...
Solving ridge regression (iterative, delta-reg=0.001)...
Solving ridge regression (iterative, delta-reg=0.001)...
Solving ridge regression (iterative, delta-reg=0.001)...
Solving ridge regression (iterative, delta-reg=0.001)...
Solving ridge regression (iterative, delta-reg=0.001)...
Solving ridge regression (iterative, delta-reg=0.001)...
Solving ridge regression (iterative, delta-reg=0.001)...
Solving ridge regression (iterative, delta-reg=0.001)...
Solving ridge regression (iterative, delta-reg=0.001)...
Solving ridge regression (iterative, delta-reg=0.001)...
Solving ridge regression (iterative, delta-reg=0.001)...
Solving ridge regression (iterative, delta-reg=0.001)...
Solving ridge regression (iterative, delta-reg=0.001)...
Solving ridge regression (iterative, delta-reg=0.001)...
Solving ridge regression (iterative, delta-reg=0.001)...
Solving ridge regression (iterative, delta-reg=0.001)...
Solving ridge regression (iterative, delta-reg=0.001)...
Solving ridge regression (iterative, delta-reg=0.001)...
Solving ridge regression (iterative, delta-reg=0.001)...
Solving ridge regression (iterative, delta-reg=0.001)...
[PnC diagnostic | calib] perturbation_scale=25.0
  Uncorrected shift (mean±std, 50 members): 4.4849 ± 0.1177
  Corrected   shift (mean±std, 50 members): 1.2886 ± 0.0221
  Correction reduction: 71.3%

--- Results: PnC scale=25.0 ID Validation ---
Acc: 0.9548 | Brier: 0.0651 | Entropy: 0.1331 | NLL: 0.1335 | ECE: 0.0053

--- Results: PnC scale=25.0 ID Test ---
Acc: 0.9536 | Brier: 0.0675 | Entropy: 0.1305 | NLL: 0.1418 | ECE: 0.0056
[sweep] rank_k40 seed2 [ok] idacc=95.36 nearAUROC=91.56 nearFPR95=32.3 (839s)
[seed] Seeded everything with seed=2
CIFAR-10 loaded: train=(50000, 32, 32, 3), test=(10000, 32, 32, 3)
Solving ridge regression (iterative, delta-reg=0.001)...
Solving ridge regression (iterative, delta-reg=0.001)...
Solving ridge regression (iterative, delta-reg=0.001)...
Solving ridge regression (iterative, delta-reg=0.001)...
Solving ridge regression (iterative, delta-reg=0.001)...
Solving ridge regression (iterative, delta-reg=0.001)...
Solving ridge regression (iterative, delta-reg=0.001)...
Solving ridge regression (iterative, delta-reg=0.001)...
Solving ridge regression (iterative, delta-reg=0.001)...
Solving ridge regression (iterative, delta-reg=0.001)...
Solving ridge regression (iterative, delta-reg=0.001)...
Solving ridge regression (iterative, delta-reg=0.001)...
Solving ridge regression (iterative, delta-reg=0.001)...
Solving ridge regression (iterative, delta-reg=0.001)...
Solving ridge regression (iterative, delta-reg=0.001)...
Solving ridge regression (iterative, delta-reg=0.001)...
Solving ridge regression (iterative, delta-reg=0.001)...
Solving ridge regression (iterative, delta-reg=0.001)...
Solving ridge regression (iterative, delta-reg=0.001)...
Solving ridge regression (iterative, delta-reg=0.001)...
Solving ridge regression (iterative, delta-reg=0.001)...
Solving ridge regression (iterative, delta-reg=0.001)...
Solving ridge regression (iterative, delta-reg=0.001)...
Solving ridge regression (iterative, delta-reg=0.001)...
Solving ridge regression (iterative, delta-reg=0.001)...
Solving ridge regression (iterative, delta-reg=0.001)...
Solving ridge regression (iterative, delta-reg=0.001)...
Solving ridge regression (iterative, delta-reg=0.001)...
Solving ridge regression (iterative, delta-reg=0.001)...
Solving ridge regression (iterative, delta-reg=0.001)...
Solving ridge regression (iterative, delta-reg=0.001)...
Solving ridge regression (iterative, delta-reg=0.001)...
Solving ridge regression (iterative, delta-reg=0.001)...
Solving ridge regression (iterative, delta-reg=0.001)...
Solving ridge regression (iterative, delta-reg=0.001)...
Solving ridge regression (iterative, delta-reg=0.001)...
Solving ridge regression (iterative, delta-reg=0.001)...
Solving ridge regression (iterative, delta-reg=0.001)...
Solving ridge regression (iterative, delta-reg=0.001)...
Solving ridge regression (iterative, delta-reg=0.001)...
Solving ridge regression (iterative, delta-reg=0.001)...
Solving ridge regression (iterative, delta-reg=0.001)...
Solving ridge regression (iterative, delta-reg=0.001)...
Solving ridge regression (iterative, delta-reg=0.001)...
Solving ridge regression (iterative, delta-reg=0.001)...
Solving ridge regression (iterative, delta-reg=0.001)...
Solving ridge regression (iterative, delta-reg=0.001)...
Solving ridge regression (iterative, delta-reg=0.001)...
Solving ridge regression (iterative, delta-reg=0.001)...
Solving ridge regression (iterative, delta-reg=0.001)...
[PnC diagnostic | calib] perturbation_scale=25.0
  Uncorrected shift (mean±std, 50 members): 4.4515 ± 0.1261
  Corrected   shift (mean±std, 50 members): 1.3560 ± 0.0155
  Correction reduction: 69.5%

--- Results: PnC scale=25.0 ID Validation ---
Acc: 0.9556 | Brier: 0.0646 | Entropy: 0.1322 | NLL: 0.1315 | ECE: 0.0070

--- Results: PnC scale=25.0 ID Test ---
Acc: 0.9534 | Brier: 0.0675 | Entropy: 0.1292 | NLL: 0.1436 | ECE: 0.0045
[sweep] calib_ss256 seed2 [ok] idacc=95.34 nearAUROC=91.58 nearFPR95=32.3 (843s)
[seed] Seeded everything with seed=2
CIFAR-10 loaded: train=(50000, 32, 32, 3), test=(10000, 32, 32, 3)
Solving ridge regression (iterative, delta-reg=0.001)...
Solving ridge regression (iterative, delta-reg=0.001)...
Solving ridge regression (iterative, delta-reg=0.001)...
Solving ridge regression (iterative, delta-reg=0.001)...
Solving ridge regression (iterative, delta-reg=0.001)...
Solving ridge regression (iterative, delta-reg=0.001)...
Solving ridge regression (iterative, delta-reg=0.001)...
Solving ridge regression (iterative, delta-reg=0.001)...
Solving ridge regression (iterative, delta-reg=0.001)...
Solving ridge regression (iterative, delta-reg=0.001)...
Solving ridge regression (iterative, delta-reg=0.001)...
Solving ridge regression (iterative, delta-reg=0.001)...
Solving ridge regression (iterative, delta-reg=0.001)...
Solving ridge regression (iterative, delta-reg=0.001)...
Solving ridge regression (iterative, delta-reg=0.001)...
Solving ridge regression (iterative, delta-reg=0.001)...
Solving ridge regression (iterative, delta-reg=0.001)...
Solving ridge regression (iterative, delta-reg=0.001)...
Solving ridge regression (iterative, delta-reg=0.001)...
Solving ridge regression (iterative, delta-reg=0.001)...
Solving ridge regression (iterative, delta-reg=0.001)...
Solving ridge regression (iterative, delta-reg=0.001)...
Solving ridge regression (iterative, delta-reg=0.001)...
Solving ridge regression (iterative, delta-reg=0.001)...
Solving ridge regression (iterative, delta-reg=0.001)...
Solving ridge regression (iterative, delta-reg=0.001)...
Solving ridge regression (iterative, delta-reg=0.001)...
Solving ridge regression (iterative, delta-reg=0.001)...
Solving ridge regression (iterative, delta-reg=0.001)...
Solving ridge regression (iterative, delta-reg=0.001)...
Solving ridge regression (iterative, delta-reg=0.001)...
Solving ridge regression (iterative, delta-reg=0.001)...
Solving ridge regression (iterative, delta-reg=0.001)...
Solving ridge regression (iterative, delta-reg=0.001)...
Solving ridge regression (iterative, delta-reg=0.001)...
Solving ridge regression (iterative, delta-reg=0.001)...
Solving ridge regression (iterative, delta-reg=0.001)...
Solving ridge regression (iterative, delta-reg=0.001)...
Solving ridge regression (iterative, delta-reg=0.001)...
Solving ridge regression (iterative, delta-reg=0.001)...
Solving ridge regression (iterative, delta-reg=0.001)...
Solving ridge regression (iterative, delta-reg=0.001)...
Solving ridge regression (iterative, delta-reg=0.001)...
Solving ridge regression (iterative, delta-reg=0.001)...
Solving ridge regression (iterative, delta-reg=0.001)...
Solving ridge regression (iterative, delta-reg=0.001)...
Solving ridge regression (iterative, delta-reg=0.001)...
Solving ridge regression (iterative, delta-reg=0.001)...
Solving ridge regression (iterative, delta-reg=0.001)...
Solving ridge regression (iterative, delta-reg=0.001)...
[PnC diagnostic | calib] perturbation_scale=25.0
  Uncorrected shift (mean±std, 50 members): 4.4600 ± 0.1243
  Corrected   shift (mean±std, 50 members): 1.2887 ± 0.0113
  Correction reduction: 71.1%

--- Results: PnC scale=25.0 ID Validation ---
Acc: 0.9542 | Brier: 0.0649 | Entropy: 0.1327 | NLL: 0.1322 | ECE: 0.0047

--- Results: PnC scale=25.0 ID Test ---
Acc: 0.9534 | Brier: 0.0674 | Entropy: 0.1298 | NLL: 0.1429 | ECE: 0.0066
[sweep] calib_ss512 seed2 [ok] idacc=95.34 nearAUROC=91.57 nearFPR95=32.4 (841s)
[sweep] skip calib_ss1024 seed2 (cached)
[seed] Seeded everything with seed=2
CIFAR-10 loaded: train=(50000, 32, 32, 3), test=(10000, 32, 32, 3)
Solving ridge regression (iterative, delta-reg=0.001)...
Solving ridge regression (iterative, delta-reg=0.001)...
Solving ridge regression (iterative, delta-reg=0.001)...
Solving ridge regression (iterative, delta-reg=0.001)...
Solving ridge regression (iterative, delta-reg=0.001)...
Solving ridge regression (iterative, delta-reg=0.001)...
Solving ridge regression (iterative, delta-reg=0.001)...
Solving ridge regression (iterative, delta-reg=0.001)...
Solving ridge regression (iterative, delta-reg=0.001)...
Solving ridge regression (iterative, delta-reg=0.001)...
Solving ridge regression (iterative, delta-reg=0.001)...
Solving ridge regression (iterative, delta-reg=0.001)...
Solving ridge regression (iterative, delta-reg=0.001)...
Solving ridge regression (iterative, delta-reg=0.001)...
Solving ridge regression (iterative, delta-reg=0.001)...
Solving ridge regression (iterative, delta-reg=0.001)...
Solving ridge regression (iterative, delta-reg=0.001)...
Solving ridge regression (iterative, delta-reg=0.001)...
Solving ridge regression (iterative, delta-reg=0.001)...
Solving ridge regression (iterative, delta-reg=0.001)...
Solving ridge regression (iterative, delta-reg=0.001)...
Solving ridge regression (iterative, delta-reg=0.001)...
Solving ridge regression (iterative, delta-reg=0.001)...
Solving ridge regression (iterative, delta-reg=0.001)...
Solving ridge regression (iterative, delta-reg=0.001)...
Solving ridge regression (iterative, delta-reg=0.001)...
Solving ridge regression (iterative, delta-reg=0.001)...
Solving ridge regression (iterative, delta-reg=0.001)...
Solving ridge regression (iterative, delta-reg=0.001)...
Solving ridge regression (iterative, delta-reg=0.001)...
Solving ridge regression (iterative, delta-reg=0.001)...
Solving ridge regression (iterative, delta-reg=0.001)...
Solving ridge regression (iterative, delta-reg=0.001)...
Solving ridge regression (iterative, delta-reg=0.001)...
Solving ridge regression (iterative, delta-reg=0.001)...
Solving ridge regression (iterative, delta-reg=0.001)...
Solving ridge regression (iterative, delta-reg=0.001)...
Solving ridge regression (iterative, delta-reg=0.001)...
Solving ridge regression (iterative, delta-reg=0.001)...
Solving ridge regression (iterative, delta-reg=0.001)...
Solving ridge regression (iterative, delta-reg=0.001)...
Solving ridge regression (iterative, delta-reg=0.001)...
Solving ridge regression (iterative, delta-reg=0.001)...
Solving ridge regression (iterative, delta-reg=0.001)...
Solving ridge regression (iterative, delta-reg=0.001)...
Solving ridge regression (iterative, delta-reg=0.001)...
Solving ridge regression (iterative, delta-reg=0.001)...
Solving ridge regression (iterative, delta-reg=0.001)...
Solving ridge regression (iterative, delta-reg=0.001)...
Solving ridge regression (iterative, delta-reg=0.001)...
[PnC diagnostic | calib] perturbation_scale=25.0
  Uncorrected shift (mean±std, 50 members): 4.4785 ± 0.1241
  Corrected   shift (mean±std, 50 members): 18.5936 ± 46.5908
  Correction reduction: -315.2%

--- Results: PnC scale=25.0 ID Validation ---
Acc: 0.4200 | Brier: 0.6230 | Entropy: 0.8000 | NLL: 0.9732 | ECE: 0.2054

--- Results: PnC scale=25.0 ID Test ---
Acc: 0.4163 | Brier: 0.6219 | Entropy: 0.8024 | NLL: 0.9638 | ECE: 0.2083
[sweep] calib_ss2048 seed2 [ok] idacc=41.63 nearAUROC=54.26 nearFPR95=95.8 (845s)
[seed] Seeded everything with seed=2
CIFAR-10 loaded: train=(50000, 32, 32, 3), test=(10000, 32, 32, 3)
Solving ridge regression (iterative, delta-reg=0.001)...
Solving ridge regression (iterative, delta-reg=0.001)...
Solving ridge regression (iterative, delta-reg=0.001)...
Solving ridge regression (iterative, delta-reg=0.001)...
Solving ridge regression (iterative, delta-reg=0.001)...
Solving ridge regression (iterative, delta-reg=0.001)...
Solving ridge regression (iterative, delta-reg=0.001)...
Solving ridge regression (iterative, delta-reg=0.001)...
Solving ridge regression (iterative, delta-reg=0.001)...
Solving ridge regression (iterative, delta-reg=0.001)...
Solving ridge regression (iterative, delta-reg=0.001)...
Solving ridge regression (iterative, delta-reg=0.001)...
Solving ridge regression (iterative, delta-reg=0.001)...
Solving ridge regression (iterative, delta-reg=0.001)...
Solving ridge regression (iterative, delta-reg=0.001)...
Solving ridge regression (iterative, delta-reg=0.001)...
Solving ridge regression (iterative, delta-reg=0.001)...
Solving ridge regression (iterative, delta-reg=0.001)...
Solving ridge regression (iterative, delta-reg=0.001)...
Solving ridge regression (iterative, delta-reg=0.001)...
Solving ridge regression (iterative, delta-reg=0.001)...
Solving ridge regression (iterative, delta-reg=0.001)...
Solving ridge regression (iterative, delta-reg=0.001)...
Solving ridge regression (iterative, delta-reg=0.001)...
Solving ridge regression (iterative, delta-reg=0.001)...
Solving ridge regression (iterative, delta-reg=0.001)...
Solving ridge regression (iterative, delta-reg=0.001)...
Solving ridge regression (iterative, delta-reg=0.001)...
Solving ridge regression (iterative, delta-reg=0.001)...
Solving ridge regression (iterative, delta-reg=0.001)...
Solving ridge regression (iterative, delta-reg=0.001)...
Solving ridge regression (iterative, delta-reg=0.001)...
Solving ridge regression (iterative, delta-reg=0.001)...
Solving ridge regression (iterative, delta-reg=0.001)...
Solving ridge regression (iterative, delta-reg=0.001)...
Solving ridge regression (iterative, delta-reg=0.001)...
Solving ridge regression (iterative, delta-reg=0.001)...
Solving ridge regression (iterative, delta-reg=0.001)...
Solving ridge regression (iterative, delta-reg=0.001)...
Solving ridge regression (iterative, delta-reg=0.001)...
Solving ridge regression (iterative, delta-reg=0.001)...
Solving ridge regression (iterative, delta-reg=0.001)...
Solving ridge regression (iterative, delta-reg=0.001)...
Solving ridge regression (iterative, delta-reg=0.001)...
Solving ridge regression (iterative, delta-reg=0.001)...
Solving ridge regression (iterative, delta-reg=0.001)...
Solving ridge regression (iterative, delta-reg=0.001)...
Solving ridge regression (iterative, delta-reg=0.001)...
Solving ridge regression (iterative, delta-reg=0.001)...
Solving ridge regression (iterative, delta-reg=0.001)...
[PnC diagnostic | calib] perturbation_scale=25.0
  Uncorrected shift (mean±std, 50 members): 4.4789 ± 0.1249
  Corrected   shift (mean±std, 50 members): 2.4616 ± 0.3455
  Correction reduction: 45.0%

--- Results: PnC scale=25.0 ID Validation ---
Acc: 0.9366 | Brier: 0.1084 | Entropy: 0.4012 | NLL: 0.2594 | ECE: 0.0633

--- Results: PnC scale=25.0 ID Test ---
Acc: 0.9344 | Brier: 0.1079 | Entropy: 0.4001 | NLL: 0.2562 | ECE: 0.0608
[sweep] calib_ss4096 seed2 [ok] idacc=93.44 nearAUROC=89.57 nearFPR95=41.6 (842s)
[seed] Seeded everything with seed=2
CIFAR-10 loaded: train=(50000, 32, 32, 3), test=(10000, 32, 32, 3)
Solving ridge regression (iterative, delta-reg=0.0)...
Solving ridge regression (iterative, delta-reg=0.0)...
Solving ridge regression (iterative, delta-reg=0.0)...
Solving ridge regression (iterative, delta-reg=0.0)...
Solving ridge regression (iterative, delta-reg=0.0)...
Solving ridge regression (iterative, delta-reg=0.0)...
Solving ridge regression (iterative, delta-reg=0.0)...
Solving ridge regression (iterative, delta-reg=0.0)...
Solving ridge regression (iterative, delta-reg=0.0)...
Solving ridge regression (iterative, delta-reg=0.0)...
Solving ridge regression (iterative, delta-reg=0.0)...
Solving ridge regression (iterative, delta-reg=0.0)...
Solving ridge regression (iterative, delta-reg=0.0)...
Solving ridge regression (iterative, delta-reg=0.0)...
Solving ridge regression (iterative, delta-reg=0.0)...
Solving ridge regression (iterative, delta-reg=0.0)...
Solving ridge regression (iterative, delta-reg=0.0)...
Solving ridge regression (iterative, delta-reg=0.0)...
Solving ridge regression (iterative, delta-reg=0.0)...
Solving ridge regression (iterative, delta-reg=0.0)...
Solving ridge regression (iterative, delta-reg=0.0)...
Solving ridge regression (iterative, delta-reg=0.0)...
Solving ridge regression (iterative, delta-reg=0.0)...
Solving ridge regression (iterative, delta-reg=0.0)...
Solving ridge regression (iterative, delta-reg=0.0)...
Solving ridge regression (iterative, delta-reg=0.0)...
Solving ridge regression (iterative, delta-reg=0.0)...
Solving ridge regression (iterative, delta-reg=0.0)...
Solving ridge regression (iterative, delta-reg=0.0)...
Solving ridge regression (iterative, delta-reg=0.0)...
Solving ridge regression (iterative, delta-reg=0.0)...
Solving ridge regression (iterative, delta-reg=0.0)...
Solving ridge regression (iterative, delta-reg=0.0)...
Solving ridge regression (iterative, delta-reg=0.0)...
Solving ridge regression (iterative, delta-reg=0.0)...
Solving ridge regression (iterative, delta-reg=0.0)...
Solving ridge regression (iterative, delta-reg=0.0)...
Solving ridge regression (iterative, delta-reg=0.0)...
Solving ridge regression (iterative, delta-reg=0.0)...
Solving ridge regression (iterative, delta-reg=0.0)...
Solving ridge regression (iterative, delta-reg=0.0)...
Solving ridge regression (iterative, delta-reg=0.0)...
Solving ridge regression (iterative, delta-reg=0.0)...
Solving ridge regression (iterative, delta-reg=0.0)...
Solving ridge regression (iterative, delta-reg=0.0)...
Solving ridge regression (iterative, delta-reg=0.0)...
Solving ridge regression (iterative, delta-reg=0.0)...
Solving ridge regression (iterative, delta-reg=0.0)...
Solving ridge regression (iterative, delta-reg=0.0)...
Solving ridge regression (iterative, delta-reg=0.0)...
[PnC diagnostic | calib] perturbation_scale=25.0
  Uncorrected shift (mean±std, 50 members): 4.4771 ± 0.1238
  Corrected   shift (mean±std, 50 members): 5429.8611 ± 13760.1193
  Correction reduction: -121181.3%

--- Results: PnC scale=25.0 ID Validation ---
Acc: 0.0992 | Brier: 1.4119 | Entropy: 0.9316 | NLL: 3.8119 | ECE: 0.6745

--- Results: PnC scale=25.0 ID Test ---
Acc: 0.1000 | Brier: 1.4105 | Entropy: 0.9313 | NLL: 3.7844 | ECE: 0.6742
[sweep] ridge_lam0 seed2 [ok] idacc=10.00 nearAUROC=68.92 nearFPR95=79.0 (834s)
[seed] Seeded everything with seed=2
CIFAR-10 loaded: train=(50000, 32, 32, 3), test=(10000, 32, 32, 3)
Solving ridge regression (iterative, delta-reg=0.0001)...
Solving ridge regression (iterative, delta-reg=0.0001)...
Solving ridge regression (iterative, delta-reg=0.0001)...
Solving ridge regression (iterative, delta-reg=0.0001)...
Solving ridge regression (iterative, delta-reg=0.0001)...
Solving ridge regression (iterative, delta-reg=0.0001)...
Solving ridge regression (iterative, delta-reg=0.0001)...
Solving ridge regression (iterative, delta-reg=0.0001)...
Solving ridge regression (iterative, delta-reg=0.0001)...
Solving ridge regression (iterative, delta-reg=0.0001)...
Solving ridge regression (iterative, delta-reg=0.0001)...
Solving ridge regression (iterative, delta-reg=0.0001)...
Solving ridge regression (iterative, delta-reg=0.0001)...
Solving ridge regression (iterative, delta-reg=0.0001)...
Solving ridge regression (iterative, delta-reg=0.0001)...
Solving ridge regression (iterative, delta-reg=0.0001)...
Solving ridge regression (iterative, delta-reg=0.0001)...
Solving ridge regression (iterative, delta-reg=0.0001)...
Solving ridge regression (iterative, delta-reg=0.0001)...
Solving ridge regression (iterative, delta-reg=0.0001)...
Solving ridge regression (iterative, delta-reg=0.0001)...
Solving ridge regression (iterative, delta-reg=0.0001)...
Solving ridge regression (iterative, delta-reg=0.0001)...
Solving ridge regression (iterative, delta-reg=0.0001)...
Solving ridge regression (iterative, delta-reg=0.0001)...
Solving ridge regression (iterative, delta-reg=0.0001)...
Solving ridge regression (iterative, delta-reg=0.0001)...
Solving ridge regression (iterative, delta-reg=0.0001)...
Solving ridge regression (iterative, delta-reg=0.0001)...
Solving ridge regression (iterative, delta-reg=0.0001)...
Solving ridge regression (iterative, delta-reg=0.0001)...
Solving ridge regression (iterative, delta-reg=0.0001)...
Solving ridge regression (iterative, delta-reg=0.0001)...
Solving ridge regression (iterative, delta-reg=0.0001)...
Solving ridge regression (iterative, delta-reg=0.0001)...
Solving ridge regression (iterative, delta-reg=0.0001)...
Solving ridge regression (iterative, delta-reg=0.0001)...
Solving ridge regression (iterative, delta-reg=0.0001)...
Solving ridge regression (iterative, delta-reg=0.0001)...
Solving ridge regression (iterative, delta-reg=0.0001)...
Solving ridge regression (iterative, delta-reg=0.0001)...
Solving ridge regression (iterative, delta-reg=0.0001)...
Solving ridge regression (iterative, delta-reg=0.0001)...
Solving ridge regression (iterative, delta-reg=0.0001)...
Solving ridge regression (iterative, delta-reg=0.0001)...
Solving ridge regression (iterative, delta-reg=0.0001)...
Solving ridge regression (iterative, delta-reg=0.0001)...
Solving ridge regression (iterative, delta-reg=0.0001)...
Solving ridge regression (iterative, delta-reg=0.0001)...
Solving ridge regression (iterative, delta-reg=0.0001)...
[PnC diagnostic | calib] perturbation_scale=25.0
  Uncorrected shift (mean±std, 50 members): 4.4771 ± 0.1238
  Corrected   shift (mean±std, 50 members): 2.6095 ± 0.1666
  Correction reduction: 41.7%

--- Results: PnC scale=25.0 ID Validation ---
Acc: 0.9310 | Brier: 0.1133 | Entropy: 0.3776 | NLL: 0.2708 | ECE: 0.0546

--- Results: PnC scale=25.0 ID Test ---
Acc: 0.9316 | Brier: 0.1131 | Entropy: 0.3762 | NLL: 0.2662 | ECE: 0.0535
[sweep] ridge_lam0.0001 seed2 [ok] idacc=93.16 nearAUROC=90.20 nearFPR95=37.1 (830s)
[sweep] skip ridge_lam0.001 seed2 (cached)
[seed] Seeded everything with seed=2
CIFAR-10 loaded: train=(50000, 32, 32, 3), test=(10000, 32, 32, 3)
Solving ridge regression (iterative, delta-reg=0.01)...
Solving ridge regression (iterative, delta-reg=0.01)...
Solving ridge regression (iterative, delta-reg=0.01)...
Solving ridge regression (iterative, delta-reg=0.01)...
Solving ridge regression (iterative, delta-reg=0.01)...
Solving ridge regression (iterative, delta-reg=0.01)...
Solving ridge regression (iterative, delta-reg=0.01)...
Solving ridge regression (iterative, delta-reg=0.01)...
Solving ridge regression (iterative, delta-reg=0.01)...
Solving ridge regression (iterative, delta-reg=0.01)...
Solving ridge regression (iterative, delta-reg=0.01)...
Solving ridge regression (iterative, delta-reg=0.01)...
Solving ridge regression (iterative, delta-reg=0.01)...
Solving ridge regression (iterative, delta-reg=0.01)...
Solving ridge regression (iterative, delta-reg=0.01)...
Solving ridge regression (iterative, delta-reg=0.01)...
Solving ridge regression (iterative, delta-reg=0.01)...
Solving ridge regression (iterative, delta-reg=0.01)...
Solving ridge regression (iterative, delta-reg=0.01)...
Solving ridge regression (iterative, delta-reg=0.01)...
Solving ridge regression (iterative, delta-reg=0.01)...
Solving ridge regression (iterative, delta-reg=0.01)...
Solving ridge regression (iterative, delta-reg=0.01)...
Solving ridge regression (iterative, delta-reg=0.01)...
Solving ridge regression (iterative, delta-reg=0.01)...
Solving ridge regression (iterative, delta-reg=0.01)...
Solving ridge regression (iterative, delta-reg=0.01)...
Solving ridge regression (iterative, delta-reg=0.01)...
Solving ridge regression (iterative, delta-reg=0.01)...
Solving ridge regression (iterative, delta-reg=0.01)...
Solving ridge regression (iterative, delta-reg=0.01)...
Solving ridge regression (iterative, delta-reg=0.01)...
Solving ridge regression (iterative, delta-reg=0.01)...
Solving ridge regression (iterative, delta-reg=0.01)...
Solving ridge regression (iterative, delta-reg=0.01)...
Solving ridge regression (iterative, delta-reg=0.01)...
Solving ridge regression (iterative, delta-reg=0.01)...
Solving ridge regression (iterative, delta-reg=0.01)...
Solving ridge regression (iterative, delta-reg=0.01)...
Solving ridge regression (iterative, delta-reg=0.01)...
Solving ridge regression (iterative, delta-reg=0.01)...
Solving ridge regression (iterative, delta-reg=0.01)...
Solving ridge regression (iterative, delta-reg=0.01)...
Solving ridge regression (iterative, delta-reg=0.01)...
Solving ridge regression (iterative, delta-reg=0.01)...
Solving ridge regression (iterative, delta-reg=0.01)...
Solving ridge regression (iterative, delta-reg=0.01)...
Solving ridge regression (iterative, delta-reg=0.01)...
Solving ridge regression (iterative, delta-reg=0.01)...
Solving ridge regression (iterative, delta-reg=0.01)...
[PnC diagnostic | calib] perturbation_scale=25.0
  Uncorrected shift (mean±std, 50 members): 4.4771 ± 0.1238
  Corrected   shift (mean±std, 50 members): 1.2074 ± 0.0087
  Correction reduction: 73.0%

--- Results: PnC scale=25.0 ID Validation ---
Acc: 0.9564 | Brier: 0.0644 | Entropy: 0.1311 | NLL: 0.1313 | ECE: 0.0066

--- Results: PnC scale=25.0 ID Test ---
Acc: 0.9538 | Brier: 0.0672 | Entropy: 0.1283 | NLL: 0.1416 | ECE: 0.0057
[sweep] ridge_lam0.01 seed2 [ok] idacc=95.38 nearAUROC=91.43 nearFPR95=33.1 (830s)
[seed] Seeded everything with seed=2
CIFAR-10 loaded: train=(50000, 32, 32, 3), test=(10000, 32, 32, 3)
Solving ridge regression (iterative, delta-reg=0.1)...
Solving ridge regression (iterative, delta-reg=0.1)...
Solving ridge regression (iterative, delta-reg=0.1)...
Solving ridge regression (iterative, delta-reg=0.1)...
Solving ridge regression (iterative, delta-reg=0.1)...
Solving ridge regression (iterative, delta-reg=0.1)...
Solving ridge regression (iterative, delta-reg=0.1)...
Solving ridge regression (iterative, delta-reg=0.1)...
Solving ridge regression (iterative, delta-reg=0.1)...
Solving ridge regression (iterative, delta-reg=0.1)...
Solving ridge regression (iterative, delta-reg=0.1)...
Solving ridge regression (iterative, delta-reg=0.1)...
Solving ridge regression (iterative, delta-reg=0.1)...
Solving ridge regression (iterative, delta-reg=0.1)...
Solving ridge regression (iterative, delta-reg=0.1)...
Solving ridge regression (iterative, delta-reg=0.1)...
Solving ridge regression (iterative, delta-reg=0.1)...
Solving ridge regression (iterative, delta-reg=0.1)...
Solving ridge regression (iterative, delta-reg=0.1)...
Solving ridge regression (iterative, delta-reg=0.1)...
Solving ridge regression (iterative, delta-reg=0.1)...
Solving ridge regression (iterative, delta-reg=0.1)...
Solving ridge regression (iterative, delta-reg=0.1)...
Solving ridge regression (iterative, delta-reg=0.1)...
Solving ridge regression (iterative, delta-reg=0.1)...
Solving ridge regression (iterative, delta-reg=0.1)...
Solving ridge regression (iterative, delta-reg=0.1)...
Solving ridge regression (iterative, delta-reg=0.1)...
Solving ridge regression (iterative, delta-reg=0.1)...
Solving ridge regression (iterative, delta-reg=0.1)...
Solving ridge regression (iterative, delta-reg=0.1)...
Solving ridge regression (iterative, delta-reg=0.1)...
Solving ridge regression (iterative, delta-reg=0.1)...
Solving ridge regression (iterative, delta-reg=0.1)...
Solving ridge regression (iterative, delta-reg=0.1)...
Solving ridge regression (iterative, delta-reg=0.1)...
Solving ridge regression (iterative, delta-reg=0.1)...
Solving ridge regression (iterative, delta-reg=0.1)...
Solving ridge regression (iterative, delta-reg=0.1)...
Solving ridge regression (iterative, delta-reg=0.1)...
Solving ridge regression (iterative, delta-reg=0.1)...
Solving ridge regression (iterative, delta-reg=0.1)...
Solving ridge regression (iterative, delta-reg=0.1)...
Solving ridge regression (iterative, delta-reg=0.1)...
Solving ridge regression (iterative, delta-reg=0.1)...
Solving ridge regression (iterative, delta-reg=0.1)...
Solving ridge regression (iterative, delta-reg=0.1)...
Solving ridge regression (iterative, delta-reg=0.1)...
Solving ridge regression (iterative, delta-reg=0.1)...
Solving ridge regression (iterative, delta-reg=0.1)...
[PnC diagnostic | calib] perturbation_scale=25.0
  Uncorrected shift (mean±std, 50 members): 4.4771 ± 0.1238
  Corrected   shift (mean±std, 50 members): 1.2055 ± 0.0088
  Correction reduction: 73.1%

--- Results: PnC scale=25.0 ID Validation ---
Acc: 0.9564 | Brier: 0.0644 | Entropy: 0.1310 | NLL: 0.1313 | ECE: 0.0066

--- Results: PnC scale=25.0 ID Test ---
Acc: 0.9537 | Brier: 0.0672 | Entropy: 0.1282 | NLL: 0.1416 | ECE: 0.0058
[sweep] ridge_lam0.1 seed2 [ok] idacc=95.37 nearAUROC=91.43 nearFPR95=33.0 (836s)
[seed] Seeded everything with seed=2
CIFAR-10 loaded: train=(50000, 32, 32, 3), test=(10000, 32, 32, 3)
Solving ridge regression (iterative, delta-reg=1.0)...
Solving ridge regression (iterative, delta-reg=1.0)...
Solving ridge regression (iterative, delta-reg=1.0)...
Solving ridge regression (iterative, delta-reg=1.0)...
Solving ridge regression (iterative, delta-reg=1.0)...
Solving ridge regression (iterative, delta-reg=1.0)...
Solving ridge regression (iterative, delta-reg=1.0)...
Solving ridge regression (iterative, delta-reg=1.0)...
Solving ridge regression (iterative, delta-reg=1.0)...
Solving ridge regression (iterative, delta-reg=1.0)...
Solving ridge regression (iterative, delta-reg=1.0)...
Solving ridge regression (iterative, delta-reg=1.0)...
Solving ridge regression (iterative, delta-reg=1.0)...
Solving ridge regression (iterative, delta-reg=1.0)...
Solving ridge regression (iterative, delta-reg=1.0)...
Solving ridge regression (iterative, delta-reg=1.0)...
Solving ridge regression (iterative, delta-reg=1.0)...
Solving ridge regression (iterative, delta-reg=1.0)...
Solving ridge regression (iterative, delta-reg=1.0)...
Solving ridge regression (iterative, delta-reg=1.0)...
Solving ridge regression (iterative, delta-reg=1.0)...
Solving ridge regression (iterative, delta-reg=1.0)...
Solving ridge regression (iterative, delta-reg=1.0)...
Solving ridge regression (iterative, delta-reg=1.0)...
Solving ridge regression (iterative, delta-reg=1.0)...
Solving ridge regression (iterative, delta-reg=1.0)...
Solving ridge regression (iterative, delta-reg=1.0)...
Solving ridge regression (iterative, delta-reg=1.0)...
Solving ridge regression (iterative, delta-reg=1.0)...
Solving ridge regression (iterative, delta-reg=1.0)...
Solving ridge regression (iterative, delta-reg=1.0)...
Solving ridge regression (iterative, delta-reg=1.0)...
Solving ridge regression (iterative, delta-reg=1.0)...
Solving ridge regression (iterative, delta-reg=1.0)...
Solving ridge regression (iterative, delta-reg=1.0)...
Solving ridge regression (iterative, delta-reg=1.0)...
Solving ridge regression (iterative, delta-reg=1.0)...
Solving ridge regression (iterative, delta-reg=1.0)...
Solving ridge regression (iterative, delta-reg=1.0)...
Solving ridge regression (iterative, delta-reg=1.0)...
Solving ridge regression (iterative, delta-reg=1.0)...
Solving ridge regression (iterative, delta-reg=1.0)...
Solving ridge regression (iterative, delta-reg=1.0)...
Solving ridge regression (iterative, delta-reg=1.0)...
Solving ridge regression (iterative, delta-reg=1.0)...
Solving ridge regression (iterative, delta-reg=1.0)...
Solving ridge regression (iterative, delta-reg=1.0)...
Solving ridge regression (iterative, delta-reg=1.0)...
Solving ridge regression (iterative, delta-reg=1.0)...
Solving ridge regression (iterative, delta-reg=1.0)...
[PnC diagnostic | calib] perturbation_scale=25.0
  Uncorrected shift (mean±std, 50 members): 4.4771 ± 0.1238
  Corrected   shift (mean±std, 50 members): 1.1968 ± 0.0090
  Correction reduction: 73.3%

--- Results: PnC scale=25.0 ID Validation ---
Acc: 0.9564 | Brier: 0.0643 | Entropy: 0.1309 | NLL: 0.1312 | ECE: 0.0065

--- Results: PnC scale=25.0 ID Test ---
Acc: 0.9536 | Brier: 0.0671 | Entropy: 0.1281 | NLL: 0.1415 | ECE: 0.0067
[sweep] ridge_lam1 seed2 [ok] idacc=95.36 nearAUROC=91.44 nearFPR95=33.1 (825s)
[seed] Seeded everything with seed=2
CIFAR-10 loaded: train=(50000, 32, 32, 3), test=(10000, 32, 32, 3)
Solving ridge regression (iterative, delta-reg=0.001)...
Solving ridge regression (iterative, delta-reg=0.001)...
Solving ridge regression (iterative, delta-reg=0.001)...
Solving ridge regression (iterative, delta-reg=0.001)...
Solving ridge regression (iterative, delta-reg=0.001)...
Solving ridge regression (iterative, delta-reg=0.001)...
Solving ridge regression (iterative, delta-reg=0.001)...
Solving ridge regression (iterative, delta-reg=0.001)...
Solving ridge regression (iterative, delta-reg=0.001)...
Solving ridge regression (iterative, delta-reg=0.001)...
Solving ridge regression (iterative, delta-reg=0.001)...
Solving ridge regression (iterative, delta-reg=0.001)...
Solving ridge regression (iterative, delta-reg=0.001)...
Solving ridge regression (iterative, delta-reg=0.001)...
Solving ridge regression (iterative, delta-reg=0.001)...
Solving ridge regression (iterative, delta-reg=0.001)...
Solving ridge regression (iterative, delta-reg=0.001)...
Solving ridge regression (iterative, delta-reg=0.001)...
Solving ridge regression (iterative, delta-reg=0.001)...
Solving ridge regression (iterative, delta-reg=0.001)...
Solving ridge regression (iterative, delta-reg=0.001)...
Solving ridge regression (iterative, delta-reg=0.001)...
Solving ridge regression (iterative, delta-reg=0.001)...
Solving ridge regression (iterative, delta-reg=0.001)...
Solving ridge regression (iterative, delta-reg=0.001)...
Solving ridge regression (iterative, delta-reg=0.001)...
Solving ridge regression (iterative, delta-reg=0.001)...
Solving ridge regression (iterative, delta-reg=0.001)...
Solving ridge regression (iterative, delta-reg=0.001)...
Solving ridge regression (iterative, delta-reg=0.001)...
Solving ridge regression (iterative, delta-reg=0.001)...
Solving ridge regression (iterative, delta-reg=0.001)...
Solving ridge regression (iterative, delta-reg=0.001)...
Solving ridge regression (iterative, delta-reg=0.001)...
Solving ridge regression (iterative, delta-reg=0.001)...
Solving ridge regression (iterative, delta-reg=0.001)...
Solving ridge regression (iterative, delta-reg=0.001)...
Solving ridge regression (iterative, delta-reg=0.001)...
Solving ridge regression (iterative, delta-reg=0.001)...
Solving ridge regression (iterative, delta-reg=0.001)...
Solving ridge regression (iterative, delta-reg=0.001)...
Solving ridge regression (iterative, delta-reg=0.001)...
Solving ridge regression (iterative, delta-reg=0.001)...
Solving ridge regression (iterative, delta-reg=0.001)...
Solving ridge regression (iterative, delta-reg=0.001)...
Solving ridge regression (iterative, delta-reg=0.001)...
Solving ridge regression (iterative, delta-reg=0.001)...
Solving ridge regression (iterative, delta-reg=0.001)...
Solving ridge regression (iterative, delta-reg=0.001)...
Solving ridge regression (iterative, delta-reg=0.001)...
[PnC diagnostic | calib] perturbation_scale=25.0
  Uncorrected shift (mean±std, 50 members): 39.3535 ± 2.7160
  Corrected   shift (mean±std, 50 members): 5.5658 ± 0.0726
  Correction reduction: 85.9%

--- Results: PnC scale=25.0 ID Validation ---
Acc: 0.9492 | Brier: 0.0732 | Entropy: 0.1468 | NLL: 0.1534 | ECE: 0.0090

--- Results: PnC scale=25.0 ID Test ---
Acc: 0.9511 | Brier: 0.0721 | Entropy: 0.1489 | NLL: 0.1515 | ECE: 0.0074
[sweep] block_s1b0 seed2 [ok] idacc=95.11 nearAUROC=89.39 nearFPR95=45.6 (871s)
[seed] Seeded everything with seed=2
CIFAR-10 loaded: train=(50000, 32, 32, 3), test=(10000, 32, 32, 3)
Solving ridge regression (iterative, delta-reg=0.001)...
Solving ridge regression (iterative, delta-reg=0.001)...
Solving ridge regression (iterative, delta-reg=0.001)...
Solving ridge regression (iterative, delta-reg=0.001)...
Solving ridge regression (iterative, delta-reg=0.001)...
Solving ridge regression (iterative, delta-reg=0.001)...
Solving ridge regression (iterative, delta-reg=0.001)...
Solving ridge regression (iterative, delta-reg=0.001)...
Solving ridge regression (iterative, delta-reg=0.001)...
Solving ridge regression (iterative, delta-reg=0.001)...
Solving ridge regression (iterative, delta-reg=0.001)...
Solving ridge regression (iterative, delta-reg=0.001)...
Solving ridge regression (iterative, delta-reg=0.001)...
Solving ridge regression (iterative, delta-reg=0.001)...
Solving ridge regression (iterative, delta-reg=0.001)...
Solving ridge regression (iterative, delta-reg=0.001)...
Solving ridge regression (iterative, delta-reg=0.001)...
Solving ridge regression (iterative, delta-reg=0.001)...
Solving ridge regression (iterative, delta-reg=0.001)...
Solving ridge regression (iterative, delta-reg=0.001)...
Solving ridge regression (iterative, delta-reg=0.001)...
Solving ridge regression (iterative, delta-reg=0.001)...
Solving ridge regression (iterative, delta-reg=0.001)...
Solving ridge regression (iterative, delta-reg=0.001)...
Solving ridge regression (iterative, delta-reg=0.001)...
Solving ridge regression (iterative, delta-reg=0.001)...
Solving ridge regression (iterative, delta-reg=0.001)...
Solving ridge regression (iterative, delta-reg=0.001)...
Solving ridge regression (iterative, delta-reg=0.001)...
Solving ridge regression (iterative, delta-reg=0.001)...
Solving ridge regression (iterative, delta-reg=0.001)...
Solving ridge regression (iterative, delta-reg=0.001)...
Solving ridge regression (iterative, delta-reg=0.001)...
Solving ridge regression (iterative, delta-reg=0.001)...
Solving ridge regression (iterative, delta-reg=0.001)...
Solving ridge regression (iterative, delta-reg=0.001)...
Solving ridge regression (iterative, delta-reg=0.001)...
Solving ridge regression (iterative, delta-reg=0.001)...
Solving ridge regression (iterative, delta-reg=0.001)...
Solving ridge regression (iterative, delta-reg=0.001)...
Solving ridge regression (iterative, delta-reg=0.001)...
Solving ridge regression (iterative, delta-reg=0.001)...
Solving ridge regression (iterative, delta-reg=0.001)...
Solving ridge regression (iterative, delta-reg=0.001)...
Solving ridge regression (iterative, delta-reg=0.001)...
Solving ridge regression (iterative, delta-reg=0.001)...
Solving ridge regression (iterative, delta-reg=0.001)...
Solving ridge regression (iterative, delta-reg=0.001)...
Solving ridge regression (iterative, delta-reg=0.001)...
Solving ridge regression (iterative, delta-reg=0.001)...
[PnC diagnostic | calib] perturbation_scale=25.0
  Uncorrected shift (mean±std, 50 members): 21.1172 ± 0.7243
  Corrected   shift (mean±std, 50 members): 4.5930 ± 0.1409
  Correction reduction: 78.3%

--- Results: PnC scale=25.0 ID Validation ---
Acc: 0.9486 | Brier: 0.0749 | Entropy: 0.1522 | NLL: 0.1545 | ECE: 0.0075

--- Results: PnC scale=25.0 ID Test ---
Acc: 0.9459 | Brier: 0.0791 | Entropy: 0.1571 | NLL: 0.1627 | ECE: 0.0050
[sweep] block_s2b1 seed2 [ok] idacc=94.59 nearAUROC=89.27 nearFPR95=39.3 (862s)
[sweep] skip block_s3b0 seed2 (cached)
